Godot Engine v4.7.2.stable.official.ed1daf0bf - https://godotengine.org

[MainController] 常驻根就绪：Main / World / UILayer(CanvasLayer) + FadeMask —— 架构 A4
[SceneRouter] 受理切换 -> res://scenes/maps/town.tscn
[Player] 就绪：脚底原点 / 72px/s / 0.15s 转向缓冲 / FLOATING 运动模式 / 输入锁就位 / 行走图 M1
[SchemaValidator] 跳过非事件 schema 文件（顶层无 events 键）：res://data/json/events/chests.json
[SchemaValidator] 跳过非事件 schema 文件（顶层无 events 键）：res://data/json/events/investigates.json
[SchemaValidator] 跳过非事件 schema 文件（顶层无 events 键）：res://data/json/events/teleports.json
[EventLoader] 加载完成：10 文件 / 23 事件（失败 0）
[MapEvents] town 装配完成：宝箱 1 + 调查 6
[TeleportAssembler] town 装配完成：传送触发器 5 处
[TownMap] P0 开局锚点装配完成：Evt_P0_Opening → 事件 story_p0_intro（踩踏@(192.0, 640.0)）
[TownMap] 地图名 HUD 装配完成（MapNameHud 常驻）
[TownMap] 任务目标 HUD 装配完成（QuestObjectiveHud 常驻）
[AutosaveNotifier] town 无存档意图（启动装载/同图传送），跳过写盘
[MapLighting] Map_Town 光照装配完成：Tint=有 + 静态光 7 处（呼吸 3）+ 随身光=有
[SceneRouter] 装载完成 -> res://scenes/maps/town.tscn
[DialogueRunner] 开演：story_p0_intro（51 条目）
[EventExecutor] set_flag story_p0_seen（flags={ "story_p0_seen": true }）
[EventExecutor] save_point：已发存档请求（story_p0_intro）
[TriggerEventShell] Evt_P0_Opening 已发射事件 story_p0_intro
ERROR: BUG: Unreferenced static string to 0: Physics2DConstraintSolveIslands
   at: unref (core/string/string_name.cpp:118)
ERROR: BUG: Unreferenced static string to 0: Physics2DConstraintSetup
   at: unref (core/string/string_name.cpp:118)
ERROR: BUG: Unreferenced static string to 0: NavMapBuilder2D
   at: unref (core/string/string_name.cpp:118)
ERROR: BUG: Unreferenced static string to 0: _draw_rect_region
   at: unref (core/string/string_name.cpp:118)
ERROR: BUG: Unreferenced static string to 0: _update_cells
   at: unref (core/string/string_name.cpp:118)
ERROR: BUG: Unreferenced static string to 0: _use_tile_data_runtime_update
   at: unref (core/string/string_name.cpp:118)
ERROR: BUG: Unreferenced static string to 0: _exit_tree
   at: unref (core/string/string_name.cpp:118)
ERROR: BUG: Unreferenced static string to 0: _draw
   at: unref (core/string/string_name.cpp:118)
ERROR: BUG: Unreferenced static string to 0: .
   at: unref (core/string/string_name.cpp:118)
ERROR: BUG: Unreferenced static string to 0: _unhandled_key_input
   at: unref (core/string/string_name.cpp:118)
ERROR: BUG: Unreferenced static string to 0: _shortcut_input
   at: unref (core/string/string_name.cpp:118)
ERROR: BUG: Unreferenced static string to 0: _input
   at: unref (core/string/string_name.cpp:118)
ERROR: BUG: Unreferenced static string to 0: _enter_tree
   at: unref (core/string/string_name.cpp:118)
ERROR: BUG: Unreferenced static string to 0: _initialize
   at: unref (core/string/string_name.cpp:118)
ERROR: BUG: Unreferenced static string to 0: _shaped_text_get_line_breaks
   at: unref (core/string/string_name.cpp:118)
ERROR: BUG: Unreferenced static string to 0: _get_minimum_size
   at: unref (core/string/string_name.cpp:118)
ERROR: BUG: Unreferenced static string to 0: _get_maximum_size
   at: unref (core/string/string_name.cpp:118)
ERROR: BUG: Unreferenced static string to 0: Variant
   at: unref (core/string/string_name.cpp:118)
ERROR: BUG: Unreferenced static string to 0: _set_path_cache
   at: unref (core/string/string_name.cpp:118)
ERROR: BUG: Unreferenced static string to 0: _exists
   at: unref (core/string/string_name.cpp:118)
ERROR: BUG: Unreferenced static string to 0: _recognize_path
   at: unref (core/string/string_name.cpp:118)
ERROR: BUG: Unreferenced static string to 0: @warning_ignore_restore
   at: unref (core/string/string_name.cpp:118)
ERROR: BUG: Unreferenced static string to 0: @warning_ignore_start
   at: unref (core/string/string_name.cpp:118)
ERROR: BUG: Unreferenced static string to 0: @warning_ignore
   at: unref (core/string/string_name.cpp:118)
ERROR: BUG: Unreferenced static string to 0: @export_flags
   at: unref (core/string/string_name.cpp:118)
ERROR: BUG: Unreferenced static string to 0: @export_node_path
   at: unref (core/string/string_name.cpp:118)
ERROR: BUG: Unreferenced static string to 0: @export_range
   at: unref (core/string/string_name.cpp:118)
ERROR: BUG: Unreferenced static string to 0: @export_placeholder
   at: unref (core/string/string_name.cpp:118)
ERROR: BUG: Unreferenced static string to 0: @export_multiline
   at: unref (core/string/string_name.cpp:118)
ERROR: BUG: Unreferenced static string to 0: @export_enum
   at: unref (core/string/string_name.cpp:118)
ERROR: BUG: Unreferenced static string to 0: @export
   at: unref (core/string/string_name.cpp:118)
ERROR: BUG: Unreferenced static string to 0: @icon
   at: unref (core/string/string_name.cpp:118)
ERROR: 1 RID allocations of type 'PN13RichTextLabel4ItemE' were leaked at exit.
ERROR: 7 RID allocations of type '23NavMeshGeometryParser2D' were leaked at exit.
ERROR: 6 RID allocations of type '23NavMeshGeometryParser3D' were leaked at exit.
ERROR: Pages in use exist at exit in PagedAllocator: N12VariantPools11BucketLargeE
   at: ~PagedAllocator (./core/templates/paged_allocator.h:170)
