Godot Engine v4.7.2.stable.official.ed1daf0bf - https://godotengine.org

[B01] === 生产装配冒烟：任务目标 HUD + 告示板提示 ===
[Player] 就绪：脚底原点 / 72px/s / 0.15s 转向缓冲 / FLOATING 运动模式 / 输入锁就位 / 行走图 M1
[SchemaValidator] 跳过非事件 schema 文件（顶层无 events 键）：res://data/json/events/chests.json
[SchemaValidator] 跳过非事件 schema 文件（顶层无 events 键）：res://data/json/events/investigates.json
[SchemaValidator] 跳过非事件 schema 文件（顶层无 events 键）：res://data/json/events/teleports.json
[EventLoader] 加载完成：10 文件 / 23 事件（失败 0）
[MapEvents] town 装配完成：宝箱 1 + 调查 6
[TeleportAssembler] town 装配完成：传送触发器 5 处
[TownMap] 非生产启动语境（current_scene=B01Smoke），P0 锚点不接线
[TownMap] 地图名 HUD 装配完成（MapNameHud 常驻）
[TownMap] 任务目标 HUD 装配完成（QuestObjectiveHud 常驻）
[AutosaveNotifier] town 无存档意图（启动装载/同图传送），跳过写盘
[MapLighting] Map_Town 光照装配完成：Tint=有 + 静态光 7 处（呼吸 3）+ 随身光=有
[Player] 就绪：脚底原点 / 72px/s / 0.15s 转向缓冲 / FLOATING 运动模式 / 输入锁就位 / 行走图 M1
[SchemaValidator] 跳过非事件 schema 文件（顶层无 events 键）：res://data/json/events/chests.json
[SchemaValidator] 跳过非事件 schema 文件（顶层无 events 键）：res://data/json/events/investigates.json
[SchemaValidator] 跳过非事件 schema 文件（顶层无 events 键）：res://data/json/events/teleports.json
[EventLoader] 加载完成：10 文件 / 23 事件（失败 0）
[MapEvents] town 装配完成：宝箱 1 + 调查 6
[TeleportAssembler] town 装配完成：传送触发器 5 处
[TownMap] 非生产启动语境（current_scene=B01Smoke），P0 锚点不接线
[TownMap] 地图名 HUD 装配完成（MapNameHud 常驻）
[TownMap] 任务目标 HUD 装配完成（QuestObjectiveHud 常驻）
[AutosaveNotifier] town 无存档意图（启动装载/同图传送），跳过写盘
[MapLighting] Map_Town 光照装配完成：Tint=有 + 静态光 7 处（呼吸 3）+ 随身光=有
[B01] SMOKE ALL PASS (4/4)
