Godot Engine v4.7.2.stable.official.ed1daf0bf - https://godotengine.org

=== O5 smoke start ===
current_scene = Main
[VisibleEnemy] 就绪：ruins_f1_salamander（编组 b3_ruin_mix）巡逻点 2 个 初始态 PATROL
[VisibleEnemy] 就绪：ruins_f1_crystal（编组 b3_ruin_mix）巡逻点 2 个 初始态 PATROL
[Player] 就绪：脚底原点 / 72px/s / 0.15s 转向缓冲 / FLOATING 运动模式 / 输入锁就位 / 行走图 M1
[MapEvents] ruins_f1 装配完成：宝箱 3 + 调查 4
[TeleportAssembler] ruins_f1 装配完成：传送触发器 2 处
[AutosaveNotifier] ruins_f1 无存档意图（启动装载/同图传送），跳过写盘
[SchemaValidator] 跳过非事件 schema 文件（顶层无 events 键）：res://data/json/events/chests.json
[SchemaValidator] 跳过非事件 schema 文件（顶层无 events 键）：res://data/json/events/investigates.json
[SchemaValidator] 跳过非事件 schema 文件（顶层无 events 键）：res://data/json/events/teleports.json
[EventLoader] 加载完成：10 文件 / 23 事件（失败 0）
[RuinsF1Map] 入口剧情锚点装配完成：Evt_Ruin_Enter -> 事件 story_ruin_enter（踩踏@(448.0, 56.0)）
[EventExecutor] story_ruin_enter 条件不满足，跳过
[TriggerEventShell] Evt_Ruin_Enter 已发射事件 story_ruin_enter
PASS: 生产语境入口锚已装配 @(448.0, 56.0)
PASS: new_event_id = story_ruin_enter
PASS: collision_mask = 16
PASS: collision_layer = 0
PASS: ruin_enter_anchor 成员已回填
[SchemaValidator] 跳过非事件 schema 文件（顶层无 events 键）：res://data/json/events/chests.json
[SchemaValidator] 跳过非事件 schema 文件（顶层无 events 键）：res://data/json/events/investigates.json
[SchemaValidator] 跳过非事件 schema 文件（顶层无 events 键）：res://data/json/events/teleports.json
[EventLoader] 加载完成：10 文件 / 23 事件（失败 0）
PASS: 事件表已登记 story_ruin_enter
PASS: phase=0 门闸拦截
PASS: phase=1 门闸放行
SMOKE_RESULT: ALL PASS
