Godot Engine v4.7.2.stable.official.ed1daf0bf - https://godotengine.org

=== STORY CHAIN REPRO (R-1 断点诊断) ===
[Player] 就绪：脚底原点 / 72px/s / 0.15s 转向缓冲 / FLOATING 运动模式 / 输入锁就位 / 行走图 M1
[SchemaValidator] 跳过非事件 schema 文件（顶层无 events 键）：res://data/json/events/chests.json
[SchemaValidator] 跳过非事件 schema 文件（顶层无 events 键）：res://data/json/events/investigates.json
[SchemaValidator] 跳过非事件 schema 文件（顶层无 events 键）：res://data/json/events/teleports.json
[EventLoader] 加载完成：10 文件 / 23 事件（失败 0）
[MapEvents] town 装配完成：宝箱 1 + 调查 6
[TeleportAssembler] town 装配完成：传送触发器 5 处
[TownMap] 已有存档（has_save=true），P0 锚点不接线（GDD 首次启动口径）
[TownMap] 地图名 HUD 装配完成（MapNameHud 常驻）
[AutosaveNotifier] town 无存档意图（启动装载/同图传送），跳过写盘
[MapLighting] Map_Town 光照装配完成：Tint=有 + 静态光 7 处（呼吸 3）+ 随身光=有
[DialogueRunner] 开演：story_p1_dispatch（55 条目）
[EventExecutor] set_story_phase -> 1（story_quest_accept）
PASS: town 告示板 -> story_quest_accept -> phase=1
[VisibleEnemy] 就绪：ruins_f1_salamander（编组 b3_ruin_mix）巡逻点 2 个 初始态 PATROL
[VisibleEnemy] 就绪：ruins_f1_crystal（编组 b3_ruin_mix）巡逻点 2 个 初始态 PATROL
[Player] 就绪：脚底原点 / 72px/s / 0.15s 转向缓冲 / FLOATING 运动模式 / 输入锁就位 / 行走图 M1
[MapEvents] ruins_f1 装配完成：宝箱 3 + 调查 4
[TeleportAssembler] ruins_f1 装配完成：传送触发器 2 处
[AutosaveNotifier] ruins_f1 无存档意图（启动装载/同图传送），跳过写盘
[SchemaValidator] 跳过非事件 schema 文件（顶层无 events 键）：res://data/json/events/chests.json
[SchemaValidator] 跳过非事件 schema 文件（顶层无 events 键）：res://data/json/events/investigates.json
[SchemaValidator] 跳过非事件 schema 文件（顶层无 events 键）：res://data/json/events/teleports.json
[EventLoader] 加载完成：10 文件 / 23 事件（失败 0）
[RuinsF1Map] 入口剧情锚点装配完成：Evt_Ruin_Enter -> 事件 story_ruin_enter（踩踏@(448.0, 56.0)）
[EventExecutor] 对话运行器未注入，dialogue "story_p2_ruin_enter" 跳过（story_ruin_enter）
[EventExecutor] set_story_phase -> 2（story_ruin_enter）
[TriggerEventShell] Evt_Ruin_Enter 已发射事件 story_ruin_enter
[EventExecutor] story_ruin_enter 条件不满足，跳过
[TriggerEventShell] Evt_Ruin_Enter 已发射事件 story_ruin_enter
PASS: f1 锚 gate 拦截 phase=0（P1 前不开演）
[EventExecutor] 对话运行器未注入，dialogue "story_p2_ruin_enter" 跳过（story_ruin_enter）
[EventExecutor] set_story_phase -> 2（story_ruin_enter）
[TriggerEventShell] Evt_Ruin_Enter 已发射事件 story_ruin_enter
PASS: f1 入口锚 -> story_ruin_enter -> phase=2
[Player] 就绪：脚底原点 / 72px/s / 0.15s 转向缓冲 / FLOATING 运动模式 / 输入锁就位 / 行走图 M1
[MapEvents] ruins_f3 装配完成：宝箱 1 + 调查 2
[TeleportAssembler] ruins_f3 装配完成：传送触发器 1 处
[AutosaveNotifier] ruins_f3 无存档意图（启动装载/同图传送），跳过写盘
[SchemaValidator] 跳过非事件 schema 文件（顶层无 events 键）：res://data/json/events/chests.json
[SchemaValidator] 跳过非事件 schema 文件（顶层无 events 键）：res://data/json/events/investigates.json
[SchemaValidator] 跳过非事件 schema 文件（顶层无 events 键）：res://data/json/events/teleports.json
[EventLoader] 加载完成：10 文件 / 23 事件（失败 0）
[RuinsF3Map] Boss 锚点装配完成：story_boss_pre（交互键，事件 story_boss_pre）
[EventExecutor] story_boss_pre 条件不满足，跳过
[TriggerEventShell] boss_anchor_Boss_ruins_f3_trigger_01 已发射事件 story_boss_pre
PASS: f3 锚 gate 拦截 phase=1（Boss 前需先入遗迹）
[DialogueRunner] 开演：story_p3_boss_front（2 条目）
[SceneRouter] 事件战斗载荷经桥转发处理，本端跳过（防双切换竞态）
[EventExecutor] battle b5_core（story_boss_pre）：payload 已发，事件流自下标 2 起挂起（胜利续行段 3 动作）
[TriggerEventShell] boss_anchor_Boss_ruins_f3_trigger_01 已发射事件 story_boss_pre
PASS: f3 棺前锚 -> story_boss_pre -> 战斗 b5_core 触发
PASS: boss 战前 phase 保持 2（胜利后续行段含 ->3）
[DialogueRunner] 强制收束（读档安全，边缘 5）：弃 story_p3_boss_front → IDLE
REPRO_RESULT: ALL PASS —— 代码链无断点，R-1 story_phase=0 属引导缺位（玩家未接取任务）

---STDERR---
