Godot Engine v4.7.2.stable.official.ed1daf0bf - https://godotengine.org

---  GUT  ---
[1m[INFO]:  [0musing [C:/Users/user3667/AppData/Roaming/Godot/app_userdata/轨迹残响] for temporary output.
Godot version:  4.7.2
GUT version:  9.7.1
[4m

res://tests/gut/test_d3.gd
[0m* test_多敌场火球只命中选定甲虫且只结算一次
* test_重斩单体只命中选定目标
* test_未选目标时单体技能兜底首个存活敌方
* test_指定目标已死亡时兜底首个存活敌方
* test_无效target_slot时单体技能兜底首个存活敌方
* test_单体治疗只命中选定我方
* test_单体治疗未选目标时兜底首个存活我方
* test_群愈仍命中全体我方
* test_雷爆仍命中全体敌人且无视target_slot
* test_横扫仍命中全体敌人
* test_普攻仍按target_slot单体命中
* test_敌方单体攻击打首个存活我方
* test_敌方群体横扫仍打全体我方
[1m13/13 passed.
[0m[4m

res://tests/gut/test_e2s1.gd
[0m* test_队伍恰好三名角色
* test_角色字段齐全且类型正确
* test_角色初始数值与战斗GDD一致
* test_职业构成剑士术士辅助各一
* test_角色记录是Resource子类而非裸Dictionary
* test_GameData_源码零IO函数
* test_GameData_新队伍字段仍有类型标注
* test_面板场景可实例化且根节点是CanvasLayer
* test_面板控件树不拦截鼠标输入
* test_面板挂载于UILayer子树而非World
* test_面板刷新不重建控件树
* test_toggle_开_关往返
* test_M键按下事件被判定为toggle
* test_M键事件驱动toggle_非_M_事件面板不动
[1m14/14 passed.
[0m[4m

res://tests/gut/test_e2s2.gd
[0m* test_巡逻恒速每帧位移与循环回卷
[VisibleEnemy] 就绪：e1（编组 g1）巡逻点 2 个 初始态 PATROL
* test_单点巡逻自动补全为两点往返
[VisibleEnemy] 就绪：e_single（编组 g1）巡逻点 2 个 初始态 PATROL
* test_巡逻到点吸附无过冲
[VisibleEnemy] 就绪：e2（编组 g1）巡逻点 2 个 初始态 PATROL
* test_空巡逻点驻守零移动
[VisibleEnemy] 就绪：e3（编组 g1）巡逻点 0 个 初始态 GUARD
* test_接触载荷四字段全部正确
[VisibleEnemy] 就绪：enemy_x_01（编组 slime_01）巡逻点 0 个 初始态 GUARD
[SceneRouter] 拒绝切换：未找到常驻根 Main/World（Router 依赖 A4 结构；请从 res://scenes/main.tscn 启动）
[VisibleEnemy] enemy_x_01 接触遇敌 -> slime_01（回置点 (200.0, 216.0)）
* test_回置点主导轴四向判定
[VisibleEnemy] 就绪：e_axis（编组 g1）巡逻点 0 个 初始态 GUARD
[SceneRouter] 拒绝切换：未找到常驻根 Main/World（Router 依赖 A4 结构；请从 res://scenes/main.tscn 启动）
[VisibleEnemy] e_axis 接触遇敌 -> g1（回置点 (216.0, 200.0)）
[VisibleEnemy] 就绪：e_axis（编组 g1）巡逻点 0 个 初始态 GUARD
[SceneRouter] 拒绝切换：未找到常驻根 Main/World（Router 依赖 A4 结构；请从 res://scenes/main.tscn 启动）
[VisibleEnemy] e_axis 接触遇敌 -> g1（回置点 (184.0, 200.0)）
[VisibleEnemy] 就绪：e_axis（编组 g1）巡逻点 0 个 初始态 GUARD
[SceneRouter] 拒绝切换：未找到常驻根 Main/World（Router 依赖 A4 结构；请从 res://scenes/main.tscn 启动）
[VisibleEnemy] e_axis 接触遇敌 -> g1（回置点 (200.0, 216.0)）
[VisibleEnemy] 就绪：e_axis（编组 g1）巡逻点 0 个 初始态 GUARD
[SceneRouter] 拒绝切换：未找到常驻根 Main/World（Router 依赖 A4 结构；请从 res://scenes/main.tscn 启动）
[VisibleEnemy] e_axis 接触遇敌 -> g1（回置点 (200.0, 184.0)）
* test_重复接触防重_离开后复位
[VisibleEnemy] 就绪：e_dup（编组 g1）巡逻点 0 个 初始态 GUARD
[SceneRouter] 拒绝切换：未找到常驻根 Main/World（Router 依赖 A4 结构；请从 res://scenes/main.tscn 启动）
[VisibleEnemy] e_dup 接触遇敌 -> g1（回置点 (300.0, 316.0)）
[SceneRouter] 拒绝切换：未找到常驻根 Main/World（Router 依赖 A4 结构；请从 res://scenes/main.tscn 启动）
[VisibleEnemy] e_dup 接触遇敌 -> g1（回置点 (300.0, 316.0)）
* test_返回图回退链_导出值优先_路由簿记兜底
[VisibleEnemy] 就绪：e_fb（编组 g1）巡逻点 0 个 初始态 GUARD
WARNING: [VisibleEnemy] e_fb：return_map 为空（导出值与 Router 簿记皆空），载荷将被 Router 拒绝
   at: push_warning (core/variant/variant_utility.cpp:1033)
   GDScript backtrace (most recent call first):
       [0] _build_payload (res://scripts/enemies/visible_enemy.gd:367)
       [1] _handle_player_contact (res://scripts/enemies/visible_enemy.gd:344)
       [2] test_返回图回退链_导出值优先_路由簿记兜底 (res://tests/gut/test_e2s2.gd:213)
       [3] _run_test (res://addons/gut/gut.gd:622)
       [4] _test_the_scripts (res://addons/gut/gut.gd:835)
[SceneRouter] 拒绝切换：未找到常驻根 Main/World（Router 依赖 A4 结构；请从 res://scenes/main.tscn 启动）
[VisibleEnemy] e_fb 接触遇敌 -> g1（回置点 (100.0, 116.0)）
* test_敌人节点带全部导出量与触摸区
[VisibleEnemy] 就绪：e_struct（编组 g2）巡逻点 0 个 初始态 GUARD
* test_接触过滤_只认CharacterBody2D
[VisibleEnemy] 就绪：e_filter（编组 g1）巡逻点 0 个 初始态 GUARD
* test_真实玩家实例触发接触区回调
[VisibleEnemy] 就绪：e_real（编组 g1）巡逻点 0 个 初始态 GUARD
[Player] 就绪：脚底原点 / 72px/s / 0.15s 转向缓冲 / FLOATING 运动模式 / 输入锁就位
[SceneRouter] 拒绝切换：未找到常驻根 Main/World（Router 依赖 A4 结构；请从 res://scenes/main.tscn 启动）
[VisibleEnemy] e_real 接触遇敌 -> g1（回置点 (416.0, 240.0)）
* test_碰撞矩阵_敌间无碰撞_敌与玩家地形有碰撞
[VisibleEnemy] 就绪：e_layer（编组 g1）巡逻点 0 个 初始态 GUARD
* test_测试场fixture含两名敌人与玩家挂载
* test_waypoints_导出数组与节点序列合并
[VisibleEnemy] 就绪：VisibleEnemy（编组 ）巡逻点 4 个 初始态 PATROL
[1m14/14 passed.
[0m[4m

res://tests/gut/test_e2s3.gd
[0m* test_Router_合法载荷受理
* test_Router_缺字段拒绝并逐条报因
[SceneRouter] payload 校验失败：缺字段 "enemy_group_id"
[SceneRouter] payload 校验失败：缺字段 "return_map"
[SceneRouter] payload 校验失败：缺字段 "return_position"
[SceneRouter] payload 校验失败：缺字段 "defeat_enemy_uid"
* test_Router_Vector2i冒充Vector2被拒
[SceneRouter] payload 校验失败：类型错 "return_position"：应为 Vector2，实为 Vector2i
* test_Router_多余字段放行不拒绝
[SceneRouter] 警告：payload 含协议外字段 "extra_note"（放行不拒绝）
* test_接线_合法载荷经信号装入战斗场景
[BattleScene] 就绪：编组=slime_01 回图=res://tests/smoke/fixtures/map_e2s2.tscn 队伍=3 人
[SceneRouter] 装载完成 -> res://scenes/battle/battle.tscn
[SceneRouter] 受理切换 -> res://scenes/battle/battle.tscn
* test_接线_非法载荷被拒_世界不动
[SceneRouter] payload 校验失败：类型错 "return_position"：应为 Vector2，实为 Vector2i
[SceneRouter] 拒绝切换到 "res://scenes/battle/battle.tscn"：BattlePayload 不合法（明细见上一行）
* test_战斗场景可实例化_空载荷防御态
[BattleScene] 就绪：编组=<空> 回图=<空> 队伍=3 人
* test_方块阵_同编组恒同阵_数量在界内
[BattleScene] 就绪：编组=slime_01 回图=res://tests/smoke/fixtures/map_e2s2.tscn 队伍=3 人
[BattleScene] 就绪：编组=slime_01 回图=res://tests/smoke/fixtures/map_e2s2.tscn 队伍=3 人
* test_战斗场景直读GameData队伍初始态
[BattleScene] 就绪：编组=slime_01 回图=res://tests/smoke/fixtures/map_e2s2.tscn 队伍=3 人
* test_胜利按钮发BattleResult_VICTORY带队伍快照
[BattleScene] 就绪：编组=slime_01 回图=res://tests/smoke/fixtures/map_e2s2.tscn 队伍=3 人
[SceneRouter] 拒绝切换：未找到常驻根 Main/World（Router 依赖 A4 结构；请从 res://scenes/main.tscn 启动）
[BattleResultHandler] VICTORY 结算完成 -> 回图 res://tests/smoke/fixtures/map_e2s2.tscn（回置 (64.0, 32.0)）
[BattleScene] 结局模拟 -> VICTORY（party_state 占位 3 条）
* test_失败按钮发BattleResult_DEFEAT
[BattleScene] 就绪：编组=slime_01 回图=res://tests/smoke/fixtures/map_e2s2.tscn 队伍=3 人
WARNING: [BattleResultHandler] DEFEAT 读档失败（无档/损坏），兜底回暂存图 res://tests/smoke/fixtures/map_e2s2.tscn——存档链路需排查
   at: push_warning (core/variant/variant_utility.cpp:1033)
   GDScript backtrace (most recent call first):
       [0] _on_battle_finished (res://scripts/battle/battle_result_handler.gd:98)
       [1] _on_outcome_pressed (res://scripts/battle/battle_scene.gd:168)
       [2] test_失败按钮发BattleResult_DEFEAT (res://tests/gut/test_e2s3.gd:224)
       [3] _run_test (res://addons/gut/gut.gd:622)
       [4] _test_the_scripts (res://addons/gut/gut.gd:835)
[SceneRouter] 拒绝切换：未找到常驻根 Main/World（Router 依赖 A4 结构；请从 res://scenes/main.tscn 启动）
[BattleResultHandler] DEFEAT 结算完成 -> 回图 res://tests/smoke/fixtures/map_e2s2.tscn（回置 (64.0, 32.0)）
[BattleScene] 结局模拟 -> DEFEAT（party_state 占位 3 条）
* test_按钮触发后GameData零变化
[BattleScene] 就绪：编组=slime_01 回图=res://tests/smoke/fixtures/map_e2s2.tscn 队伍=3 人
[SceneRouter] 拒绝切换：未找到常驻根 Main/World（Router 依赖 A4 结构；请从 res://scenes/main.tscn 启动）
[BattleResultHandler] VICTORY 结算完成 -> 回图 res://tests/smoke/fixtures/map_e2s2.tscn（回置 (64.0, 32.0)）
[BattleScene] 结局模拟 -> VICTORY（party_state 占位 3 条）
WARNING: [BattleResultHandler] DEFEAT 读档失败（无档/损坏），兜底回暂存图 res://tests/smoke/fixtures/map_e2s2.tscn——存档链路需排查
   at: push_warning (core/variant/variant_utility.cpp:1033)
   GDScript backtrace (most recent call first):
       [0] _on_battle_finished (res://scripts/battle/battle_result_handler.gd:98)
       [1] _on_outcome_pressed (res://scripts/battle/battle_scene.gd:168)
       [2] test_按钮触发后GameData零变化 (res://tests/gut/test_e2s3.gd:242)
       [3] _run_test (res://addons/gut/gut.gd:622)
       [4] _test_the_scripts (res://addons/gut/gut.gd:835)
[SceneRouter] 拒绝切换：未找到常驻根 Main/World（Router 依赖 A4 结构；请从 res://scenes/main.tscn 启动）
[BattleResultHandler] DEFEAT 结算完成 -> 回图 res://tests/smoke/fixtures/map_e2s2.tscn（回置 (64.0, 32.0)）
[BattleScene] 结局模拟 -> DEFEAT（party_state 占位 3 条）
[1m12/12 passed.
[0m[4m

res://tests/gut/test_e2s4.gd
[0m* test_party_state快照逐字段覆写
* test_party_state含队伍外id跳过不炸
WARNING: [BattleResultHandler] party_state 含队伍外 id "ghost_xx"，跳过
   at: push_warning (core/variant/variant_utility.cpp:1033)
   GDScript backtrace (most recent call first):
       [0] _apply_party_state (res://scripts/battle/battle_result_handler.gd:151)
       [1] test_party_state含队伍外id跳过不炸 (res://tests/gut/test_e2s4.gd:178)
       [2] _run_test (res://addons/gut/gut.gd:622)
       [3] _test_the_scripts (res://addons/gut/gut.gd:835)
* test_VICTORY击破凭据写入cleared集合且查重
[SceneRouter] 拒绝切换：未找到常驻根 Main/World（Router 依赖 A4 结构；请从 res://scenes/main.tscn 启动）
[BattleResultHandler] VICTORY 结算完成 -> 回图 res://tests/smoke/fixtures/map_e2s2.tscn（回置 (100.0, 200.0)）
[SceneRouter] 拒绝切换：未找到常驻根 Main/World（Router 依赖 A4 结构；请从 res://scenes/main.tscn 启动）
[BattleResultHandler] VICTORY 结算完成 -> 回图 res://tests/smoke/fixtures/map_e2s2.tscn（回置 (100.0, 200.0)）
* test_数据驱动防复活_命中集合的敌人装载即自删
[VisibleEnemy] enemy_e2s2_a 已在击破集合，装载即移除（不复活）
[VisibleEnemy] 就绪：enemy_alive（编组 ）巡逻点 0 个 初始态 GUARD
* test_VICTORY回图并回置_簿记清空
[VisibleEnemy] enemy_e2s2_a 已在击破集合，装载即移除（不复活）
[VisibleEnemy] 就绪：enemy_e2s2_b（编组 slime_02）巡逻点 2 个 初始态 PATROL
[Player] 就绪：脚底原点 / 72px/s / 0.15s 转向缓冲 / FLOATING 运动模式 / 输入锁就位
[TempPlayerMount] 玩家已挂载 -> YSorted/Player @ (96.0, 320.0)（脚底）
[WhiteBoxMap] 装载完成：map_e2s2（显示色 (0.3, 0.25, 0.4, 1.0)）
[SceneRouter] 装载完成 -> res://tests/smoke/fixtures/map_e2s2.tscn
[SceneRouter] 受理切换 -> res://tests/smoke/fixtures/map_e2s2.tscn
[BattleResultHandler] VICTORY 结算完成 -> 回图 res://tests/smoke/fixtures/map_e2s2.tscn（回置 (100.0, 200.0)）
[BattleResultHandler] 玩家回置 -> (100.0, 200.0)，免疫 0.5s 启动
* test_VICTORY缺击破凭据仅告警不炸
WARNING: [BattleResultHandler] VICTORY 但击破凭据为空（result 与暂存载荷均无 defeat_enemy_uid），敌人将保留
   at: push_warning (core/variant/variant_utility.cpp:1033)
   GDScript backtrace (most recent call first):
       [0] _on_battle_finished (res://scripts/battle/battle_result_handler.gd:70)
       [1] test_VICTORY缺击破凭据仅告警不炸 (res://tests/gut/test_e2s4.gd:239)
       [2] _run_test (res://addons/gut/gut.gd:622)
       [3] _test_the_scripts (res://addons/gut/gut.gd:835)
[VisibleEnemy] 就绪：enemy_e2s2_a（编组 slime_01）巡逻点 2 个 初始态 PATROL
[VisibleEnemy] 就绪：enemy_e2s2_b（编组 slime_02）巡逻点 2 个 初始态 PATROL
[Player] 就绪：脚底原点 / 72px/s / 0.15s 转向缓冲 / FLOATING 运动模式 / 输入锁就位
[TempPlayerMount] 玩家已挂载 -> YSorted/Player @ (96.0, 320.0)（脚底）
[WhiteBoxMap] 装载完成：map_e2s2（显示色 (0.3, 0.25, 0.4, 1.0)）
[SceneRouter] 装载完成 -> res://tests/smoke/fixtures/map_e2s2.tscn
[SceneRouter] 受理切换 -> res://tests/smoke/fixtures/map_e2s2.tscn
[BattleResultHandler] VICTORY 结算完成 -> 回图 res://tests/smoke/fixtures/map_e2s2.tscn（回置 (100.0, 200.0)）
* test_DEFEAT读档成功_回存档点
[BattleResultHandler] DEFEAT 读档成功 -> 回到存档点 ruins_f1 @ (448.0, 56.0)
[VisibleEnemy] 就绪：ruins_f1_salamander（编组 b3_ruin_mix）巡逻点 2 个 初始态 PATROL
[VisibleEnemy] 就绪：ruins_f1_crystal（编组 b3_ruin_mix）巡逻点 2 个 初始态 PATROL
[Player] 就绪：脚底原点 / 72px/s / 0.15s 转向缓冲 / FLOATING 运动模式 / 输入锁就位
[MapEvents] ruins_f1 装配完成：宝箱 3 + 调查 4
[TeleportAssembler] ruins_f1 装配完成：传送触发器 2 处
[AutosaveNotifier] ruins_f1 无存档意图（启动装载/同图传送），跳过写盘
[SceneRouter] 装载完成 -> res://scenes/maps/ruins_f1.tscn
[SceneRouter] 受理切换 -> res://scenes/maps/ruins_f1.tscn
[BattleResultHandler] DEFEAT 结算完成 -> 回图 res://scenes/maps/ruins_f1.tscn（回置 (448.0, 56.0)）
[BattleResultHandler] 玩家回置 -> (448.0, 56.0)，免疫 0.5s 启动
WARNING: [BattleResultHandler] 回置失败：Main/World 无当前场景（GUT/无 Main 环境）
   at: push_warning (core/variant/variant_utility.cpp:1033)
   GDScript backtrace (most recent call first):
       [0] _pos_return_immediate (res://scripts/battle/battle_result_handler.gd:187)
       [1] _do_return (res://scripts/battle/battle_result_handler.gd:170)
* test_DEFEAT读档失败_兜底回暂存图
WARNING: [BattleResultHandler] DEFEAT 读档失败（无档/损坏），兜底回暂存图 res://tests/smoke/fixtures/map_e2s2.tscn——存档链路需排查
   at: push_warning (core/variant/variant_utility.cpp:1033)
   GDScript backtrace (most recent call first):
       [0] _on_battle_finished (res://scripts/battle/battle_result_handler.gd:98)
       [1] test_DEFEAT读档失败_兜底回暂存图 (res://tests/gut/test_e2s4.gd:286)
       [2] _run_test (res://addons/gut/gut.gd:622)
       [3] _test_the_scripts (res://addons/gut/gut.gd:835)
[VisibleEnemy] 就绪：enemy_e2s2_a（编组 slime_01）巡逻点 2 个 初始态 PATROL
[VisibleEnemy] 就绪：enemy_e2s2_b（编组 slime_02）巡逻点 2 个 初始态 PATROL
[Player] 就绪：脚底原点 / 72px/s / 0.15s 转向缓冲 / FLOATING 运动模式 / 输入锁就位
[TempPlayerMount] 玩家已挂载 -> YSorted/Player @ (96.0, 320.0)（脚底）
[WhiteBoxMap] 装载完成：map_e2s2（显示色 (0.3, 0.25, 0.4, 1.0)）
[SceneRouter] 装载完成 -> res://tests/smoke/fixtures/map_e2s2.tscn
[SceneRouter] 受理切换 -> res://tests/smoke/fixtures/map_e2s2.tscn
[BattleResultHandler] DEFEAT 结算完成 -> 回图 res://tests/smoke/fixtures/map_e2s2.tscn（回置 (48.0, 60.0)）
[BattleResultHandler] 玩家回置 -> (48.0, 60.0)，免疫 0.5s 启动
* test_result自带字段优先于暂存
[VisibleEnemy] enemy_e2s2_a 已在击破集合，装载即移除（不复活）
[VisibleEnemy] 就绪：enemy_e2s2_b（编组 slime_02）巡逻点 2 个 初始态 PATROL
[Player] 就绪：脚底原点 / 72px/s / 0.15s 转向缓冲 / FLOATING 运动模式 / 输入锁就位
[TempPlayerMount] 玩家已挂载 -> YSorted/Player @ (96.0, 320.0)（脚底）
[WhiteBoxMap] 装载完成：map_e2s2（显示色 (0.3, 0.25, 0.4, 1.0)）
[SceneRouter] 装载完成 -> res://tests/smoke/fixtures/map_e2s2.tscn
[SceneRouter] 受理切换 -> res://tests/smoke/fixtures/map_e2s2.tscn
[BattleResultHandler] VICTORY 结算完成 -> 回图 res://tests/smoke/fixtures/map_e2s2.tscn（回置 (100.0, 200.0)）
* test_无回图目标仅告警停留原地
WARNING: [BattleResultHandler] 无回图目标（result/staged 均缺 return_map），停留当前场景
   at: push_warning (core/variant/variant_utility.cpp:1033)
   GDScript backtrace (most recent call first):
       [0] _on_battle_finished (res://scripts/battle/battle_result_handler.gd:105)
       [1] test_无回图目标仅告警停留原地 (res://tests/gut/test_e2s4.gd:320)
       [2] _run_test (res://addons/gut/gut.gd:622)
       [3] _test_the_scripts (res://addons/gut/gut.gd:835)
* test_免疫启动与倒计时清零
[Player] 就绪：脚底原点 / 72px/s / 0.15s 转向缓冲 / FLOATING 运动模式 / 输入锁就位
* test_免疫期内敌人接触不发射_过期后恢复
[VisibleEnemy] 就绪：VisibleEnemy（编组 ）巡逻点 0 个 初始态 GUARD
[Player] 就绪：脚底原点 / 72px/s / 0.15s 转向缓冲 / FLOATING 运动模式 / 输入锁就位
[VisibleEnemy] VisibleEnemy：玩家免疫中，接触放行
WARNING: [VisibleEnemy] VisibleEnemy：return_map 为空（导出值与 Router 簿记皆空），载荷将被 Router 拒绝
   at: push_warning (core/variant/variant_utility.cpp:1033)
   GDScript backtrace (most recent call first):
       [0] _build_payload (res://scripts/enemies/visible_enemy.gd:367)
       [1] _handle_player_contact (res://scripts/enemies/visible_enemy.gd:344)
       [2] test_免疫期内敌人接触不发射_过期后恢复 (res://tests/gut/test_e2s4.gd:365)
       [3] _run_test (res://addons/gut/gut.gd:622)
       [4] _test_the_scripts (res://addons/gut/gut.gd:835)
[SceneRouter] 拒绝切换：未找到常驻根 Main/World（Router 依赖 A4 结构；请从 res://scenes/main.tscn 启动）
[VisibleEnemy] VisibleEnemy 接触遇敌 -> （回置点 (400.0, 224.0)）
* test_免疫重复启动取大不缩短
[Player] 就绪：脚底原点 / 72px/s / 0.15s 转向缓冲 / FLOATING 运动模式 / 输入锁就位
* test_免疫查询不依赖方法存在性_普通节点安全
[VisibleEnemy] 就绪：VisibleEnemy（编组 ）巡逻点 0 个 初始态 GUARD
WARNING: [VisibleEnemy] VisibleEnemy：return_map 为空（导出值与 Router 簿记皆空），载荷将被 Router 拒绝
   at: push_warning (core/variant/variant_utility.cpp:1033)
   GDScript backtrace (most recent call first):
       [0] _build_payload (res://scripts/enemies/visible_enemy.gd:367)
       [1] _handle_player_contact (res://scripts/enemies/visible_enemy.gd:344)
       [2] test_免疫查询不依赖方法存在性_普通节点安全 (res://tests/gut/test_e2s4.gd:401)
       [3] _run_test (res://addons/gut/gut.gd:622)
       [4] _test_the_scripts (res://addons/gut/gut.gd:835)
[SceneRouter] 拒绝切换：未找到常驻根 Main/World（Router 依赖 A4 结构；请从 res://scenes/main.tscn 启动）
[VisibleEnemy] VisibleEnemy 接触遇敌 -> （回置点 (26.0, 10.0)）
[1m14/14 passed.
[0m[4m

res://tests/gut/test_e3s1.gd
[0m* test_五表行数符合建卡要求
* test_全表validate零问题
* test_跨表引用零悬空
* test_行id与文件名一致
* test_每行都挂载了Resource脚本
* test_角色表Lv1初值对齐GDD_3_6
* test_角色表per_level对齐GDD_3_6正文
* test_角色表SPD恒为静态值不随等级成长
* test_角色表字段清单覆盖GDD_5
* test_9技能全部建卡且归属正确
* test_effect_tag含掩护与解毒
* test_技能字段对齐GDD_3_4
* test_术士三系齐全且吃克制_其余技能不带元素
* test_Lv1时三人各有1个基础技能
* test_敌人表GDD_7给定值对齐
* test_每个敌人至多1弱点至多1抗性且不同源
* test_敌人AI权重和恒为100
* test_Boss蓄力为telegraph技
* test_敌人表字段清单覆盖GDD_5
* test_掉落表全为100单一道具
* test_道具表字段与交叉约束
* test_解毒道具在B4之前可得
* test_B1至B5编组全部建卡且配置对齐GDD_7
* test_B3混编成员为火蜥冰晶加飞蛾两只
* test_只有B5禁用逃跑
* test_stats_at逐级定值累加
* test_stats_at等级越界钳制
* test_skills_up_to按等级递增
* test_经验曲线等级映射与五场累计对照
* test_五场战斗经验累计与预期等级自洽
* test_数据表脚本无场景依赖_A1铁律3
* test_数值表不读JSON_A2分域
* test_数值资源全部落在data_resources下_A2
[1m33/33 passed.
[0m[4m

res://tests/gut/test_e3s2.gd
[0m* test_伤害公式系数对齐GDD_3_6
* test_防御掩护中毒队列逃跑系数对齐GDD
* test_克制倍率唯一出处在core层
* test_克制三档倍率精确值
* test_三系之间不构成循环克制
* test_无属性不吃克制
* test_克制三档伤害数值正确
* test_队列按SPD降序
* test_同SPD时我方恒在敌方之前
* test_同SPD时按槽位序_我方队伍序与敌方生成序
* test_同配置战斗顺序可复现_无随机介入排序
* test_死者不入队
* test_击退向后移动2个槽位
* test_击退边缘3_只剩1个未行动槽位只移到本轮末尾不跨轮
* test_击退边缘3_场景B_目标在本轮倒数第二且后有多个槽位
* test_击退只作用于尚未行动的当前轮
* test_击退惩罚不跨轮
* test_我方不会被击退_单边规则
* test_击退目标不在队列时原样返回不炸
* test_击退为纯函数不修改入参
* test_击退触发条件_弱点命中且目标未防御
* test_边缘1_队列中单位在轮到它之前死亡则跳过
* test_边缘6_敌人被击退后行动前死亡则从队列移除
* test_剔除死者时修正游标_不吞掉活人行动
* test_advance_轮末返回round_over
* test_预告条从当前行动者起取3格
* test_预告条在队列末尾截断且不跨轮
* test_物理伤害公式精确值
* test_法术伤害公式精确值
* test_浮动外部化_roll两端为精确值
* test_取整口径为四舍五入
* test_浮动越界钳制
* test_防御与掩护各减伤50且不叠加
* test_伤害下限为1_不出现0伤害
* test_预估伤害区间端点等于浮动两端
* test_伤害为纯函数不修改入参
* test_存活由HP派生_无布尔标记可漂移
* test_回复量等于MAG乘倍率且不吃DEF
* test_中毒每回合扣最大HP的百分之五
* test_中毒时长递减且到期停止
* test_中毒可叠加时长不可叠加伤害
* test_防御指令回蓝并置位且不溢出
* test_轮末重置瞬时姿态标记
* test_逃跑成功率公式与钳制
* test_逃跑成功率只统计存活单位
* test_逃跑检定随机外部化
* test_全灭判定与空数组防御
* test_从tres构建队伍六维与stats_at一致
* test_编组展开槽位序与members一致
* test_端到端_B1队列顺序由tres决定
* test_端到端_莉娜火球打甲虫伤害来自tres
* test_端到端_逃跑率与Boss禁逃来自tres
* test_battle_logic零场景依赖_A1铁律3
* test_battle_logic零import_不认识数值表与JSON
* test_battle_logic零随机API_口径2
* test_随机因子全部由参数注入
[1m56/56 passed.
[0m[4m

res://tests/gut/test_e3s3.gd
[0m* test_B1锁技能_可用指令不含技能
* test_Boss战_逃跑置灰
* test_MP不足_技能置灰
* test_攻击造成物理伤害按公式
* test_火球命中弱点_伤害放大且记录弱点且击退
* test_防御_减伤姿态且回MP
* test_逃跑成功_整队脱离
* test_胜利_敌全灭触发
* test_失败_我方全灭触发
* test_边缘8_中毒行动前致死中断
* test_边缘2_掩护承接伤害转移
* test_敌人AI_普通敌只放攻击
[1m12/12 passed.
[0m[4m

res://tests/gut/test_e3s4.gd
[0m* test_八要素逐项在场
[33m    628 Orphans[0m
[33m        * [<Control#317273934862>(battle_ui.gd)] + 627[0m
* test_击退后预告条立即刷新
[33m    628 Orphans[0m
[33m        * [<Control#338631330696>(battle_ui.gd)] + 627[0m
* test_9slice_边条平铺不拉伸
[33m    628 Orphans[0m
[33m        * [<Control#360374605275>(battle_ui.gd)] + 627[0m
* test_指令菜单_攻击防御永远可用
[33m    634 Orphans[0m
[33m        * [<Control#381581007564>(battle_ui.gd)] + 633[0m
* test_B1锁技能_技能按钮置灰
[33m    628 Orphans[0m
[33m        * [<Control#402971959239>(battle_ui.gd)] + 627[0m
* test_Boss战_逃跑按钮置灰
[33m    628 Orphans[0m
[33m        * [<Control#424178361527>(battle_ui.gd)] + 627[0m
* test_预估伤害区间格式
[33m    614 Orphans[0m
[33m        * [<Control#445401541030>(battle_ui.gd)] + 613[0m
* test_predict_for_与真值一致
[33m    628 Orphans[0m
[33m        * [<Control#466171735675>(battle_ui.gd)] + 627[0m
* test_浮动数字_生成
[33m    616 Orphans[0m
[33m        * [<Control#487378137962>(battle_ui.gd)] + 615[0m
* test_结算画面_显示
[33m    628 Orphans[0m
[33m        * [<Control#508248995907>(battle_ui.gd)] + 627[0m
[33m6260 orphans[0m
[1m10/10 passed.
[0m[4m

res://tests/gut/test_e3s5.gd
[0m* test_背景层存在且提供截图接口
[33m    614 Orphans[0m
[33m        * [<Control#529774165314>(battle_ui.gd)] + 613[0m
* test_进战转场黑屏触发
[33m    614 Orphans[0m
[33m        * [<Control#550510805526>(battle_ui.gd)] + 613[0m
* test_受击闪白与浮动数字
[33m    629 Orphans[0m
[33m        * [<Control#571281000171>(battle_ui.gd)] + 628[0m
* test_克制弹字与跨战斗记忆写入
[33m    629 Orphans[0m
[33m        * [<Control#592873262086>(battle_ui.gd)] + 628[0m
* test_真实流程_火球命中甲虫触发弱点三步
[33m    636 Orphans[0m
[33m        * [<Control#614415225032>(battle_ui.gd)] + 635[0m
[33m3122 orphans[0m
[1m5/5 passed.
[0m[4m

res://tests/gut/test_e3s6.gd
[0m* test_边缘1_死者在轮到前被跳过_队列移除
* test_边缘2_掩护转移伤害由掩护者承接
* test_边缘3_击退钳到本轮末尾不跨轮
* test_边缘4_MP不足技能不可用_攻击防御可用
* test_边缘5_道具耗尽置灰
[33m    634 Orphans[0m
[33m        * [<Control#637282565434>(battle_ui.gd)] + 633[0m
* test_边缘6_击退后死者在行动前被移除
* test_边缘7_我方全灭在敌方结算途中中断
* test_边缘8_中毒行动前扣血致死跳过本回合
[33m634 orphans[0m
[1m8/8 passed.
[0m[4m

res://tests/gut/test_e4s1.gd
[0m* test_01_schema与ADR3十字段对齐
* test_02_存档落盘且快照键集等于SCHEMA
* test_03_往返一致性_阶段标志与三个集合
* test_04_往返一致性_队伍数值
* test_05_flags序列化为JSON数组
* test_06_存读再存二次往返稳定
* test_07_缺失文件容错
* test_08_损坏JSON容错
ERROR: Parse JSON failed. Error at line 0: Unexpected character
   at: parse_string (core/io/json.cpp:629)
   GDScript backtrace (most recent call first):
       [0] load_save (res://autoload/save_manager.gd:118)
       [1] test_08_损坏JSON容错 (res://tests/gut/test_e4s1.gd:223)
       [2] _run_test (res://addons/gut/gut.gd:622)
       [3] _test_the_scripts (res://addons/gut/gut.gd:835)
WARNING: SaveManager: 存档不是合法 JSON 对象（user://e4s1_test_save.json）
   at: push_warning (core/variant/variant_utility.cpp:1033)
   GDScript backtrace (most recent call first):
       [0] load_save (res://autoload/save_manager.gd:120)
       [1] test_08_损坏JSON容错 (res://tests/gut/test_e4s1.gd:223)
       [2] _run_test (res://addons/gut/gut.gd:622)
       [3] _test_the_scripts (res://addons/gut/gut.gd:835)
[34m[ExpectedError][0mExpected engine error containing 'Parse JSON failed'.  损坏档触发引擎 Parse Error 属预期
* test_09_非对象JSON容错
WARNING: SaveManager: 存档不是合法 JSON 对象（user://e4s1_test_save.json）
   at: push_warning (core/variant/variant_utility.cpp:1033)
   GDScript backtrace (most recent call first):
       [0] load_save (res://autoload/save_manager.gd:120)
       [1] test_09_非对象JSON容错 (res://tests/gut/test_e4s1.gd:233)
       [2] _run_test (res://addons/gut/gut.gd:622)
       [3] _test_the_scripts (res://addons/gut/gut.gd:835)
* test_10_缺失字段按SCHEMA默认补齐
* test_11_原子写成功后无tmp残留
* test_12_写入失败保留旧档
WARNING: SaveManager: 临时文件写入失败（user://e4s1_no_such_dir/cannot_write.json.tmp），旧档保留
   at: push_warning (core/variant/variant_utility.cpp:1033)
   GDScript backtrace (most recent call first):
       [0] _atomic_write (res://autoload/save_manager.gd:245)
       [1] save (res://autoload/save_manager.gd:97)
       [2] test_12_写入失败保留旧档 (res://tests/gut/test_e4s1.gd:263)
       [3] _run_test (res://addons/gut/gut.gd:622)
       [4] _test_the_scripts (res://addons/gut/gut.gd:835)
* test_13_旧版本号上迁到当前版本
* test_14_未来版本拒绝读入
WARNING: SaveManager: 存档版本 99 高于当前支持 2，拒绝读入
   at: push_warning (core/variant/variant_utility.cpp:1033)
   GDScript backtrace (most recent call first):
       [0] _migrate (res://autoload/save_manager.gd:138)
       [1] load_save (res://autoload/save_manager.gd:122)
       [2] test_14_未来版本拒绝读入 (res://tests/gut/test_e4s1.gd:296)
       [3] _run_test (res://addons/gut/gut.gd:622)
       [4] _test_the_scripts (res://addons/gut/gut.gd:835)
* test_15_has_save与last_loaded语义
[1m15/15 passed.
[0m[4m

res://tests/gut/test_e4s2.gd
[0m* test_01_场景可装载且根脚本正确
[33m    40 Orphans[0m
[33m        * [Map_Road:<Node2D#686792137475>(road_map.gd)] + 39[0m
* test_02_四层齐备且tileset引用有效
[33m    40 Orphans[0m
[33m        * [Map_Road:<Node2D#709038725892>(road_map.gd)] + 39[0m
* test_03_三个敌人实体导出量正确
[33m    40 Orphans[0m
[33m        * [Map_Road:<Node2D#710364127219>(road_map.gd)] + 39[0m
* test_04_点位锚点对表
[33m    40 Orphans[0m
[33m        * [Map_Road:<Node2D#732728156110>(road_map.gd)] + 39[0m
* test_05_断桥封边碰撞体存在
[33m    40 Orphans[0m
[33m        * [Map_Road:<Node2D#734020001822>(road_map.gd)] + 39[0m
* test_06_地图脚本限区与落位
[33m    40 Orphans[0m
[33m        * [Map_Road:<Node2D#756249812985>(road_map.gd)] + 39[0m
[33m40 orphans[0m
[1m6/6 passed.
[0m[4m

res://tests/gut/test_e4s3.gd
[0m* test_01_三层场景可装载且根脚本正确
[33m    81 Orphans[0m
[33m        * [Ruins_F1:<Node2D#759068385282>(ruins_f1_map.gd)] + 33
        * [Ruins_F2:<Node2D#760897101834>(ruins_f2_map.gd)] + 25
        * [Ruins_F3:<Node2D#762574823534>(ruins_f3_map.gd)] + 20[0m
* test_02_四层齐备且共享tileset有效
[33m    81 Orphans[0m
[33m        * [Ruins_F1:<Node2D#765947043951>(ruins_f1_map.gd)] + 33
        * [Ruins_F3:<Node2D#767977087105>(ruins_f3_map.gd)] + 20
        * [Ruins_F2:<Node2D#767037563018>(ruins_f2_map.gd)] + 25[0m
* test_03_三层点位数量对表
[33m    81 Orphans[0m
[33m        * [Ruins_F1:<Node2D#769101159162>(ruins_f1_map.gd)] + 33
        * [Ruins_F3:<Node2D#771131202358>(ruins_f3_map.gd)] + 20
        * [Ruins_F2:<Node2D#770191679430>(ruins_f2_map.gd)] + 25[0m
* test_04_敌人数量与形态对表
[33m    81 Orphans[0m
[33m        * [Ruins_F1:<Node2D#773530344247>(ruins_f1_map.gd)] + 33
        * [Ruins_F3:<Node2D#775560387397>(ruins_f3_map.gd)] + 20
        * [Ruins_F2:<Node2D#774620863327>(ruins_f2_map.gd)] + 25[0m
* test_05_f2精英定守无巡逻点
[33m    81 Orphans[0m
[33m        * [Ruins_F3:<Node2D#778563510359>(ruins_f3_map.gd)] + 20
        * [Ruins_F2:<Node2D#777623986274>(ruins_f2_map.gd)] + 25
        * [Ruins_F1:<Node2D#776533467264>(ruins_f1_map.gd)] + 33[0m
* test_06_f1敌人巡逻态对表
[33m    81 Orphans[0m
[33m        * [Ruins_F2:<Node2D#781986061159>(ruins_f2_map.gd)] + 25
        * [Ruins_F3:<Node2D#782925586505>(ruins_f3_map.gd)] + 20
        * [Ruins_F1:<Node2D#780895543384>(ruins_f1_map.gd)] + 33[0m
* test_07_f3_boss前厅构图
[33m    81 Orphans[0m
[33m        * [Ruins_F3:<Node2D#785995815714>(ruins_f3_map.gd)] + 20
        * [Ruins_F2:<Node2D#785056291629>(ruins_f2_map.gd)] + 25
        * [Ruins_F1:<Node2D#783965772612>(ruins_f1_map.gd)] + 33[0m
* test_08_三层限区与落位导出量
[33m    81 Orphans[0m
[33m        * [Ruins_F1:<Node2D#788311071523>(ruins_f1_map.gd)] + 33
        * [Ruins_F2:<Node2D#789401590641>(ruins_f2_map.gd)] + 25
        * [Ruins_F3:<Node2D#790341114783>(ruins_f3_map.gd)] + 20[0m
[33m81 orphans[0m
[1m8/8 passed.
[0m[4m

res://tests/gut/test_e4s4.gd
[0m* test_四态枚举与初始态归位
[VisibleEnemy] 就绪：e_state_a（编组 g1）巡逻点 2 个 初始态 PATROL
[VisibleEnemy] 就绪：e_state_b（编组 g1）巡逻点 0 个 初始态 GUARD
* test_视野纯函数_角度边界正侧可见背后不可见
* test_视野纯函数_距离边界4tile含边界
* test_追击触发_视野内玩家实体引CHASE
[VisibleEnemy] 就绪：e_chase（编组 g1）巡逻点 2 个 初始态 PATROL
[Player] 就绪：脚底原点 / 72px/s / 0.15s 转向缓冲 / FLOATING 运动模式 / 输入锁就位
* test_追击速度快于巡逻速_48px秒
[VisibleEnemy] 就绪：e_spd（编组 g1）巡逻点 2 个 初始态 PATROL
[Player] 就绪：脚底原点 / 72px/s / 0.15s 转向缓冲 / FLOATING 运动模式 / 输入锁就位
* test_拉开6tile放弃_视野圈内仍追
[VisibleEnemy] 就绪：e_giveup（编组 g1）巡逻点 2 个 初始态 PATROL
[Player] 就绪：脚底原点 / 72px/s / 0.15s 转向缓冲 / FLOATING 运动模式 / 输入锁就位
* test_被墙卡住1点5秒放弃_端到端
[VisibleEnemy] 就绪：e_stuck（编组 g1）巡逻点 2 个 初始态 PATROL
[Player] 就绪：脚底原点 / 72px/s / 0.15s 转向缓冲 / FLOATING 运动模式 / 输入锁就位
* test_回位吸附放置点并按waypoints归基态
[VisibleEnemy] 就绪：e_return（编组 g1）巡逻点 2 个 初始态 PATROL
[Player] 就绪：脚底原点 / 72px/s / 0.15s 转向缓冲 / FLOATING 运动模式 / 输入锁就位
[VisibleEnemy] 就绪：e_return_g（编组 g1）巡逻点 0 个 初始态 GUARD
* test_定守态玩家贴脸仍零移动不追击
[VisibleEnemy] 就绪：e_guard（编组 g1）巡逻点 0 个 初始态 GUARD
[Player] 就绪：脚底原点 / 72px/s / 0.15s 转向缓冲 / FLOATING 运动模式 / 输入锁就位
* test_敌间互穿_对穿巡逻互不阻挡
[VisibleEnemy] 就绪：e_pass_a（编组 g1）巡逻点 2 个 初始态 PATROL
[VisibleEnemy] 就绪：e_pass_b（编组 g1）巡逻点 2 个 初始态 PATROL
* test_免疫期接触放行且CHASE不被打断
[VisibleEnemy] 就绪：e_immu（编组 g1）巡逻点 0 个 初始态 GUARD
[Player] 就绪：脚底原点 / 72px/s / 0.15s 转向缓冲 / FLOATING 运动模式 / 输入锁就位
[VisibleEnemy] 就绪：e_immu2（编组 g1）巡逻点 2 个 初始态 PATROL
[Player] 就绪：脚底原点 / 72px/s / 0.15s 转向缓冲 / FLOATING 运动模式 / 输入锁就位
[VisibleEnemy] e_immu2：玩家免疫中，接触放行
WARNING: [VisibleEnemy] e_immu2：return_map 为空（导出值与 Router 簿记皆空），载荷将被 Router 拒绝
   at: push_warning (core/variant/variant_utility.cpp:1033)
   GDScript backtrace (most recent call first):
       [0] _build_payload (res://scripts/enemies/visible_enemy.gd:367)
       [1] _handle_player_contact (res://scripts/enemies/visible_enemy.gd:344)
       [2] test_免疫期接触放行且CHASE不被打断 (res://tests/gut/test_e4s4.gd:298)
       [3] _await_frames (res://tests/gut/test_e4s4.gd:58)
[SceneRouter] 拒绝切换：未找到常驻根 Main/World（Router 依赖 A4 结构；请从 res://scenes/main.tscn 启动）
[VisibleEnemy] e_immu2 接触遇敌 -> g1（回置点 (3918.934, 3100.0)）
[1m11/11 passed.
[0m[4m

res://tests/gut/test_e4s5.gd
[0m* test_01_宝箱模板协议齐备
* test_02_调查模板协议齐备且无状态
* test_03_town装配1宝箱6调查
[Player] 就绪：脚底原点 / 72px/s / 0.15s 转向缓冲 / FLOATING 运动模式 / 输入锁就位
[SchemaValidator] 跳过非事件 schema 文件（顶层无 events 键）：res://data/json/events/chests.json
[SchemaValidator] 跳过非事件 schema 文件（顶层无 events 键）：res://data/json/events/investigates.json
[SchemaValidator] 跳过非事件 schema 文件（顶层无 events 键）：res://data/json/events/teleports.json
[EventLoader] 加载完成：8 文件 / 20 事件（失败 0）
[MapEvents] town 装配完成：宝箱 1 + 调查 6
[TeleportAssembler] town 装配完成：传送触发器 5 处
[AutosaveNotifier] town 无存档意图（启动装载/同图传送），跳过写盘
* test_04_road装配2宝箱3调查
[VisibleEnemy] 就绪：road_moth_01（编组 b1_moth）巡逻点 2 个 初始态 PATROL
[VisibleEnemy] 就绪：road_beetle_01（编组 b2_beetles）巡逻点 2 个 初始态 PATROL
[VisibleEnemy] 就绪：road_beetle_02（编组 b2_beetles）巡逻点 2 个 初始态 PATROL
[Player] 就绪：脚底原点 / 72px/s / 0.15s 转向缓冲 / FLOATING 运动模式 / 输入锁就位
[MapEvents] road 装配完成：宝箱 2 + 调查 3
[TeleportAssembler] road 装配完成：传送触发器 2 处
[AutosaveNotifier] road 无存档意图（启动装载/同图传送），跳过写盘
* test_05_f1装配3宝箱4调查
[VisibleEnemy] 就绪：ruins_f1_salamander（编组 b3_ruin_mix）巡逻点 2 个 初始态 PATROL
[VisibleEnemy] 就绪：ruins_f1_crystal（编组 b3_ruin_mix）巡逻点 2 个 初始态 PATROL
[Player] 就绪：脚底原点 / 72px/s / 0.15s 转向缓冲 / FLOATING 运动模式 / 输入锁就位
[MapEvents] ruins_f1 装配完成：宝箱 3 + 调查 4
[TeleportAssembler] ruins_f1 装配完成：传送触发器 2 处
[AutosaveNotifier] ruins_f1 无存档意图（启动装载/同图传送），跳过写盘
* test_06_f2装配2宝箱3调查
[VisibleEnemy] 就绪：ruins_f2_guardian（编组 b4_guardian）巡逻点 0 个 初始态 GUARD
[Player] 就绪：脚底原点 / 72px/s / 0.15s 转向缓冲 / FLOATING 运动模式 / 输入锁就位
[MapEvents] ruins_f2 装配完成：宝箱 2 + 调查 3
[TeleportAssembler] ruins_f2 装配完成：传送触发器 2 处
[AutosaveNotifier] ruins_f2 无存档意图（启动装载/同图传送），跳过写盘
* test_07_f3装配1宝箱2调查
[Player] 就绪：脚底原点 / 72px/s / 0.15s 转向缓冲 / FLOATING 运动模式 / 输入锁就位
[MapEvents] ruins_f3 装配完成：宝箱 1 + 调查 2
[TeleportAssembler] ruins_f3 装配完成：传送触发器 1 处
[AutosaveNotifier] ruins_f3 无存档意图（启动装载/同图传送），跳过写盘
* test_08_点位实体与既有锚点同位
[Player] 就绪：脚底原点 / 72px/s / 0.15s 转向缓冲 / FLOATING 运动模式 / 输入锁就位
[SchemaValidator] 跳过非事件 schema 文件（顶层无 events 键）：res://data/json/events/chests.json
[SchemaValidator] 跳过非事件 schema 文件（顶层无 events 键）：res://data/json/events/investigates.json
[SchemaValidator] 跳过非事件 schema 文件（顶层无 events 键）：res://data/json/events/teleports.json
[EventLoader] 加载完成：8 文件 / 20 事件（失败 0）
[MapEvents] town 装配完成：宝箱 1 + 调查 6
[TeleportAssembler] town 装配完成：传送触发器 5 处
[AutosaveNotifier] town 无存档意图（启动装载/同图传送），跳过写盘
[VisibleEnemy] 就绪：road_moth_01（编组 b1_moth）巡逻点 2 个 初始态 PATROL
[VisibleEnemy] 就绪：road_beetle_01（编组 b2_beetles）巡逻点 2 个 初始态 PATROL
[VisibleEnemy] 就绪：road_beetle_02（编组 b2_beetles）巡逻点 2 个 初始态 PATROL
[Player] 就绪：脚底原点 / 72px/s / 0.15s 转向缓冲 / FLOATING 运动模式 / 输入锁就位
[MapEvents] road 装配完成：宝箱 2 + 调查 3
[TeleportAssembler] road 装配完成：传送触发器 2 处
[AutosaveNotifier] road 无存档意图（启动装载/同图传送），跳过写盘
[VisibleEnemy] 就绪：ruins_f1_salamander（编组 b3_ruin_mix）巡逻点 2 个 初始态 PATROL
[VisibleEnemy] 就绪：ruins_f1_crystal（编组 b3_ruin_mix）巡逻点 2 个 初始态 PATROL
[Player] 就绪：脚底原点 / 72px/s / 0.15s 转向缓冲 / FLOATING 运动模式 / 输入锁就位
[MapEvents] ruins_f1 装配完成：宝箱 3 + 调查 4
[TeleportAssembler] ruins_f1 装配完成：传送触发器 2 处
[AutosaveNotifier] ruins_f1 无存档意图（启动装载/同图传送），跳过写盘
[VisibleEnemy] 就绪：ruins_f2_guardian（编组 b4_guardian）巡逻点 0 个 初始态 GUARD
[Player] 就绪：脚底原点 / 72px/s / 0.15s 转向缓冲 / FLOATING 运动模式 / 输入锁就位
[MapEvents] ruins_f2 装配完成：宝箱 2 + 调查 3
[TeleportAssembler] ruins_f2 装配完成：传送触发器 2 处
[AutosaveNotifier] ruins_f2 无存档意图（启动装载/同图传送），跳过写盘
[Player] 就绪：脚底原点 / 72px/s / 0.15s 转向缓冲 / FLOATING 运动模式 / 输入锁就位
[MapEvents] ruins_f3 装配完成：宝箱 1 + 调查 2
[TeleportAssembler] ruins_f3 装配完成：传送触发器 1 处
[AutosaveNotifier] ruins_f3 无存档意图（启动装载/同图传送），跳过写盘
* test_09_目录与JSON镜像同构
* test_10_宝箱首次交互给道具并登记
[VisibleEnemy] 就绪：road_moth_01（编组 b1_moth）巡逻点 2 个 初始态 PATROL
[VisibleEnemy] 就绪：road_beetle_01（编组 b2_beetles）巡逻点 2 个 初始态 PATROL
[VisibleEnemy] 就绪：road_beetle_02（编组 b2_beetles）巡逻点 2 个 初始态 PATROL
[Player] 就绪：脚底原点 / 72px/s / 0.15s 转向缓冲 / FLOATING 运动模式 / 输入锁就位
[MapEvents] road 装配完成：宝箱 2 + 调查 3
[TeleportAssembler] road 装配完成：传送触发器 2 处
[AutosaveNotifier] road 无存档意图（启动装载/同图传送），跳过写盘
[Chest] play_sfx（预留，E6 接线）：res://assets/audio/sfx/chest_open.ogg
[Chest] give_item potion_s x2 -> inventory={ "potion_s": 2 }
[Chest] set_flag：chest_road_01 已入 chests_opened（共 1）
* test_11_已开宝箱再交互不重开
[VisibleEnemy] 就绪：road_moth_01（编组 b1_moth）巡逻点 2 个 初始态 PATROL
[VisibleEnemy] 就绪：road_beetle_01（编组 b2_beetles）巡逻点 2 个 初始态 PATROL
[VisibleEnemy] 就绪：road_beetle_02（编组 b2_beetles）巡逻点 2 个 初始态 PATROL
[Player] 就绪：脚底原点 / 72px/s / 0.15s 转向缓冲 / FLOATING 运动模式 / 输入锁就位
[MapEvents] road 装配完成：宝箱 2 + 调查 3
[TeleportAssembler] road 装配完成：传送触发器 2 处
[AutosaveNotifier] road 无存档意图（启动装载/同图传送），跳过写盘
[Chest] play_sfx（预留，E6 接线）：res://assets/audio/sfx/chest_open.ogg
[Chest] give_item potion_s x2 -> inventory={ "potion_s": 2 }
[Chest] set_flag：chest_road_01 已入 chests_opened（共 1）
* test_12_存档闭环_存读后已开不重开
[VisibleEnemy] 就绪：road_moth_01（编组 b1_moth）巡逻点 2 个 初始态 PATROL
[VisibleEnemy] 就绪：road_beetle_01（编组 b2_beetles）巡逻点 2 个 初始态 PATROL
[VisibleEnemy] 就绪：road_beetle_02（编组 b2_beetles）巡逻点 2 个 初始态 PATROL
[Player] 就绪：脚底原点 / 72px/s / 0.15s 转向缓冲 / FLOATING 运动模式 / 输入锁就位
[MapEvents] road 装配完成：宝箱 2 + 调查 3
[TeleportAssembler] road 装配完成：传送触发器 2 处
[AutosaveNotifier] road 无存档意图（启动装载/同图传送），跳过写盘
[Chest] play_sfx（预留，E6 接线）：res://assets/audio/sfx/chest_open.ogg
[Chest] give_item potion_s x2 -> inventory={ "potion_s": 2 }
[Chest] set_flag：chest_road_01 已入 chests_opened（共 1）
[VisibleEnemy] 就绪：road_moth_01（编组 b1_moth）巡逻点 2 个 初始态 PATROL
[VisibleEnemy] 就绪：road_beetle_01（编组 b2_beetles）巡逻点 2 个 初始态 PATROL
[VisibleEnemy] 就绪：road_beetle_02（编组 b2_beetles）巡逻点 2 个 初始态 PATROL
[Player] 就绪：脚底原点 / 72px/s / 0.15s 转向缓冲 / FLOATING 运动模式 / 输入锁就位
[MapEvents] road 装配完成：宝箱 2 + 调查 3
[TeleportAssembler] road 装配完成：传送触发器 2 处
[AutosaveNotifier] road 无存档意图（启动装载/同图传送），跳过写盘
* test_13_调查点交互协议返回flavor对话id
[Player] 就绪：脚底原点 / 72px/s / 0.15s 转向缓冲 / FLOATING 运动模式 / 输入锁就位
[SchemaValidator] 跳过非事件 schema 文件（顶层无 events 键）：res://data/json/events/chests.json
[SchemaValidator] 跳过非事件 schema 文件（顶层无 events 键）：res://data/json/events/investigates.json
[SchemaValidator] 跳过非事件 schema 文件（顶层无 events 键）：res://data/json/events/teleports.json
[EventLoader] 加载完成：8 文件 / 20 事件（失败 0）
[MapEvents] town 装配完成：宝箱 1 + 调查 6
[TeleportAssembler] town 装配完成：传送触发器 5 处
[AutosaveNotifier] town 无存档意图（启动装载/同图传送），跳过写盘
WARNING: [SchemaValidator] 条目 start 文本 63 字（>60，渲染层折行）：res://data/json/dialogues/flavor_inv_town_01.json
   at: push_warning (core/variant/variant_utility.cpp:1033)
   GDScript backtrace (most recent call first):
       [0] validate_dialogue_entries (res://scripts/dialogue/schema_validator.gd:123)
       [1] load_dialogue_script (res://scripts/dialogue/schema_validator.gd:82)
       [2] _load_dialogue_entries (res://scripts/dialogue/dialogue_runner.gd:208)
       [3] start_dialogue (res://scripts/dialogue/dialogue_runner.gd:162)
       [4] on_interact (res://scripts/events/investigate_point.gd:40)
       [5] test_13_调查点交互协议返回flavor对话id (res://tests/gut/test_e4s5.gd:335)
       [6] _run_test (res://addons/gut/gut.gd:622)
       [7] _test_the_scripts (res://addons/gut/gut.gd:835)
[DialogueRunner] 开演：flavor_inv_town_01（1 条目）
[Investigate] inv_town_01 -> dialogue flavor_inv_town_01
[DialogueRunner] 拒绝：状态机非 IDLE（当前 PLAYING），忽略触发
[Investigate] inv_town_01 -> dialogue flavor_inv_town_01
* test_14_五图调查点全部指向存在的flavor文件
* test_15_宝箱对话JSON九文件全部合法
* test_16_调查文案18条全覆盖且方向各半
* test_17_全部点位离spawn至少2格
* test_18_端到端玩家面前开箱全链路
[VisibleEnemy] 就绪：road_moth_01（编组 b1_moth）巡逻点 2 个 初始态 PATROL
[VisibleEnemy] 就绪：road_beetle_01（编组 b2_beetles）巡逻点 2 个 初始态 PATROL
[VisibleEnemy] 就绪：road_beetle_02（编组 b2_beetles）巡逻点 2 个 初始态 PATROL
[Player] 就绪：脚底原点 / 72px/s / 0.15s 转向缓冲 / FLOATING 运动模式 / 输入锁就位
[MapEvents] road 装配完成：宝箱 2 + 调查 3
[TeleportAssembler] road 装配完成：传送触发器 2 处
[AutosaveNotifier] road 无存档意图（启动装载/同图传送），跳过写盘
[Chest] play_sfx（预留，E6 接线）：res://assets/audio/sfx/chest_open.ogg
[Chest] give_item potion_s x2 -> inventory={ "potion_s": 2 }
[Chest] set_flag：chest_road_01 已入 chests_opened（共 1）
[1m18/18 passed.
[0m[4m

res://tests/gut/test_e4s6.gd
[0m* test_01_目录12处传送齐备且分类正确
* test_02_静态辅助函数协议
* test_03_目录与JSON镜像同构
* test_04_五图装配触发器计数与命名
[Player] 就绪：脚底原点 / 72px/s / 0.15s 转向缓冲 / FLOATING 运动模式 / 输入锁就位
[SchemaValidator] 跳过非事件 schema 文件（顶层无 events 键）：res://data/json/events/chests.json
[SchemaValidator] 跳过非事件 schema 文件（顶层无 events 键）：res://data/json/events/investigates.json
[SchemaValidator] 跳过非事件 schema 文件（顶层无 events 键）：res://data/json/events/teleports.json
[EventLoader] 加载完成：8 文件 / 20 事件（失败 0）
[MapEvents] town 装配完成：宝箱 1 + 调查 6
[TeleportAssembler] town 装配完成：传送触发器 5 处
[AutosaveNotifier] town 无存档意图（启动装载/同图传送），跳过写盘
[VisibleEnemy] 就绪：road_moth_01（编组 b1_moth）巡逻点 2 个 初始态 PATROL
[VisibleEnemy] 就绪：road_beetle_01（编组 b2_beetles）巡逻点 2 个 初始态 PATROL
[VisibleEnemy] 就绪：road_beetle_02（编组 b2_beetles）巡逻点 2 个 初始态 PATROL
[Player] 就绪：脚底原点 / 72px/s / 0.15s 转向缓冲 / FLOATING 运动模式 / 输入锁就位
[MapEvents] road 装配完成：宝箱 2 + 调查 3
[TeleportAssembler] road 装配完成：传送触发器 2 处
[AutosaveNotifier] road 无存档意图（启动装载/同图传送），跳过写盘
[VisibleEnemy] 就绪：ruins_f1_salamander（编组 b3_ruin_mix）巡逻点 2 个 初始态 PATROL
[VisibleEnemy] 就绪：ruins_f1_crystal（编组 b3_ruin_mix）巡逻点 2 个 初始态 PATROL
[Player] 就绪：脚底原点 / 72px/s / 0.15s 转向缓冲 / FLOATING 运动模式 / 输入锁就位
[MapEvents] ruins_f1 装配完成：宝箱 3 + 调查 4
[TeleportAssembler] ruins_f1 装配完成：传送触发器 2 处
[AutosaveNotifier] ruins_f1 无存档意图（启动装载/同图传送），跳过写盘
[VisibleEnemy] 就绪：ruins_f2_guardian（编组 b4_guardian）巡逻点 0 个 初始态 GUARD
[Player] 就绪：脚底原点 / 72px/s / 0.15s 转向缓冲 / FLOATING 运动模式 / 输入锁就位
[MapEvents] ruins_f2 装配完成：宝箱 2 + 调查 3
[TeleportAssembler] ruins_f2 装配完成：传送触发器 2 处
[AutosaveNotifier] ruins_f2 无存档意图（启动装载/同图传送），跳过写盘
[Player] 就绪：脚底原点 / 72px/s / 0.15s 转向缓冲 / FLOATING 运动模式 / 输入锁就位
[MapEvents] ruins_f3 装配完成：宝箱 1 + 调查 2
[TeleportAssembler] ruins_f3 装配完成：传送触发器 1 处
[AutosaveNotifier] ruins_f3 无存档意图（启动装载/同图传送），跳过写盘
* test_05_town旧门Area2D已退役_同帧以计数与命名判定
[Player] 就绪：脚底原点 / 72px/s / 0.15s 转向缓冲 / FLOATING 运动模式 / 输入锁就位
[SchemaValidator] 跳过非事件 schema 文件（顶层无 events 键）：res://data/json/events/chests.json
[SchemaValidator] 跳过非事件 schema 文件（顶层无 events 键）：res://data/json/events/investigates.json
[SchemaValidator] 跳过非事件 schema 文件（顶层无 events 键）：res://data/json/events/teleports.json
[EventLoader] 加载完成：8 文件 / 20 事件（失败 0）
[MapEvents] town 装配完成：宝箱 1 + 调查 6
[TeleportAssembler] town 装配完成：传送触发器 5 处
[AutosaveNotifier] town 无存档意图（启动装载/同图传送），跳过写盘
* test_06_town四门同位重建像素一致
[Player] 就绪：脚底原点 / 72px/s / 0.15s 转向缓冲 / FLOATING 运动模式 / 输入锁就位
[SchemaValidator] 跳过非事件 schema 文件（顶层无 events 键）：res://data/json/events/chests.json
[SchemaValidator] 跳过非事件 schema 文件（顶层无 events 键）：res://data/json/events/investigates.json
[SchemaValidator] 跳过非事件 schema 文件（顶层无 events 键）：res://data/json/events/teleports.json
[EventLoader] 加载完成：8 文件 / 20 事件（失败 0）
[MapEvents] town 装配完成：宝箱 1 + 调查 6
[TeleportAssembler] town 装配完成：传送触发器 5 处
[AutosaveNotifier] town 无存档意图（启动装载/同图传送），跳过写盘
* test_07_全部落位与触发区零重合
* test_08_同图落位为整数格中心
* test_09_限区镜像_目录SAME_MAP_LIMITS对表
[Player] 就绪：脚底原点 / 72px/s / 0.15s 转向缓冲 / FLOATING 运动模式 / 输入锁就位
[SchemaValidator] 跳过非事件 schema 文件（顶层无 events 键）：res://data/json/events/chests.json
[SchemaValidator] 跳过非事件 schema 文件（顶层无 events 键）：res://data/json/events/investigates.json
[SchemaValidator] 跳过非事件 schema 文件（顶层无 events 键）：res://data/json/events/teleports.json
[EventLoader] 加载完成：8 文件 / 20 事件（失败 0）
[MapEvents] town 装配完成：宝箱 1 + 调查 6
[TeleportAssembler] town 装配完成：传送触发器 5 处
[AutosaveNotifier] town 无存档意图（启动装载/同图传送），跳过写盘
* test_10_跨图首入落位与各图export一致
[VisibleEnemy] 就绪：road_moth_01（编组 b1_moth）巡逻点 2 个 初始态 PATROL
[VisibleEnemy] 就绪：road_beetle_01（编组 b2_beetles）巡逻点 2 个 初始态 PATROL
[VisibleEnemy] 就绪：road_beetle_02（编组 b2_beetles）巡逻点 2 个 初始态 PATROL
[Player] 就绪：脚底原点 / 72px/s / 0.15s 转向缓冲 / FLOATING 运动模式 / 输入锁就位
[MapEvents] road 装配完成：宝箱 2 + 调查 3
[TeleportAssembler] road 装配完成：传送触发器 2 处
[AutosaveNotifier] road 无存档意图（启动装载/同图传送），跳过写盘
[VisibleEnemy] 就绪：ruins_f1_salamander（编组 b3_ruin_mix）巡逻点 2 个 初始态 PATROL
[VisibleEnemy] 就绪：ruins_f1_crystal（编组 b3_ruin_mix）巡逻点 2 个 初始态 PATROL
[Player] 就绪：脚底原点 / 72px/s / 0.15s 转向缓冲 / FLOATING 运动模式 / 输入锁就位
[MapEvents] ruins_f1 装配完成：宝箱 3 + 调查 4
[TeleportAssembler] ruins_f1 装配完成：传送触发器 2 处
[AutosaveNotifier] ruins_f1 无存档意图（启动装载/同图传送），跳过写盘
[VisibleEnemy] 就绪：ruins_f2_guardian（编组 b4_guardian）巡逻点 0 个 初始态 GUARD
[Player] 就绪：脚底原点 / 72px/s / 0.15s 转向缓冲 / FLOATING 运动模式 / 输入锁就位
[MapEvents] ruins_f2 装配完成：宝箱 2 + 调查 3
[TeleportAssembler] ruins_f2 装配完成：传送触发器 2 处
[AutosaveNotifier] ruins_f2 无存档意图（启动装载/同图传送），跳过写盘
[Player] 就绪：脚底原点 / 72px/s / 0.15s 转向缓冲 / FLOATING 运动模式 / 输入锁就位
[MapEvents] ruins_f3 装配完成：宝箱 1 + 调查 2
[TeleportAssembler] ruins_f3 装配完成：传送触发器 1 处
[AutosaveNotifier] ruins_f3 无存档意图（启动装载/同图传送），跳过写盘
* test_11_薄壳同图传送_改位置与换限区
[Player] 就绪：脚底原点 / 72px/s / 0.15s 转向缓冲 / FLOATING 运动模式 / 输入锁就位
[SchemaValidator] 跳过非事件 schema 文件（顶层无 events 键）：res://data/json/events/chests.json
[SchemaValidator] 跳过非事件 schema 文件（顶层无 events 键）：res://data/json/events/investigates.json
[SchemaValidator] 跳过非事件 schema 文件（顶层无 events 键）：res://data/json/events/teleports.json
[EventLoader] 加载完成：8 文件 / 20 事件（失败 0）
[MapEvents] town 装配完成：宝箱 1 + 调查 6
[TeleportAssembler] town 装配完成：传送触发器 5 处
[AutosaveNotifier] town 无存档意图（启动装载/同图传送），跳过写盘
[TriggerTeleport] 同图传送 tp_town_door_inn -> (85.0, 17.0)
* test_12_薄壳碰撞层位_E2S2回归修复
[Player] 就绪：脚底原点 / 72px/s / 0.15s 转向缓冲 / FLOATING 运动模式 / 输入锁就位
[SchemaValidator] 跳过非事件 schema 文件（顶层无 events 键）：res://data/json/events/chests.json
[SchemaValidator] 跳过非事件 schema 文件（顶层无 events 键）：res://data/json/events/investigates.json
[SchemaValidator] 跳过非事件 schema 文件（顶层无 events 键）：res://data/json/events/teleports.json
[EventLoader] 加载完成：8 文件 / 20 事件（失败 0）
[MapEvents] town 装配完成：宝箱 1 + 调查 6
[TeleportAssembler] town 装配完成：传送触发器 5 处
[AutosaveNotifier] town 无存档意图（启动装载/同图传送），跳过写盘
* test_13_body过滤_非玩家与对话期不触发
[Player] 就绪：脚底原点 / 72px/s / 0.15s 转向缓冲 / FLOATING 运动模式 / 输入锁就位
[SchemaValidator] 跳过非事件 schema 文件（顶层无 events 键）：res://data/json/events/chests.json
[SchemaValidator] 跳过非事件 schema 文件（顶层无 events 键）：res://data/json/events/investigates.json
[SchemaValidator] 跳过非事件 schema 文件（顶层无 events 键）：res://data/json/events/teleports.json
[EventLoader] 加载完成：8 文件 / 20 事件（失败 0）
[MapEvents] town 装配完成：宝箱 1 + 调查 6
[TeleportAssembler] town 装配完成：传送触发器 5 处
[AutosaveNotifier] town 无存档意图（启动装载/同图传送），跳过写盘
* test_14_无意图装载地图不落盘
[Player] 就绪：脚底原点 / 72px/s / 0.15s 转向缓冲 / FLOATING 运动模式 / 输入锁就位
[SchemaValidator] 跳过非事件 schema 文件（顶层无 events 键）：res://data/json/events/chests.json
[SchemaValidator] 跳过非事件 schema 文件（顶层无 events 键）：res://data/json/events/investigates.json
[SchemaValidator] 跳过非事件 schema 文件（顶层无 events 键）：res://data/json/events/teleports.json
[EventLoader] 加载完成：8 文件 / 20 事件（失败 0）
[MapEvents] town 装配完成：宝箱 1 + 调查 6
[TeleportAssembler] town 装配完成：传送触发器 5 处
[AutosaveNotifier] town 无存档意图（启动装载/同图传送），跳过写盘
* test_15_意图置位后map_ready消费落盘
[Player] 就绪：脚底原点 / 72px/s / 0.15s 转向缓冲 / FLOATING 运动模式 / 输入锁就位
[SchemaValidator] 跳过非事件 schema 文件（顶层无 events 键）：res://data/json/events/chests.json
[SchemaValidator] 跳过非事件 schema 文件（顶层无 events 键）：res://data/json/events/investigates.json
[SchemaValidator] 跳过非事件 schema 文件（顶层无 events 键）：res://data/json/events/teleports.json
[EventLoader] 加载完成：8 文件 / 20 事件（失败 0）
[MapEvents] town 装配完成：宝箱 1 + 调查 6
[TeleportAssembler] town 装配完成：传送触发器 5 处
* test_16_意图位consume_on_read语义
* test_17_save_requested信号置位意图
* test_18_通知器返回值语义
[VisibleEnemy] 就绪：road_moth_01（编组 b1_moth）巡逻点 2 个 初始态 PATROL
[VisibleEnemy] 就绪：road_beetle_01（编组 b2_beetles）巡逻点 2 个 初始态 PATROL
[VisibleEnemy] 就绪：road_beetle_02（编组 b2_beetles）巡逻点 2 个 初始态 PATROL
[Player] 就绪：脚底原点 / 72px/s / 0.15s 转向缓冲 / FLOATING 运动模式 / 输入锁就位
[MapEvents] road 装配完成：宝箱 2 + 调查 3
[TeleportAssembler] road 装配完成：传送触发器 2 处
[AutosaveNotifier] road 无存档意图（启动装载/同图传送），跳过写盘
[AutosaveNotifier] road_test 无存档意图（启动装载/同图传送），跳过写盘
* test_19_跨图传送目录场景路径闭环
[1m19/19 passed.
[0m[4m

res://tests/gut/test_e4s8.gd
[0m* test_01_存读往返_背包多道具多数量无损
* test_02_回灌count恒为int非float
* test_03_空背包往返与二存二读稳定
* test_04_v1旧档读档不报错且inventory补空
* test_05_v1旧档再存档升级为v2带inventory
* test_06_v1旧档部分字段缺失仍可读
* test_07_v2快照键集等于SCHEMA且inventory为JSON对象
* test_08_开箱存读道具数量无损
[Chest] play_sfx（预留，E6 接线）：未配置音效资源
[Chest] give_item potion_m x1 -> inventory={ "potion_m": 1 }
[Chest] set_flag：chest_town_01 已入 chests_opened（共 1）
[1m8/8 passed.
[0m[4m

res://tests/gut/test_e5s1.gd
[0m* test_A1_GDD示例JSON原样加载开演
[Player] 就绪：脚底原点 / 72px/s / 0.15s 转向缓冲 / FLOATING 运动模式 / 输入锁就位
[DialogueRunner] 开演：dlg_inn_rina_p0（3 条目）
[DialogueRunner] 强制收束（读档安全，边缘 5）：弃 dlg_inn_rina_p0 → IDLE
* test_A2_示例JSON选项结构与GDD原文一致
[Player] 就绪：脚底原点 / 72px/s / 0.15s 转向缓冲 / FLOATING 运动模式 / 输入锁就位
* test_B1_逐字速率30字每秒
[Player] 就绪：脚底原点 / 72px/s / 0.15s 转向缓冲 / FLOATING 运动模式 / 输入锁就位
[DialogueRunner] 开演：dlg_inn_rina_p0（3 条目）
[33m    --- Awaiting 0.5 seconds  ---
[0m[DialogueRunner] 强制收束（读档安全，边缘 5）：弃 dlg_inn_rina_p0 → IDLE
* test_B2_按键补完后翻页弹选项
[Player] 就绪：脚底原点 / 72px/s / 0.15s 转向缓冲 / FLOATING 运动模式 / 输入锁就位
[DialogueRunner] 开演：dlg_inn_rina_p0（3 条目）
[DialogueRunner] 选项待决：start（2 项）
[DialogueRunner] 强制收束（读档安全，边缘 5）：弃 dlg_inn_rina_p0 → IDLE
* test_C1_方向键换光标_interact确认走分支1
[Player] 就绪：脚底原点 / 72px/s / 0.15s 转向缓冲 / FLOATING 运动模式 / 输入锁就位
[DialogueRunner] 开演：dlg_inn_rina_p0（3 条目）
[DialogueRunner] 选项待决：start（2 项）
[DialogueRunner] 选项已选 #0 → a1（仅影响当句）
[DialogueRunner] 对话结束：dlg_inn_rina_p0 → IDLE
* test_C2_选分支2走a2路径
[Player] 就绪：脚底原点 / 72px/s / 0.15s 转向缓冲 / FLOATING 运动模式 / 输入锁就位
[DialogueRunner] 开演：dlg_inn_rina_p0（3 条目）
[DialogueRunner] 选项待决：start（2 项）
[DialogueRunner] 选项已选 #1 → a2（仅影响当句）
[DialogueRunner] 强制收束（读档安全，边缘 5）：弃 dlg_inn_rina_p0 → IDLE
* test_C3_对话框确认信号与光标语义
[Player] 就绪：脚底原点 / 72px/s / 0.15s 转向缓冲 / FLOATING 运动模式 / 输入锁就位
[DialogueRunner] 开演：dlg_inn_rina_p0（3 条目）
[DialogueRunner] 选项待决：start（2 项）
[DialogueRunner] 选项已选 #0 → a1（仅影响当句）
[DialogueRunner] 强制收束（读档安全，边缘 5）：弃 dlg_inn_rina_p0 → IDLE
* test_D1_选项态横向移动键被忽略
[Player] 就绪：脚底原点 / 72px/s / 0.15s 转向缓冲 / FLOATING 运动模式 / 输入锁就位
[DialogueRunner] 开演：dlg_inn_rina_p0（3 条目）
[DialogueRunner] 选项待决：start（2 项）
[DialogueRunner] 强制收束（读档安全，边缘 5）：弃 dlg_inn_rina_p0 → IDLE
* test_D2_选项态未注册动作不推进
[Player] 就绪：脚底原点 / 72px/s / 0.15s 转向缓冲 / FLOATING 运动模式 / 输入锁就位
[DialogueRunner] 开演：dlg_inn_rina_p0（3 条目）
[DialogueRunner] 选项待决：start（2 项）
[DialogueRunner] 选项已选 #1 → a2（仅影响当句）
[DialogueRunner] 强制收束（读档安全，边缘 5）：弃 dlg_inn_rina_p0 → IDLE
* test_D3_玩家移动键在选项态不解除对话锁
[Player] 就绪：脚底原点 / 72px/s / 0.15s 转向缓冲 / FLOATING 运动模式 / 输入锁就位
[DialogueRunner] 开演：dlg_inn_rina_p0（3 条目）
[DialogueRunner] 选项待决：start（2 项）
[DialogueRunner] 选项已选 #1 → a2（仅影响当句）
[DialogueRunner] 强制收束（读档安全，边缘 5）：弃 dlg_inn_rina_p0 → IDLE
* test_E1_非IDLE态传送触发器休眠_直驱口径
[Player] 就绪：脚底原点 / 72px/s / 0.15s 转向缓冲 / FLOATING 运动模式 / 输入锁就位
[TriggerTeleport] 同图传送 tp_town_door_inn -> (85.0, 17.0)
[DialogueRunner] 开演：dlg_inn_rina_p0（3 条目）
[DialogueRunner] 选项待决：start（2 项）
[DialogueRunner] 强制收束（读档安全，边缘 5）：弃 dlg_inn_rina_p0 → IDLE
* test_E2_is_idle四态语义
[Player] 就绪：脚底原点 / 72px/s / 0.15s 转向缓冲 / FLOATING 运动模式 / 输入锁就位
[DialogueRunner] 开演：dlg_inn_rina_p0（3 条目）
[DialogueRunner] 选项待决：start（2 项）
[DialogueRunner] 选项已选 #0 → a1（仅影响当句）
[DialogueRunner] 对话结束：dlg_inn_rina_p0 → IDLE
* test_F1_force_idle读档安全口_状态簿记与信号
[Player] 就绪：脚底原点 / 72px/s / 0.15s 转向缓冲 / FLOATING 运动模式 / 输入锁就位
[DialogueRunner] 开演：dlg_inn_rina_p0（3 条目）
[DialogueRunner] 强制收束（读档安全，边缘 5）：弃 dlg_inn_rina_p0 → IDLE
* test_F2_force_idle幂等_选项态下同样成立
[Player] 就绪：脚底原点 / 72px/s / 0.15s 转向缓冲 / FLOATING 运动模式 / 输入锁就位
[DialogueRunner] 开演：dlg_inn_rina_p0（3 条目）
[DialogueRunner] 选项待决：start（2 项）
[DialogueRunner] 强制收束（读档安全，边缘 5）：弃 dlg_inn_rina_p0 → IDLE
* test_G1_选项超2拒绝
[Player] 就绪：脚底原点 / 72px/s / 0.15s 转向缓冲 / FLOATING 运动模式 / 输入锁就位
* test_G2_next悬空引用拒绝
[Player] 就绪：脚底原点 / 72px/s / 0.15s 转向缓冲 / FLOATING 运动模式 / 输入锁就位
* test_G3_choice_next悬空引用拒绝
[Player] 就绪：脚底原点 / 72px/s / 0.15s 转向缓冲 / FLOATING 运动模式 / 输入锁就位
* test_G4_分支超2步未汇合拒绝
[Player] 就绪：脚底原点 / 72px/s / 0.15s 转向缓冲 / FLOATING 运动模式 / 输入锁就位
* test_G5_两步内汇合通过
[Player] 就绪：脚底原点 / 72px/s / 0.15s 转向缓冲 / FLOATING 运动模式 / 输入锁就位
* test_G6_嵌套choices拒绝
[Player] 就绪：脚底原点 / 72px/s / 0.15s 转向缓冲 / FLOATING 运动模式 / 输入锁就位
* test_G7_缺start与缺必填字段拒绝
[Player] 就绪：脚底原点 / 72px/s / 0.15s 转向缓冲 / FLOATING 运动模式 / 输入锁就位
* test_G7b_选项条目省略next合法_GDD示例口径
[Player] 就绪：脚底原点 / 72px/s / 0.15s 转向缓冲 / FLOATING 运动模式 / 输入锁就位
* test_G8_GDD示例与全库存量对话脚本校验通过
[Player] 就绪：脚底原点 / 72px/s / 0.15s 转向缓冲 / FLOATING 运动模式 / 输入锁就位
WARNING: [SchemaValidator] 条目 start 文本 63 字（>60，渲染层折行）：user://e5s1_case.json
   at: push_warning (core/variant/variant_utility.cpp:1033)
   GDScript backtrace (most recent call first):
       [0] validate_dialogue_entries (res://scripts/dialogue/schema_validator.gd:123)
       [1] _validate_entries (res://scripts/dialogue/dialogue_runner.gd:215)
       [2] _validate (res://tests/gut/test_e5s1.gd:322)
       [3] test_G8_GDD示例与全库存量对话脚本校验通过 (res://tests/gut/test_e5s1.gd:415)
       [4] _run_test (res://addons/gut/gut.gd:622)
       [5] _test_the_scripts (res://addons/gut/gut.gd:835)
WARNING: [SchemaValidator] 条目 start 文本 67 字（>60，渲染层折行）：user://e5s1_case.json
   at: push_warning (core/variant/variant_utility.cpp:1033)
   GDScript backtrace (most recent call first):
       [0] validate_dialogue_entries (res://scripts/dialogue/schema_validator.gd:123)
       [1] _validate_entries (res://scripts/dialogue/dialogue_runner.gd:215)
       [2] _validate (res://tests/gut/test_e5s1.gd:322)
       [3] test_G8_GDD示例与全库存量对话脚本校验通过 (res://tests/gut/test_e5s1.gd:415)
       [4] _run_test (res://addons/gut/gut.gd:622)
       [5] _test_the_scripts (res://addons/gut/gut.gd:835)
* test_H1_portrait缺省沿用上一条
[Player] 就绪：脚底原点 / 72px/s / 0.15s 转向缓冲 / FLOATING 运动模式 / 输入锁就位
[DialogueRunner] 开演：dlg_inn_rina_p0（3 条目）
[DialogueRunner] 选项待决：start（2 项）
[DialogueRunner] 选项已选 #1 → a2（仅影响当句）
[DialogueRunner] 强制收束（读档安全，边缘 5）：弃 dlg_inn_rina_p0 → IDLE
* test_H2_旁白无portrait隐藏头像窗
[Player] 就绪：脚底原点 / 72px/s / 0.15s 转向缓冲 / FLOATING 运动模式 / 输入锁就位
[DialogueRunner] 开演：dlg_story_quest_accept（2 条目）
[DialogueRunner] 对话结束：dlg_story_quest_accept → IDLE
* test_H3_catalog协议_未登记id返回null
[Player] 就绪：脚底原点 / 72px/s / 0.15s 转向缓冲 / FLOATING 运动模式 / 输入锁就位
* test_I1_状态机四态循环WAITING_CHOICE可达
[Player] 就绪：脚底原点 / 72px/s / 0.15s 转向缓冲 / FLOATING 运动模式 / 输入锁就位
[DialogueRunner] 开演：dlg_inn_rina_p0（3 条目）
[DialogueRunner] 选项待决：start（2 项）
[DialogueRunner] 选项已选 #0 → a1（仅影响当句）
[DialogueRunner] 对话结束：dlg_inn_rina_p0 → IDLE
[1m27/27 passed.
[0m[4m

res://tests/gut/test_e5s2.gd
[0m* test_a1_gdd示例在新旧两口同时通过
* test_a2_悬空next在新旧两口同时拒绝
* test_a3_新加载口直接加载S1示例对话
* test_a4_runner加载链路抽离后等价
* test_a5_分支端点静态版语义
* test_a6_存量对话全量过新校验器
WARNING: [SchemaValidator] 条目 start 文本 63 字（>60，渲染层折行）：res://data/json/dialogues/flavor_inv_town_01.json
   at: push_warning (core/variant/variant_utility.cpp:1033)
   GDScript backtrace (most recent call first):
       [0] validate_dialogue_entries (res://scripts/dialogue/schema_validator.gd:123)
       [1] test_a6_存量对话全量过新校验器 (res://tests/gut/test_e5s2.gd:161)
       [2] _run_test (res://addons/gut/gut.gd:622)
       [3] _test_the_scripts (res://addons/gut/gut.gd:835)
WARNING: [SchemaValidator] 条目 start 文本 67 字（>60，渲染层折行）：res://data/json/dialogues/flavor_inv_town_05.json
   at: push_warning (core/variant/variant_utility.cpp:1033)
   GDScript backtrace (most recent call first):
       [0] validate_dialogue_entries (res://scripts/dialogue/schema_validator.gd:123)
       [1] test_a6_存量对话全量过新校验器 (res://tests/gut/test_e5s2.gd:161)
       [2] _run_test (res://addons/gut/gut.gd:622)
       [3] _test_the_scripts (res://addons/gut/gut.gd:835)
* test_b1_全部10种type逐一通过校验
* test_b2_未知type拒绝
* test_b3_被裁掉的旧动作type拒绝
* test_b4_被裁动作字面量全代码零存在
* test_b5_动作元素非字典拒绝
* test_b6_缺actions或空actions拒绝
* test_c1_storyphase三种运算符全过
* test_c2_非法运算符拒绝
* test_c3_storyphase结构错误拒绝
* test_c4_flagnoflag须字符串
* test_c5_白名单外键拒绝
* test_d1_giveitem悬空item_id拒绝
* test_d2_battle悬空group拒绝
* test_d3_合法表引用通过
* test_d4_dialogue悬空引用整文件拒绝
[SchemaValidator] 事件引用的对话不存在（dlg_not_exist_anywhere）：user://e5s2_dangling_dlg.json
* test_d5_giveitem_count非法拒绝
* test_e1_非数字phase键报错
* test_e2_缺零兜底键拒绝
* test_e3_映射值非法拒绝
* test_e4_合法映射通过
* test_e5_normalize映射键转int
* test_e6_normalize非数字键返回空
* test_e7_选取规则取不超当前phase的最大键
* test_e8_选取规则无匹配键返回空串
* test_f1_loadall扫描目录_E4镜像跳过_新事件入表
[SchemaValidator] 跳过非事件 schema 文件（顶层无 events 键）：res://data/json/events/chests.json
[SchemaValidator] 跳过非事件 schema 文件（顶层无 events 键）：res://data/json/events/investigates.json
[SchemaValidator] 跳过非事件 schema 文件（顶层无 events 键）：res://data/json/events/teleports.json
[EventLoader] 加载完成：8 文件 / 20 事件（失败 0）
* test_f2_phase_maps规范化入表
[SchemaValidator] 跳过非事件 schema 文件（顶层无 events 键）：res://data/json/events/chests.json
[SchemaValidator] 跳过非事件 schema 文件（顶层无 events 键）：res://data/json/events/investigates.json
[SchemaValidator] 跳过非事件 schema 文件（顶层无 events 键）：res://data/json/events/teleports.json
[EventLoader] 加载完成：8 文件 / 20 事件（失败 0）
* test_f3_getevent未知id返回空字典
[SchemaValidator] 跳过非事件 schema 文件（顶层无 events 键）：res://data/json/events/chests.json
[SchemaValidator] 跳过非事件 schema 文件（顶层无 events 键）：res://data/json/events/investigates.json
[SchemaValidator] 跳过非事件 schema 文件（顶层无 events 键）：res://data/json/events/teleports.json
[EventLoader] 加载完成：8 文件 / 20 事件（失败 0）
* test_f4_loadeventsfile非事件schema文件跳过
[SchemaValidator] 跳过非事件 schema 文件（顶层无 events 键）：res://data/json/events/chests.json
* test_f5_loadeventsfile合法文件返回双表
* test_g1_dialogue动作开演
[DialogueRunner] 开演：dlg_innkeeper_p0（1 条目）
* test_g2_giveitem写背包
[EventExecutor] give_item potion_s x2（背包 { "potion_s": 3 }）
* test_g3_setflag写flags
[EventExecutor] set_flag ev_g3_flag（flags={ "ev_g3_flag": true }）
* test_g4_battle发payload并暂存组id
[DialogueRunner] 开演：dlg_innkeeper_p0（1 条目）
[SceneRouter] 拒绝切换：未找到常驻根 Main/World（Router 依赖 A4 结构；请从 res://scenes/main.tscn 启动）
[EventExecutor] battle b1_moth（ev_g4）：payload 已发，事件流收束待 S5 桥接
[DialogueRunner] 强制收束（读档安全，边缘 5）：弃 dlg_innkeeper_p0 → IDLE
* test_g5_heal全队回满
[EventExecutor] heal 全队回满（ev_g5）
* test_g6_savepoint发存档请求
[EventExecutor] save_point：已发存档请求（ev_g6）
* test_g7_setstoryphase写值并广播
[EventExecutor] set_story_phase -> 2（ev_g7）
* test_g8_waitplaysfx_teleport占位不炸
[EventExecutor] wait 0.5 秒（占位：事件流异步化属 E5-S5）
[EventExecutor] play_sfx res://x.ogg（占位：E6 接线）
[EventExecutor] teleport ev_g8c -> road [1.5, 2]（通路预留：事件侧传送当前无用例，行走传送在 TeleportCatalog）
* test_g9_notflag条件评估
[EventExecutor] give_item potion_s x1（背包 { "potion_s": 1 }）
[EventExecutor] ev_g9b 条件不满足，跳过
* test_g10_storyphase条件评估
[EventExecutor] ev_g10 条件不满足，跳过
[EventExecutor] set_flag never（flags={ "never": true }）
* test_g11_phase映射按当前phase选对话
[DialogueRunner] 开演：dlg_innkeeper_p0（1 条目）
[DialogueRunner] 强制收束（读档安全，边缘 5）：弃 dlg_innkeeper_p0 → IDLE
[DialogueRunner] 开演：dlg_innkeeper_p12（1 条目）
* test_h1_薄壳三层链路发射事件
[SchemaValidator] 跳过非事件 schema 文件（顶层无 events 键）：res://data/json/events/chests.json
[SchemaValidator] 跳过非事件 schema 文件（顶层无 events 键）：res://data/json/events/investigates.json
[SchemaValidator] 跳过非事件 schema 文件（顶层无 events 键）：res://data/json/events/teleports.json
[EventLoader] 加载完成：8 文件 / 20 事件（失败 0）
[EventExecutor] give_item potion_s x2（背包 { "potion_s": 2 }）
[EventExecutor] set_flag demo_loot_taken（flags={ "demo_loot_taken": true }）
[TriggerEventShell] trigger_event_shell 已发射事件 ev_demo_loot
* test_h2_对话期间壳忽略事件_边缘2
[SchemaValidator] 跳过非事件 schema 文件（顶层无 events 键）：res://data/json/events/chests.json
[SchemaValidator] 跳过非事件 schema 文件（顶层无 events 键）：res://data/json/events/investigates.json
[SchemaValidator] 跳过非事件 schema 文件（顶层无 events 键）：res://data/json/events/teleports.json
[EventLoader] 加载完成：8 文件 / 20 事件（失败 0）
[DialogueRunner] 开演：dlg_innkeeper_p0（1 条目）
[TriggerEventShell] trigger_event_shell 对话期间忽略（is_idle 门闸）
[DialogueRunner] 强制收束（读档安全，边缘 5）：弃 dlg_innkeeper_p0 → IDLE
* test_h3_未登记事件静默跳过
[SchemaValidator] 跳过非事件 schema 文件（顶层无 events 键）：res://data/json/events/chests.json
[SchemaValidator] 跳过非事件 schema 文件（顶层无 events 键）：res://data/json/events/investigates.json
[SchemaValidator] 跳过非事件 schema 文件（顶层无 events 键）：res://data/json/events/teleports.json
[EventLoader] 加载完成：8 文件 / 20 事件（失败 0）
[TriggerEventShell] 事件 "ev_no_such" 未登记，跳过
* test_h4_neweventid为空保持E4兼容路径
[SchemaValidator] 跳过非事件 schema 文件（顶层无 events 键）：res://data/json/events/chests.json
[SchemaValidator] 跳过非事件 schema 文件（顶层无 events 键）：res://data/json/events/investigates.json
[SchemaValidator] 跳过非事件 schema 文件（顶层无 events 键）：res://data/json/events/teleports.json
[EventLoader] 加载完成：8 文件 / 20 事件（失败 0）
* test_h5_runner未注入跳过门闸照常执行
[SchemaValidator] 跳过非事件 schema 文件（顶层无 events 键）：res://data/json/events/chests.json
[SchemaValidator] 跳过非事件 schema 文件（顶层无 events 键）：res://data/json/events/investigates.json
[SchemaValidator] 跳过非事件 schema 文件（顶层无 events 键）：res://data/json/events/teleports.json
[EventLoader] 加载完成：8 文件 / 20 事件（失败 0）
[EventExecutor] give_item potion_s x2（背包 { "potion_s": 2 }）
[EventExecutor] set_flag demo_loot_taken（flags={ "demo_loot_taken": true }）
[TriggerEventShell] trigger_event_shell 已发射事件 ev_demo_loot
* test_i1_既有实体协议族原样
* test_i2_统一壳带薄壳协议属性
* test_i3_卸载后事件目录加载幂等
[SchemaValidator] 跳过非事件 schema 文件（顶层无 events 键）：res://data/json/events/chests.json
[SchemaValidator] 跳过非事件 schema 文件（顶层无 events 键）：res://data/json/events/investigates.json
[SchemaValidator] 跳过非事件 schema 文件（顶层无 events 键）：res://data/json/events/teleports.json
[EventLoader] 加载完成：8 文件 / 20 事件（失败 0）
[SchemaValidator] 跳过非事件 schema 文件（顶层无 events 键）：res://data/json/events/chests.json
[SchemaValidator] 跳过非事件 schema 文件（顶层无 events 键）：res://data/json/events/investigates.json
[SchemaValidator] 跳过非事件 schema 文件（顶层无 events 键）：res://data/json/events/teleports.json
[EventLoader] 加载完成：8 文件 / 20 事件（失败 0）
[1m54/54 passed.
[0m[4m

res://tests/gut/test_e5s3.gd
[0m* test_a1_phase随存读档往返无损
* test_a2_flags随存读档往返无损
* test_a3_读档失败保持现状_E4S7回滚语义
ERROR: Parse JSON failed. Error at line 0: Unexpected character
   at: parse_string (core/io/json.cpp:629)
   GDScript backtrace (most recent call first):
       [0] load_save (res://autoload/save_manager.gd:118)
       [1] test_a3_读档失败保持现状_E4S7回滚语义 (res://tests/gut/test_e5s3.gd:127)
       [2] _run_test (res://addons/gut/gut.gd:622)
       [3] _test_the_scripts (res://addons/gut/gut.gd:835)
WARNING: SaveManager: 存档不是合法 JSON 对象（user://e5s3_test_save.json）
   at: push_warning (core/variant/variant_utility.cpp:1033)
   GDScript backtrace (most recent call first):
       [0] load_save (res://autoload/save_manager.gd:120)
       [1] test_a3_读档失败保持现状_E4S7回滚语义 (res://tests/gut/test_e5s3.gd:127)
       [2] _run_test (res://addons/gut/gut.gd:622)
       [3] _test_the_scripts (res://addons/gut/gut.gd:835)
[34m[ExpectedError][0mExpected engine error containing 'Parse JSON failed'.  损坏档触发引擎 Parse Error 属预期
* test_a4_存档字段含phase与flags
* test_a5_v1旧档迁移补phase默认值
* test_b1_executor写phase并发广播
[EventExecutor] set_story_phase -> 1（ev_b1）
* test_b2_phase推进后NPC选档跟随
[SchemaValidator] 跳过非事件 schema 文件（顶层无 events 键）：res://data/json/events/chests.json
[SchemaValidator] 跳过非事件 schema 文件（顶层无 events 键）：res://data/json/events/investigates.json
[SchemaValidator] 跳过非事件 schema 文件（顶层无 events 键）：res://data/json/events/teleports.json
[EventLoader] 加载完成：8 文件 / 20 事件（失败 0）
[DialogueRunner] 开演：dlg_npc_01_innkeeper（2 条目）
[DialogueRunner] 强制收束（读档安全，边缘 5）：弃 dlg_npc_01_innkeeper → IDLE
[EventExecutor] set_story_phase -> 2（ev_b2）
[DialogueRunner] 开演：dlg_npc_01_innkeeper_p12（2 条目）
* test_c1_town事件目录装载零失败
[SchemaValidator] 跳过非事件 schema 文件（顶层无 events 键）：res://data/json/events/chests.json
[SchemaValidator] 跳过非事件 schema 文件（顶层无 events 键）：res://data/json/events/investigates.json
[SchemaValidator] 跳过非事件 schema 文件（顶层无 events 键）：res://data/json/events/teleports.json
[EventLoader] 加载完成：8 文件 / 20 事件（失败 0）
* test_c2_全部12个NPC事件已登记
[SchemaValidator] 跳过非事件 schema 文件（顶层无 events 键）：res://data/json/events/chests.json
[SchemaValidator] 跳过非事件 schema 文件（顶层无 events 键）：res://data/json/events/investigates.json
[SchemaValidator] 跳过非事件 schema 文件（顶层无 events 键）：res://data/json/events/teleports.json
[EventLoader] 加载完成：8 文件 / 20 事件（失败 0）
* test_c3_配额NPC全带phase映射且映射值可解析
[SchemaValidator] 跳过非事件 schema 文件（顶层无 events 键）：res://data/json/events/chests.json
[SchemaValidator] 跳过非事件 schema 文件（顶层无 events 键）：res://data/json/events/investigates.json
[SchemaValidator] 跳过非事件 schema 文件（顶层无 events 键）：res://data/json/events/teleports.json
[EventLoader] 加载完成：8 文件 / 20 事件（失败 0）
* test_c4_映射键规范化为int
[SchemaValidator] 跳过非事件 schema 文件（顶层无 events 键）：res://data/json/events/chests.json
[SchemaValidator] 跳过非事件 schema 文件（顶层无 events 键）：res://data/json/events/investigates.json
[SchemaValidator] 跳过非事件 schema 文件（顶层无 events 键）：res://data/json/events/teleports.json
[EventLoader] 加载完成：8 文件 / 20 事件（失败 0）
* test_d1_未登记NPC走兼容路径直开对话
[SchemaValidator] 跳过非事件 schema 文件（顶层无 events 键）：res://data/json/events/chests.json
[SchemaValidator] 跳过非事件 schema 文件（顶层无 events 键）：res://data/json/events/investigates.json
[SchemaValidator] 跳过非事件 schema 文件（顶层无 events 键）：res://data/json/events/teleports.json
[EventLoader] 加载完成：8 文件 / 20 事件（失败 0）
[DialogueRunner] 开演：inv_town_01（1 条目）
* test_d2_guard兼容路径端到端_冒烟契约锚定
[SchemaValidator] 跳过非事件 schema 文件（顶层无 events 键）：res://data/json/events/chests.json
[SchemaValidator] 跳过非事件 schema 文件（顶层无 events 键）：res://data/json/events/investigates.json
[SchemaValidator] 跳过非事件 schema 文件（顶层无 events 键）：res://data/json/events/teleports.json
[EventLoader] 加载完成：8 文件 / 20 事件（失败 0）
[DialogueRunner] 开演：dlg_npc_04_guard（2 条目）
[DialogueRunner] 对话结束：dlg_npc_04_guard → IDLE
* test_d3_事件层未注入时兼容路径行为不变
[DialogueRunner] 开演：npc_04_guard（2 条目）
* test_d4_门闸外置_对话中分派被runner拒绝
[SchemaValidator] 跳过非事件 schema 文件（顶层无 events 键）：res://data/json/events/chests.json
[SchemaValidator] 跳过非事件 schema 文件（顶层无 events 键）：res://data/json/events/investigates.json
[SchemaValidator] 跳过非事件 schema 文件（顶层无 events 键）：res://data/json/events/teleports.json
[EventLoader] 加载完成：8 文件 / 20 事件（失败 0）
[DialogueRunner] 开演：dlg_npc_01_innkeeper（2 条目）
[DialogueRunner] 拒绝：状态机非 IDLE（当前 PLAYING），忽略触发
[EventExecutor] dialogue "dlg_npc_01_innkeeper" 被拒（npc_innkeeper）
* test_e1_配额NPC阶段变化端到端
[SchemaValidator] 跳过非事件 schema 文件（顶层无 events 键）：res://data/json/events/chests.json
[SchemaValidator] 跳过非事件 schema 文件（顶层无 events 键）：res://data/json/events/investigates.json
[SchemaValidator] 跳过非事件 schema 文件（顶层无 events 键）：res://data/json/events/teleports.json
[EventLoader] 加载完成：8 文件 / 20 事件（失败 0）
[DialogueRunner] 开演：dlg_npc_01_innkeeper（2 条目）
[DialogueRunner] 强制收束（读档安全，边缘 5）：弃 dlg_npc_01_innkeeper → IDLE
[DialogueRunner] 开演：dlg_npc_03_chase_kid（1 条目）
[DialogueRunner] 强制收束（读档安全，边缘 5）：弃 dlg_npc_03_chase_kid → IDLE
[DialogueRunner] 开演：dlg_npc_05_smith（1 条目）
[DialogueRunner] 强制收束（读档安全，边缘 5）：弃 dlg_npc_05_smith → IDLE
[DialogueRunner] 开演：dlg_npc_04_guard（2 条目）
[DialogueRunner] 强制收束（读档安全，边缘 5）：弃 dlg_npc_04_guard → IDLE
[DialogueRunner] 开演：dlg_npc_02_traveler（1 条目）
[DialogueRunner] 强制收束（读档安全，边缘 5）：弃 dlg_npc_02_traveler → IDLE
[EventExecutor] set_story_phase -> 1（ev_e1）
[DialogueRunner] 开演：dlg_npc_01_innkeeper_p12（2 条目）
[DialogueRunner] 强制收束（读档安全，边缘 5）：弃 dlg_npc_01_innkeeper_p12 → IDLE
[DialogueRunner] 开演：dlg_npc_03_chase_kid_p12（1 条目）
[DialogueRunner] 强制收束（读档安全，边缘 5）：弃 dlg_npc_03_chase_kid_p12 → IDLE
[DialogueRunner] 开演：dlg_npc_05_smith_p12（1 条目）
[DialogueRunner] 强制收束（读档安全，边缘 5）：弃 dlg_npc_05_smith_p12 → IDLE
[DialogueRunner] 开演：dlg_npc_04_guard_p12（2 条目）
[DialogueRunner] 强制收束（读档安全，边缘 5）：弃 dlg_npc_04_guard_p12 → IDLE
[DialogueRunner] 开演：dlg_npc_02_traveler_p12（1 条目）
[DialogueRunner] 强制收束（读档安全，边缘 5）：弃 dlg_npc_02_traveler_p12 → IDLE
* test_e2_单阶段NPC不受phase影响
[SchemaValidator] 跳过非事件 schema 文件（顶层无 events 键）：res://data/json/events/chests.json
[SchemaValidator] 跳过非事件 schema 文件（顶层无 events 键）：res://data/json/events/investigates.json
[SchemaValidator] 跳过非事件 schema 文件（顶层无 events 键）：res://data/json/events/teleports.json
[EventLoader] 加载完成：8 文件 / 20 事件（失败 0）
[DialogueRunner] 开演：dlg_npc_06_peddler（1 条目）
[DialogueRunner] 强制收束（读档安全，边缘 5）：弃 dlg_npc_06_peddler → IDLE
[EventExecutor] set_story_phase -> 3（ev_e2）
[DialogueRunner] 开演：dlg_npc_06_peddler（1 条目）
[1m17/17 passed.
[0m[4m

res://tests/gut/test_e5s4.gd
[0m* test_a1_四拍脚本全部存在且装载零失败
[SchemaValidator] 跳过非事件 schema 文件（顶层无 events 键）：res://data/json/events/chests.json
[SchemaValidator] 跳过非事件 schema 文件（顶层无 events 键）：res://data/json/events/investigates.json
[SchemaValidator] 跳过非事件 schema 文件（顶层无 events 键）：res://data/json/events/teleports.json
[EventLoader] 加载完成：8 文件 / 20 事件（失败 0）
* test_a2_四拍脚本对话可开演
[SchemaValidator] 跳过非事件 schema 文件（顶层无 events 键）：res://data/json/events/chests.json
[SchemaValidator] 跳过非事件 schema 文件（顶层无 events 键）：res://data/json/events/investigates.json
[SchemaValidator] 跳过非事件 schema 文件（顶层无 events 键）：res://data/json/events/teleports.json
[EventLoader] 加载完成：8 文件 / 20 事件（失败 0）
[DialogueRunner] 开演：story_p0_intro（2 条目）
[DialogueRunner] 强制收束（读档安全，边缘 5）：弃 story_p0_intro → IDLE
[DialogueRunner] 开演：story_p1_dispatch（2 条目）
[DialogueRunner] 强制收束（读档安全，边缘 5）：弃 story_p1_dispatch → IDLE
[DialogueRunner] 开演：story_p2_ruin_enter（2 条目）
[DialogueRunner] 强制收束（读档安全，边缘 5）：弃 story_p2_ruin_enter → IDLE
[DialogueRunner] 开演：story_p3_finale（2 条目）
[DialogueRunner] 强制收束（读档安全，边缘 5）：弃 story_p3_finale → IDLE
* test_b1_切换点1_quest_accept末尾置phase1
[SchemaValidator] 跳过非事件 schema 文件（顶层无 events 键）：res://data/json/events/chests.json
[SchemaValidator] 跳过非事件 schema 文件（顶层无 events 键）：res://data/json/events/investigates.json
[SchemaValidator] 跳过非事件 schema 文件（顶层无 events 键）：res://data/json/events/teleports.json
[EventLoader] 加载完成：8 文件 / 20 事件（失败 0）
* test_b2_切换点2_ruin_enter带条件置phase2
[SchemaValidator] 跳过非事件 schema 文件（顶层无 events 键）：res://data/json/events/chests.json
[SchemaValidator] 跳过非事件 schema 文件（顶层无 events 键）：res://data/json/events/investigates.json
[SchemaValidator] 跳过非事件 schema 文件（顶层无 events 键）：res://data/json/events/teleports.json
[EventLoader] 加载完成：8 文件 / 20 事件（失败 0）
* test_b3_切换点3_boss_pre带条件置phase3并请求存档
[SchemaValidator] 跳过非事件 schema 文件（顶层无 events 键）：res://data/json/events/chests.json
[SchemaValidator] 跳过非事件 schema 文件（顶层无 events 键）：res://data/json/events/investigates.json
[SchemaValidator] 跳过非事件 schema 文件（顶层无 events 键）：res://data/json/events/teleports.json
[EventLoader] 加载完成：8 文件 / 20 事件（失败 0）
* test_c1_三切换点时序0123单向推进
[SchemaValidator] 跳过非事件 schema 文件（顶层无 events 键）：res://data/json/events/chests.json
[SchemaValidator] 跳过非事件 schema 文件（顶层无 events 键）：res://data/json/events/investigates.json
[SchemaValidator] 跳过非事件 schema 文件（顶层无 events 键）：res://data/json/events/teleports.json
[EventLoader] 加载完成：8 文件 / 20 事件（失败 0）
[SchemaValidator] 跳过非事件 schema 文件（顶层无 events 键）：res://data/json/events/chests.json
[SchemaValidator] 跳过非事件 schema 文件（顶层无 events 键）：res://data/json/events/investigates.json
[SchemaValidator] 跳过非事件 schema 文件（顶层无 events 键）：res://data/json/events/teleports.json
[EventLoader] 加载完成：8 文件 / 20 事件（失败 0）
[EventExecutor] story_ruin_enter 条件不满足，跳过
[EventExecutor] story_boss_pre 条件不满足，跳过
[DialogueRunner] 开演：story_p1_dispatch（2 条目）
[EventExecutor] set_story_phase -> 1（story_quest_accept）
[DialogueRunner] 拒绝：状态机非 IDLE（当前 PLAYING），忽略触发
[EventExecutor] dialogue "story_p1_dispatch" 被拒（story_quest_accept）
[EventExecutor] set_story_phase -> 1（story_quest_accept）
[DialogueRunner] 拒绝：状态机非 IDLE（当前 PLAYING），忽略触发
[EventExecutor] dialogue "story_p2_ruin_enter" 被拒（story_ruin_enter）
[EventExecutor] set_story_phase -> 2（story_ruin_enter）
[DialogueRunner] 拒绝：状态机非 IDLE（当前 PLAYING），忽略触发
[EventExecutor] dialogue "story_p2_ruin_enter" 被拒（story_ruin_enter）
[EventExecutor] set_story_phase -> 2（story_ruin_enter）
[DialogueRunner] 拒绝：状态机非 IDLE（当前 PLAYING），忽略触发
[EventExecutor] dialogue "story_p3_finale" 被拒（story_boss_pre）
[EventExecutor] set_story_phase -> 3（story_boss_pre）
[EventExecutor] save_point：已发存档请求（story_boss_pre）
* test_c2_切换点3战段发存档请求
[SchemaValidator] 跳过非事件 schema 文件（顶层无 events 键）：res://data/json/events/chests.json
[SchemaValidator] 跳过非事件 schema 文件（顶层无 events 键）：res://data/json/events/investigates.json
[SchemaValidator] 跳过非事件 schema 文件（顶层无 events 键）：res://data/json/events/teleports.json
[EventLoader] 加载完成：8 文件 / 20 事件（失败 0）
[SchemaValidator] 跳过非事件 schema 文件（顶层无 events 键）：res://data/json/events/chests.json
[SchemaValidator] 跳过非事件 schema 文件（顶层无 events 键）：res://data/json/events/investigates.json
[SchemaValidator] 跳过非事件 schema 文件（顶层无 events 键）：res://data/json/events/teleports.json
[EventLoader] 加载完成：8 文件 / 20 事件（失败 0）
[DialogueRunner] 开演：story_p3_finale（2 条目）
[EventExecutor] set_story_phase -> 3（story_boss_pre）
[EventExecutor] save_point：已发存档请求（story_boss_pre）
* test_d1_菲奥拉事件登记且phase映射齐备
[SchemaValidator] 跳过非事件 schema 文件（顶层无 events 键）：res://data/json/events/chests.json
[SchemaValidator] 跳过非事件 schema 文件（顶层无 events 键）：res://data/json/events/investigates.json
[SchemaValidator] 跳过非事件 schema 文件（顶层无 events 键）：res://data/json/events/teleports.json
[EventLoader] 加载完成：8 文件 / 20 事件（失败 0）
* test_d2_菲奥拉阶段变化端到端
[SchemaValidator] 跳过非事件 schema 文件（顶层无 events 键）：res://data/json/events/chests.json
[SchemaValidator] 跳过非事件 schema 文件（顶层无 events 键）：res://data/json/events/investigates.json
[SchemaValidator] 跳过非事件 schema 文件（顶层无 events 键）：res://data/json/events/teleports.json
[EventLoader] 加载完成：8 文件 / 20 事件（失败 0）
[DialogueRunner] 开演：dlg_npc_13_fiona（1 条目）
[DialogueRunner] 强制收束（读档安全，边缘 5）：弃 dlg_npc_13_fiona → IDLE
[EventExecutor] set_story_phase -> 1（ev_d2）
[DialogueRunner] 开演：dlg_npc_13_fiona_p12（1 条目）
[1m9/9 passed.
[0m[4m

res://tests/gut/test_sanity.gd
[0m* test_sanity_框架可用_一加一等于二
* test_sanity_四_autoload_可访问
* test_sanity_事件总线是节点
* test_sanity_所有测试脚本都能被GUT收集
[1m4/4 passed.
[0m[4m

res://tests/gut/test_smk_migration.gd
[0m* test_smk01_四_autoload_注册生效
* test_smk02_六信号_声明齐全参数一致
* test_smk03_六信号_可_connect
* test_smk04_emit_参数原样送达
[SceneRouter] 拒绝切换：未找到常驻根 Main/World（Router 依赖 A4 结构；请从 res://scenes/main.tscn 启动）
WARNING: [BattleResultHandler] VICTORY 但击破凭据为空（result 与暂存载荷均无 defeat_enemy_uid），敌人将保留
   at: push_warning (core/variant/variant_utility.cpp:1033)
   GDScript backtrace (most recent call first):
       [0] _on_battle_finished (res://scripts/battle/battle_result_handler.gd:70)
       [1] test_smk04_emit_参数原样送达 (res://tests/gut/test_smk_migration.gd:102)
       [2] _run_test (res://addons/gut/gut.gd:622)
       [3] _test_the_scripts (res://addons/gut/gut.gd:835)
WARNING: [BattleResultHandler] 无回图目标（result/staged 均缺 return_map），停留当前场景
   at: push_warning (core/variant/variant_utility.cpp:1033)
   GDScript backtrace (most recent call first):
       [0] _on_battle_finished (res://scripts/battle/battle_result_handler.gd:105)
       [1] test_smk04_emit_参数原样送达 (res://tests/gut/test_smk_migration.gd:102)
       [2] _run_test (res://addons/gut/gut.gd:622)
       [3] _test_the_scripts (res://addons/gut/gut.gd:835)
* test_smk05_EventBus_无状态越界
* test_smk06_GameData_字段齐全且带类型标注
[1m6/6 passed.
[0m



[33m==============================================[0m
[33m= 10016 Orphans[0m
[33m==============================================[0m
test_e3s4.gd
    - test_八要素逐项在场
[33m        * [<Control#317273934862>(battle_ui.gd)] + 627[0m
    - test_击退后预告条立即刷新
[33m        * [<Control#338631330696>(battle_ui.gd)] + 627[0m
    - test_9slice_边条平铺不拉伸
[33m        * [<Control#360374605275>(battle_ui.gd)] + 627[0m
    - test_指令菜单_攻击防御永远可用
[33m        * [<Control#381581007564>(battle_ui.gd)] + 633[0m
    - test_B1锁技能_技能按钮置灰
[33m        * [<Control#402971959239>(battle_ui.gd)] + 627[0m
    - test_Boss战_逃跑按钮置灰
[33m        * [<Control#424178361527>(battle_ui.gd)] + 627[0m
    - test_预估伤害区间格式
[33m        * [<Control#445401541030>(battle_ui.gd)] + 613[0m
    - test_predict_for_与真值一致
[33m        * [<Control#466171735675>(battle_ui.gd)] + 627[0m
    - test_浮动数字_生成
[33m        * [<Control#487378137962>(battle_ui.gd)] + 615[0m
    - test_结算画面_显示
[33m        * [<Control#508248995907>(battle_ui.gd)] + 627[0m
test_e3s5.gd
    - test_背景层存在且提供截图接口
[33m        * [<Control#529774165314>(battle_ui.gd)] + 613[0m
    - test_进战转场黑屏触发
[33m        * [<Control#550510805526>(battle_ui.gd)] + 613[0m
    - test_受击闪白与浮动数字
[33m        * [<Control#571281000171>(battle_ui.gd)] + 628[0m
    - test_克制弹字与跨战斗记忆写入
[33m        * [<Control#592873262086>(battle_ui.gd)] + 628[0m
    - test_真实流程_火球命中甲虫触发弱点三步
[33m        * [<Control#614415225032>(battle_ui.gd)] + 635[0m
test_e3s6.gd
    - test_边缘5_道具耗尽置灰
[33m        * [<Control#637282565434>(battle_ui.gd)] + 633[0m


[33m==============================================
[0m[33m= Run Summary
[0m[33m==============================================
[0m
Totals
------
Scripts              24
Tests               393
Passing Tests       393
Asserts            7563
Orphans           10016
Time              24.953s


[32m---- All tests passed! ----
[0m
ERROR: 2 RID allocations of type 'PN13RendererDummy14TextureStorage12DummyTextureE' were leaked at exit.
ERROR: 544 RID allocations of type 'PN18TextServerAdvanced22ShapedTextDataAdvancedE' were leaked at exit.
ERROR: 1 RID allocations of type 'PN18TextServerAdvanced12FontAdvancedE' were leaked at exit.
WARNING: 10001 RIDs of type "CanvasItem" were leaked.
   at: _free_rids (servers/rendering/renderer_canvas_cull.cpp:2735)
WARNING: 20134 ObjectDB instances were leaked at exit (run with `--verbose` for details).
   at: cleanup (core/object/object.cpp:2536)
ERROR: 6 resources still in use at exit (run with --verbose for details).
   at: clear (core/io/resource.cpp:822)
EXIT=0
