Godot Engine v4.7.2.stable.official.ed1daf0bf - https://godotengine.org

[MainController] 常驻根就绪：Main / World / UILayer(CanvasLayer) + FadeMask —— 架构 A4
[SceneRouter] 受理切换 -> res://scenes/maps/town.tscn
[Player] 就绪：脚底原点 / 72px/s / 0.15s 转向缓冲 / FLOATING 运动模式 / 输入锁就位
[SchemaValidator] 跳过非事件 schema 文件（顶层无 events 键）：res://data/json/events/chests.json
[SchemaValidator] 跳过非事件 schema 文件（顶层无 events 键）：res://data/json/events/investigates.json
[SchemaValidator] 跳过非事件 schema 文件（顶层无 events 键）：res://data/json/events/teleports.json
[EventLoader] 加载完成：8 文件 / 20 事件（失败 0）
[MapEvents] town 装配完成：宝箱 1 + 调查 6
[TeleportAssembler] town 装配完成：传送触发器 5 处
[AutosaveNotifier] town 无存档意图（启动装载/同图传送），跳过写盘
[SceneRouter] 装载完成 -> res://scenes/maps/town.tscn
[Player] 就绪：脚底原点 / 72px/s / 0.15s 转向缓冲 / FLOATING 运动模式 / 输入锁就位
[SchemaValidator] 跳过非事件 schema 文件（顶层无 events 键）：res://data/json/events/chests.json
[SchemaValidator] 跳过非事件 schema 文件（顶层无 events 键）：res://data/json/events/investigates.json
[SchemaValidator] 跳过非事件 schema 文件（顶层无 events 键）：res://data/json/events/teleports.json
[EventLoader] 加载完成：8 文件 / 20 事件（失败 0）
[MapEvents] town 装配完成：宝箱 1 + 调查 6
[TeleportAssembler] town 装配完成：传送触发器 5 处
[AutosaveNotifier] town 无存档意图（启动装载/同图传送），跳过写盘
[DialogueRunner] 开演：dlg_npc_04_guard（2 条目）
[E1S6-A1] PASS: 按 Z 触发对话：PLAYING + 框显示 + 锁定态 1s 位移 0.00px
[E1S6-A2] PASS: 逐字推进：0.5s 内 0 → 15 字（30字/s ±容差）
[E1S6-A2b] PASS: 按键补完：visible(26) == 全文(26)
[DialogueRunner] 对话结束：dlg_npc_04_guard → IDLE
[E1S6-A3] PASS: 收束：IDLE=true 框关=true dialogue_finished(1次)="dlg_npc_04_guard"（E5-S3 事件路径参数=映射脚本 id）
[E1S6-A3b] PASS: 解锁后移动恢复（0.5s 注入已离开原位，末帧位移 1.20px）
[DialogueRunner] 开演：dlg_npc_04_guard（2 条目）
[DialogueRunner] 对话结束：dlg_npc_04_guard → IDLE
[DialogueRunner] 开演：dlg_npc_04_guard（2 条目）
[DialogueRunner] 对话结束：dlg_npc_04_guard → IDLE
[E1S6-A4] PASS: 数据驱动：JSON 改文后全文="哨兵文本：JSON 数据驱动验证 E1S6"；复原后="站住——哦，是今天刚…"
[E1S6-R-A3] PASS: E1S5-A3 回归：12 锚点全对表
[E1S6-R-NPC] PASS: NPC 实体 2/2 摆位与锚点重合（脚底原点）
[TriggerTeleport] 同图传送 tp_town_door_inn -> (85.0, 17.0)
[TriggerTeleport] 同图传送 tp_town_inn_exit -> (29.0, 19.0)
[E1S6-R-A1] PASS: E1S5-A1 回归：Door_Inn 进出往返正常
[E1S6] 汇总：5/5 PASS
EXIT=0
