Godot Engine v4.7.2.stable.official.ed1daf0bf - https://godotengine.org
OpenGL API 3.3.0 - Build 31.0.101.2137 - Compatibility - Using Device: Intel - Intel(R) UHD Graphics

Movie Maker mode enabled, recording movie in 640×360 @ 30 FPS...
[SceneRouter] 受理切换 -> res://evidence/_m2_demo_map.tscn
[M2Demo] 启动：装载 demo 图 res://evidence/_m2_demo_map.tscn
[VisibleEnemy] 就绪：enemy_m2_demo（编组 slime_01）巡逻点 0 个
[Player] 就绪：脚底原点 / 72px/s / 0.15s 转向缓冲 / FLOATING 运动模式 / 输入锁就位
[TempPlayerMount] 玩家已挂载 -> YSorted/Player @ (160.0, 200.0)（脚底）
[WhiteBoxMap] 装载完成：m2_demo（显示色 (0.18, 0.28, 0.32, 1.0)）
[M2Demo] 地图就绪：m2_demo
[SceneRouter] 装载完成 -> res://evidence/_m2_demo_map.tscn
[M2Demo] 玩家向右走向敌人
[SceneRouter] 受理切换 -> res://scenes/battle/battle.tscn
[M2Demo] enemy_touched → 切入战斗
[VisibleEnemy] enemy_m2_demo 接触遇敌 -> slime_01（回置点 (344.0, 200.0)）
[BattleScene] 就绪：编组=slime_01 回图=res://evidence/_m2_demo_map.tscn 队伍=3 人
[SceneRouter] 装载完成 -> res://scenes/battle/battle.tscn
[M2Demo] 程序化触发：胜利按钮
[SceneRouter] 受理切换 -> res://evidence/_m2_demo_map.tscn
[BattleResultHandler] VICTORY 结算完成 -> 回图 res://evidence/_m2_demo_map.tscn（回置 (344.0, 200.0)）
[M2Demo] battle_finished → VICTORY
[BattleScene] 结局模拟 -> VICTORY（party_state 占位 3 条）
[VisibleEnemy] enemy_m2_demo 已在击破集合，装载即移除（不复活）
[Player] 就绪：脚底原点 / 72px/s / 0.15s 转向缓冲 / FLOATING 运动模式 / 输入锁就位
[TempPlayerMount] 玩家已挂载 -> YSorted/Player @ (160.0, 200.0)（脚底）
[WhiteBoxMap] 装载完成：m2_demo（显示色 (0.18, 0.28, 0.32, 1.0)）
[M2Demo] 战后回图完成（敌人应已自删、玩家已回置+免疫）
[SceneRouter] 装载完成 -> res://evidence/_m2_demo_map.tscn
[BattleResultHandler] 玩家回置 -> (344.0, 200.0)，免疫 0.5s 启动
[M2Demo] 录制完成：四要素覆盖 —— 遇敌/切入战斗/胜利按钮/回图
--------------------------------------------------------------------------------
Done recording movie at path: D:/code/cordit/evidence/m2-gameplay.avi
262 frames at 30 FPS (movie length: 00:00:08:22), recorded in 00:00:05 (160% of real-time speed).
CPU render time: 0.06 seconds (average: 0.24 ms/frame)
GPU render time: 0.04 seconds (average: 0.16 ms/frame)
Encoding time: 0.72 seconds (average: 2.75 ms/frame)
--------------------------------------------------------------------------------
