Godot Engine v4.7.2.stable.official.ed1daf0bf - https://godotengine.org
OpenGL API 3.3.0 - Build 31.0.101.2137 - Compatibility - Using Device: Intel - Intel(R) UHD Graphics

Movie Maker mode enabled, recording movie in 640×360 @ 30 FPS...
[M3Demo] 启动：M3 门3 自动演示（b2_beetles 弱火教学场，禁随机）
[M3Demo] 装载 demo 图 res://tests/smoke/fixtures/map_a.tscn
[SceneRouter] 受理切换 -> res://tests/smoke/fixtures/map_a.tscn
[Player] 就绪：脚底原点 / 72px/s / 0.15s 转向缓冲 / FLOATING 运动模式 / 输入锁就位
[TempPlayerMount] 玩家已挂载 -> YSorted/Player @ (96.0, 160.0)（脚底）
[WhiteBoxMap] 装载完成：map_a（显示色 (0.25, 0.45, 0.3, 1.0)）
[SceneRouter] 装载完成 -> res://tests/smoke/fixtures/map_a.tscn
[M3Demo] 玩家向右前进 1.6s
[M3Demo] 触发进战（enemy_touched 同源：Router 受理 + payload 校验）
[SceneRouter] 受理切换 -> res://evidence/_m3_battle_host.tscn
[M3Demo][BattleHost] 就绪：编组=b2_beetles 回图=res://tests/smoke/fixtures/map_a.tscn（组装真实 BattleCommand + BattleUI）
[SceneRouter] 装载完成 -> res://evidence/_m3_battle_host.tscn
[M3Demo] 凯尔 行动：普攻 → 敌方槽位 0
[M3Demo] 莫娜 行动：防御
[M3Demo] 莉娜 行动：技能 fireball → 槽位 0
[M3Demo] 敌方 雷壳甲虫 行动（AI roll=0.0 → attack）
[M3Demo] 凯尔 行动：防御
[M3Demo] 莫娜 行动：技能 heal → 槽位 0
[M3Demo] 莉娜 行动：技能 fireball → 槽位 1
[M3Demo] 敌方 雷壳甲虫 行动（AI roll=0.0 → attack）
[M3Demo] 凯尔 行动：防御
[M3Demo] 莫娜 行动：技能 heal → 槽位 0
[M3Demo] 莉娜 行动：技能 fireball → 槽位 1
[M3Demo] 结局 -> VICTORY（结算画面展示 2.2s）
[M3Demo] 出战黑屏（play_outro 0.5s）
[M3Demo] 发 battle_finished → BattleResultHandler 写回 + 回图
[SceneRouter] 受理切换 -> res://tests/smoke/fixtures/map_a.tscn
[BattleResultHandler] VICTORY 结算完成 -> 回图 res://tests/smoke/fixtures/map_a.tscn（回置 (96.0, 160.0)）
[M3Demo] battle_finished 收到（VICTORY）→ 等待处理器回图
[Player] 就绪：脚底原点 / 72px/s / 0.15s 转向缓冲 / FLOATING 运动模式 / 输入锁就位
[TempPlayerMount] 玩家已挂载 -> YSorted/Player @ (96.0, 160.0)（脚底）
[WhiteBoxMap] 装载完成：map_a（显示色 (0.25, 0.45, 0.3, 1.0)）
[SceneRouter] 装载完成 -> res://tests/smoke/fixtures/map_a.tscn
[BattleResultHandler] 玩家回置 -> (96.0, 160.0)，免疫 0.5s 启动
[M3Demo] 录制完成：进战转场 / 普攻 / 火球弱点(闪白+弹字+击退) / 敌方行动 / 防御 / 治疗 / 胜利结算 / 回图 全覆盖
--------------------------------------------------------------------------------
Done recording movie at path: D:/code/cordit/evidence/m3-gameplay.avi
660 frames at 30 FPS (movie length: 00:00:22:00), recorded in 00:00:12 (183% of real-time speed).
CPU render time: 0.31 seconds (average: 0.46 ms/frame)
GPU render time: 0.34 seconds (average: 0.52 ms/frame)
Encoding time: 2.03 seconds (average: 3.08 ms/frame)
--------------------------------------------------------------------------------
