Godot Engine v4.7.2.stable.official.ed1daf0bf - https://godotengine.org

[M5Demo] 启动：M5 收口自动演示（对话事件/Boss 锚点/I5 全序列，禁随机）
[M5Demo] 第 1 幕：装载 town（R2 初始场景）
[SceneRouter] 受理切换 -> res://scenes/maps/town.tscn
[Player] 就绪：脚底原点 / 72px/s / 0.15s 转向缓冲 / FLOATING 运动模式 / 输入锁就位
[SchemaValidator] 跳过非事件 schema 文件（顶层无 events 键）：res://data/json/events/chests.json
[SchemaValidator] 跳过非事件 schema 文件（顶层无 events 键）：res://data/json/events/investigates.json
[SchemaValidator] 跳过非事件 schema 文件（顶层无 events 键）：res://data/json/events/teleports.json
[EventLoader] 加载完成：8 文件 / 20 事件（失败 0）
[MapEvents] town 装配完成：宝箱 1 + 调查 6
[TeleportAssembler] town 装配完成：传送触发器 5 处
[AutosaveNotifier] town 无存档意图（启动装载/同图传送），跳过写盘
[SceneRouter] 装载完成 -> res://scenes/maps/town.tscn
[M5Demo][walk] 开始 -> (200.0, 640.0)（起点 (192.0, 640.0)）
[M5Demo][walk] 结束 -> (195.6, 640.0)（历时 0.0s stuck=0.00）
[M5Demo][walk] 开始 -> (200.0, 328.0)（起点 (195.6, 640.0)）
[M5Demo] 走位被阻挡，兜底直落 -> (200.0, 328.0)（碰撞链路日志可查）
[M5Demo][walk] 结束 -> (200.0, 328.0)（历时 1.2s stuck=0.52）
[M5Demo][walk] 开始 -> (312.0, 328.0)（起点 (200.0, 328.0)）
[M5Demo] 走位被阻挡，兜底直落 -> (312.0, 328.0)（碰撞链路日志可查）
[M5Demo][walk] 结束 -> (312.0, 328.0)（历时 0.7s stuck=0.52）
[M5Demo][walk] 开始 -> (312.0, 318.0)（起点 (312.0, 328.0)）
[M5Demo][walk] 结束 -> (312.0, 320.7999)（历时 0.1s stuck=0.00）
[M5Demo][walk] 开始 -> (488.0, 316.0)（起点 (312.0, 320.7999)）
[M5Demo][walk] 结束 -> (484.7358, 316.089)（历时 1.2s stuck=0.00）
[M5Demo] 朝向已设 -> (0.0, -1.0)（交互射线对准北面目标）
[DialogueRunner] 开演：dlg_npc_01_innkeeper（2 条目）
[M5Demo] 交互注入（dispatch 直驱 npc_01_innkeeper_entity）：E5-S3 事件路径
[M5Demo] 对话已开演：npc_innkeeper 对话（耗时 0.0s）
[M5Demo] 翻页注入（runner 直驱）
[DialogueRunner] 对话结束：dlg_npc_01_innkeeper → IDLE
[M5Demo] 翻页注入（runner 直驱）
[M5Demo] 对话已收束：npc_innkeeper 收束（耗时 0.0s）
[M5Demo] 第 2 幕：走向南门（触发区中心 (208.0, 760.0)）
[M5Demo][walk] 开始 -> (200.0, 328.0)（起点 (484.7358, 316.089)）
[M5Demo] 走位被阻挡，兜底直落 -> (200.0, 328.0)（碰撞链路日志可查）
[M5Demo][walk] 结束 -> (200.0, 328.0)（历时 2.2s stuck=0.52）
[M5Demo][walk] 开始 -> (200.0, 736.0)（起点 (200.0, 328.0)）
[M5Demo] 走位被阻挡，兜底直落 -> (200.0, 736.0)（碰撞链路日志可查）
[M5Demo][walk] 结束 -> (200.0, 736.0)（历时 0.9s stuck=0.52）
[M5Demo][walk] 开始 -> (208.0, 760.0)（起点 (200.0, 736.0)）
[SceneRouter] 受理切换 -> res://scenes/maps/road.tscn
[TriggerTeleport] 跨图传送 tp_town_to_road -> road（受理=true）
[M5Demo][walk] 结束 -> (206.8305, 756.4917)（历时 0.1s stuck=0.00）
[VisibleEnemy] 就绪：road_moth_01（编组 b1_moth）巡逻点 2 个 初始态 PATROL
[VisibleEnemy] 就绪：road_beetle_01（编组 b2_beetles）巡逻点 2 个 初始态 PATROL
[VisibleEnemy] 就绪：road_beetle_02（编组 b2_beetles）巡逻点 2 个 初始态 PATROL
[Player] 就绪：脚底原点 / 72px/s / 0.15s 转向缓冲 / FLOATING 运动模式 / 输入锁就位
[MapEvents] road 装配完成：宝箱 2 + 调查 3
[TeleportAssembler] road 装配完成：传送触发器 2 处
[SceneRouter] 装载完成 -> res://scenes/maps/road.tscn
[M5Demo] 期望日志：跨图落盘应已发生：[AutosaveNotifier] road + SaveManager 存档
[M5Demo] 第 3 幕：road 蛇形链（N0→H1→V1→H1b→V2→H2→V3），敌带全部避开
[M5Demo][walk] 开始 -> (384.0, 200.0)（起点 (384.0, 64.0)）
[M5Demo][walk] 结束 -> (384.0, 197.1997)（历时 0.9s stuck=0.00）
[M5Demo][walk] 开始 -> (696.0, 152.0)（起点 (384.0, 197.1997)）
[M5Demo][walk] 结束 -> (692.7784, 152.4667)（历时 2.2s stuck=0.00）
[M5Demo][walk] 开始 -> (696.0, 264.0)（起点 (692.7784, 152.4667)）
[M5Demo][walk] 结束 -> (695.8966, 260.4211)（历时 0.8s stuck=0.00）
[M5Demo][walk] 开始 -> (176.0, 280.0)（起点 (695.8966, 260.4211)）
[M5Demo] 走位被阻挡，兜底直落 -> (176.0, 280.0)（碰撞链路日志可查）
[M5Demo][walk] 结束 -> (176.0, 280.0)（历时 0.7s stuck=0.52）
[M5Demo][walk] 开始 -> (176.0, 344.0)（起点 (176.0, 280.0)）
[M5Demo][walk] 结束 -> (176.0, 340.0006)（历时 0.4s stuck=0.00）
[M5Demo][walk] 开始 -> (584.0, 440.0)（起点 (176.0, 340.0006)）
[M5Demo] 走位被阻挡，兜底直落 -> (584.0, 440.0)（碰撞链路日志可查）
[M5Demo][walk] 结束 -> (584.0, 440.0)（历时 0.6s stuck=0.52）
[M5Demo][walk] 开始 -> (584.0, 536.0)（起点 (584.0, 440.0)）
[M5Demo][walk] 结束 -> (584.0, 531.2009)（历时 0.6s stuck=0.00）
[M5Demo][walk] 开始 -> (72.0, 592.0)（起点 (584.0, 531.2009)）
[M5Demo] 走位被阻挡，兜底直落 -> (72.0, 592.0)（碰撞链路日志可查）
[M5Demo][walk] 结束 -> (72.0, 592.0)（历时 0.7s stuck=0.52）
[M5Demo][walk] 开始 -> (72.0, 760.0)（起点 (72.0, 592.0)）
[M5Demo][walk] 结束 -> (72.0, 755.2017)（历时 1.1s stuck=0.00）
[M5Demo][walk] 开始 -> (216.0, 856.0)（起点 (72.0, 755.2017)）
[M5Demo][walk] 结束 -> (213.5649, 854.2955)（历时 1.2s stuck=0.00）
[M5Demo][walk] 开始 -> (696.0, 872.0)（起点 (213.5649, 854.2955)）
[M5Demo][walk] 结束 -> (693.2449, 871.8988)（历时 3.3s stuck=0.00）
[M5Demo][walk] 开始 -> (696.0, 984.0)（起点 (693.2449, 871.8988)）
[M5Demo][walk] 结束 -> (695.8983, 979.8669)（历时 0.8s stuck=0.00）
[M5Demo][walk] 开始 -> (384.0, 984.0)（起点 (695.8983, 979.8669)）
[M5Demo][walk] 结束 -> (388.7264, 983.9374)（历时 2.1s stuck=0.00）
[M5Demo][walk] 开始 -> (384.0, 1024.0)（起点 (388.7264, 983.9374)）
[SceneRouter] 受理切换 -> res://scenes/maps/ruins_f1.tscn
[TriggerTeleport] 跨图传送 tp_road_to_f1 -> ruins_f1（受理=true）
[M5Demo][walk] 结束 -> (384.5086, 1019.689)（历时 0.2s stuck=0.00）
[VisibleEnemy] 就绪：ruins_f1_salamander（编组 b3_ruin_mix）巡逻点 2 个 初始态 PATROL
[VisibleEnemy] 就绪：ruins_f1_crystal（编组 b3_ruin_mix）巡逻点 2 个 初始态 PATROL
[Player] 就绪：脚底原点 / 72px/s / 0.15s 转向缓冲 / FLOATING 运动模式 / 输入锁就位
[MapEvents] ruins_f1 装配完成：宝箱 3 + 调查 4
[TeleportAssembler] ruins_f1 装配完成：传送触发器 2 处
[SceneRouter] 装载完成 -> res://scenes/maps/ruins_f1.tscn
[M5Demo] 期望日志：road→f1 跨图应已触发：tp_road_to_f1
[M5Demo] 第 4 幕：f1 蛇形链北上，巡逻带 (20,22)/(36,25) 均在中央避开
[M5Demo][walk] 开始 -> (448.0, 168.0)（起点 (448.0, 56.0)）
[M5Demo][walk] 结束 -> (448.0, 165.1998)（历时 0.8s stuck=0.00）
[M5Demo][walk] 开始 -> (728.0, 168.0)（起点 (448.0, 165.1998)）
[M5Demo][walk] 结束 -> (723.9888, 167.9599)（历时 1.9s stuck=0.00）
[M5Demo][walk] 开始 -> (728.0, 416.0)（起点 (723.9888, 167.9599)）
[M5Demo] 走位被阻挡，兜底直落 -> (728.0, 416.0)（碰撞链路日志可查）
[M5Demo][walk] 结束 -> (728.0, 416.0)（历时 1.1s stuck=0.52）
[M5Demo][walk] 开始 -> (176.0, 416.0)（起点 (728.0, 416.0)）
[M5Demo][walk] 结束 -> (180.7954, 416.0)（历时 3.8s stuck=0.00）
[M5Demo][walk] 开始 -> (176.0, 560.0)（起点 (180.7954, 416.0)）
[M5Demo][walk] 结束 -> (176.1624, 555.1235)（历时 1.0s stuck=0.00）
[M5Demo][walk] 开始 -> (456.0, 632.0)（起点 (176.1624, 555.1235)）
[M5Demo][walk] 结束 -> (452.6266, 630.9329)（历时 2.0s stuck=0.00）
[M5Demo][walk] 开始 -> (456.0, 656.0)（起点 (452.6266, 630.9329)）
[M5Demo][walk] 结束 -> (455.5074, 652.3397)（历时 0.1s stuck=0.00）
[M5Demo][walk] 开始 -> (456.0, 688.0)（起点 (455.5074, 652.3397)）
[M5Demo][walk] 结束 -> (455.9383, 683.5369)（历时 0.2s stuck=0.00）
[M5Demo] 期望日志：f1→f2 跨图应已触发：tp_f1_to_f2
[M5Demo] 第 5 幕：f2 蛇形链北上（B4 定守 (23,24) 正中，横道走南侧 y=27.5）
[M5Demo][walk] 开始 -> (384.0, 168.0)（起点 (455.9383, 683.5369)）
[M5Demo] 走位被阻挡，兜底直落 -> (384.0, 168.0)（碰撞链路日志可查）
[M5Demo][walk] 结束 -> (384.0, 168.0)（历时 1.6s stuck=0.52）
[M5Demo][walk] 开始 -> (664.0, 168.0)（起点 (384.0, 168.0)）
[M5Demo][walk] 结束 -> (660.0028, 168.0)（历时 1.9s stuck=0.00）
[M5Demo][walk] 开始 -> (664.0, 392.0)（起点 (660.0028, 168.0)）
[M5Demo] 走位被阻挡，兜底直落 -> (664.0, 392.0)（碰撞链路日志可查）
[M5Demo][walk] 结束 -> (664.0, 392.0)（历时 1.1s stuck=0.52）
[M5Demo][walk] 开始 -> (112.0, 440.0)（起点 (664.0, 392.0)）
[SceneRouter] 受理切换 -> res://scenes/battle/battle.tscn
[VisibleEnemy] ruins_f1_crystal 接触遇敌 -> b3_ruin_mix（回置点 (572.4376, 413.6076)）
[BattleScene] 就绪：编组=b3_ruin_mix 回图=res://scenes/maps/ruins_f1.tscn 队伍=3 人
[SceneRouter] 装载完成 -> res://scenes/battle/battle.tscn
SCRIPT ERROR: Invalid access to property or key 'global_position' on a base object of type 'previously freed'.
   at: _walk_to (res://evidence/_m5_auto_demo.gd:296)
   GDScript backtrace (most recent call first):
       [0] _walk_to (res://evidence/_m5_auto_demo.gd:296)
WARNING: [M5Demo] 找不到玩家，跳过走位 -> (112.0, 560.0)
   at: push_warning (core/variant/variant_utility.cpp:1033)
   GDScript backtrace (most recent call first):
       [0] _walk_to (res://evidence/_m5_auto_demo.gd:281)
       [1] _run (res://evidence/_m5_auto_demo.gd:184)
       [2] _walk_to (res://evidence/_m5_auto_demo.gd:296)
WARNING: [M5Demo] 找不到玩家，跳过走位 -> (384.0, 664.0)
   at: push_warning (core/variant/variant_utility.cpp:1033)
   GDScript backtrace (most recent call first):
       [0] _walk_to (res://evidence/_m5_auto_demo.gd:281)
       [1] _run (res://evidence/_m5_auto_demo.gd:185)
       [2] _walk_to (res://evidence/_m5_auto_demo.gd:296)
WARNING: [M5Demo] 找不到玩家，跳过走位 -> (384.0, 760.0)
   at: push_warning (core/variant/variant_utility.cpp:1033)
   GDScript backtrace (most recent call first):
       [0] _walk_to (res://evidence/_m5_auto_demo.gd:281)
       [1] _run (res://evidence/_m5_auto_demo.gd:186)
       [2] _walk_to (res://evidence/_m5_auto_demo.gd:296)
WARNING: [M5Demo] 找不到玩家，跳过走位 -> (384.0, 768.0)
   at: push_warning (core/variant/variant_utility.cpp:1033)
   GDScript backtrace (most recent call first):
       [0] _walk_to (res://evidence/_m5_auto_demo.gd:281)
       [1] _run (res://evidence/_m5_auto_demo.gd:187)
       [2] _walk_to (res://evidence/_m5_auto_demo.gd:296)
[M5Demo] 期望日志：f2→f3 跨图应已触发：tp_f2_to_f3
[M5Demo] 第 6 幕：走向棺前锚点 (312,552)，面北交互
WARNING: [M5Demo] 找不到玩家，跳过走位 -> (320.0, 120.0)
   at: push_warning (core/variant/variant_utility.cpp:1033)
   GDScript backtrace (most recent call first):
       [0] _walk_to (res://evidence/_m5_auto_demo.gd:281)
       [1] _run (res://evidence/_m5_auto_demo.gd:198)
       [2] _sleep (res://evidence/_m5_auto_demo.gd:267)
WARNING: [M5Demo] 找不到玩家，跳过走位 -> (544.0, 120.0)
   at: push_warning (core/variant/variant_utility.cpp:1033)
   GDScript backtrace (most recent call first):
       [0] _walk_to (res://evidence/_m5_auto_demo.gd:281)
       [1] _run (res://evidence/_m5_auto_demo.gd:199)
       [2] _sleep (res://evidence/_m5_auto_demo.gd:267)
WARNING: [M5Demo] 找不到玩家，跳过走位 -> (544.0, 296.0)
   at: push_warning (core/variant/variant_utility.cpp:1033)
   GDScript backtrace (most recent call first):
       [0] _walk_to (res://evidence/_m5_auto_demo.gd:281)
       [1] _run (res://evidence/_m5_auto_demo.gd:200)
       [2] _sleep (res://evidence/_m5_auto_demo.gd:267)
WARNING: [M5Demo] 找不到玩家，跳过走位 -> (176.0, 384.0)
   at: push_warning (core/variant/variant_utility.cpp:1033)
   GDScript backtrace (most recent call first):
       [0] _walk_to (res://evidence/_m5_auto_demo.gd:281)
       [1] _run (res://evidence/_m5_auto_demo.gd:201)
       [2] _sleep (res://evidence/_m5_auto_demo.gd:267)
WARNING: [M5Demo] 找不到玩家，跳过走位 -> (176.0, 440.0)
   at: push_warning (core/variant/variant_utility.cpp:1033)
   GDScript backtrace (most recent call first):
       [0] _walk_to (res://evidence/_m5_auto_demo.gd:281)
       [1] _run (res://evidence/_m5_auto_demo.gd:202)
       [2] _sleep (res://evidence/_m5_auto_demo.gd:267)
WARNING: [M5Demo] 找不到玩家，跳过走位 -> (240.0, 512.0)
   at: push_warning (core/variant/variant_utility.cpp:1033)
   GDScript backtrace (most recent call first):
       [0] _walk_to (res://evidence/_m5_auto_demo.gd:281)
       [1] _run (res://evidence/_m5_auto_demo.gd:203)
       [2] _sleep (res://evidence/_m5_auto_demo.gd:267)
WARNING: [M5Demo] 找不到玩家，跳过走位 -> (312.0, 552.0)
   at: push_warning (core/variant/variant_utility.cpp:1033)
   GDScript backtrace (most recent call first):
       [0] _walk_to (res://evidence/_m5_auto_demo.gd:281)
       [1] _run (res://evidence/_m5_auto_demo.gd:204)
       [2] _sleep (res://evidence/_m5_auto_demo.gd:267)
[M5Demo] 交互注入（runner 直驱兜底）
WARNING: [M5Demo] 等待开演超时：story_p3_boss_front 战前拍（runner=true）——后续按兜底流程走
   at: push_warning (core/variant/variant_utility.cpp:1033)
   GDScript backtrace (most recent call first):
       [0] _wait_dialogue_started (res://evidence/_m5_auto_demo.gd:449)
       [1] _sleep (res://evidence/_m5_auto_demo.gd:267)
[M5Demo] 翻页注入（runner 直驱）
[M5Demo] 翻页注入（runner 直驱）
WARNING: [M5Demo] 战斗挂起超时（暂停=false 转发=true）——替身切换改带兜底载荷
   at: push_warning (core/variant/variant_utility.cpp:1033)
   GDScript backtrace (most recent call first):
       [0] _wait_battle_suspended (res://evidence/_m5_auto_demo.gd:489)
       [1] _sleep (res://evidence/_m5_auto_demo.gd:267)
[SceneRouter] 受理切换 -> res://evidence/_m5_battle_host.tscn
[M5Demo] 第 7 幕：切 _m5_battle_host（真实 BattleCommand+UI，VICTORY 剧本）
[SceneRouter] 拒绝切换：上一轮切换（淡入淡出）尚未完成，拒绝重入
[M5Demo][BattleHost] 就绪：编组=b5_core（真实 BattleCommand+BattleUI，VICTORY 教学剧本）
[SceneRouter] 装载完成 -> res://evidence/_m5_battle_host.tscn
[M5Demo] R1 凯尔 行动：技能 heavy_slash → 槽位 0
[M5Demo] R1 莫娜 行动：技能 group_heal → 槽位 -1
[M5Demo] R1 莉娜 行动：技能 fireball → 槽位 0
[M5Demo] R1 核心 行动（AI roll=0.55 → 蓄力/释放拍）
[M5Demo] R2 凯尔 行动：技能 heavy_slash → 槽位 0
[M5Demo] R2 莫娜 行动：防御（蓄力应对教学拍）
[M5Demo] R2 莉娜 行动：技能 fireball → 槽位 0
[M5Demo] R2 核心 行动（AI roll=0.55 → 蓄力/释放拍）
[M5Demo] R3 凯尔 行动：技能 heavy_slash → 槽位 0
[M5Demo] R3 莫娜 行动：技能 group_heal → 槽位 -1
[M5Demo] R3 莉娜 行动：技能 fireball → 槽位 0
[M5Demo] R3 核心 行动（AI roll=0.55 → 蓄力/释放拍）
[M5Demo] R4 凯尔 行动：技能 heavy_slash → 槽位 0
[M5Demo] R4 莫娜 行动：防御（蓄力应对教学拍）
[M5Demo] R4 莉娜 行动：技能 fireball → 槽位 0
[M5Demo] R4 核心 行动（AI roll=0.55 → 蓄力/释放拍）
[M5Demo] R5 凯尔 行动：技能 heavy_slash → 槽位 0
[M5Demo] R5 莫娜 行动：技能 group_heal → 槽位 -1
[M5Demo] R5 莉娜 行动：技能 fireball → 槽位 0
[M5Demo] 结局 -> VICTORY（结算画面展示 2.6s）—— VICTORY 教学剧本达成
[M5Demo] 出战黑屏（play_outro 0.5s）
[M5Demo] 发 battle_finished(VICTORY) → 桥消费 → resolve_victory 续行战后段
[SceneRouter] 受理切换 -> res://scenes/maps/ruins_f3.tscn
[BattleResultHandler] VICTORY 结算完成 -> 回图 res://scenes/maps/ruins_f3.tscn（回置 (312.0, 552.0)）
[Player] 就绪：脚底原点 / 72px/s / 0.15s 转向缓冲 / FLOATING 运动模式 / 输入锁就位
[MapEvents] ruins_f3 装配完成：宝箱 1 + 调查 2
[TeleportAssembler] ruins_f3 装配完成：传送触发器 1 处
[SchemaValidator] 跳过非事件 schema 文件（顶层无 events 键）：res://data/json/events/chests.json
[SchemaValidator] 跳过非事件 schema 文件（顶层无 events 键）：res://data/json/events/investigates.json
[SchemaValidator] 跳过非事件 schema 文件（顶层无 events 键）：res://data/json/events/teleports.json
[EventLoader] 加载完成：8 文件 / 20 事件（失败 0）
[RuinsF3Map] Boss 锚点装配完成：story_boss_pre（交互键，事件 story_boss_pre）
[SceneRouter] 装载完成 -> res://scenes/maps/ruins_f3.tscn
[BattleResultHandler] 玩家回置 -> (312.0, 552.0)，免疫 0.5s 启动
[M5Demo] 期望日志：胜利续行应已发生：桥 VICTORY → resolve_victory → 战后段
[M5Demo] 第 8 幕：战后台词 + set_story_phase(3) + save_point
WARNING: [M5Demo] 等待开演超时：story_p3_finale 战后拍（runner=true）——后续按兜底流程走
   at: push_warning (core/variant/variant_utility.cpp:1033)
   GDScript backtrace (most recent call first):
       [0] _wait_dialogue_started (res://evidence/_m5_auto_demo.gd:449)
       [1] _sleep (res://evidence/_m5_auto_demo.gd:267)
[M5Demo] 翻页注入（runner 直驱）
[M5Demo] 翻页注入（runner 直驱）
[M5Demo] 对话已收束：story_p3_finale 收束（耗时 0.0s）
[M5Demo] 终态验证：story_phase=0（预期 3）
WARNING: [M5Demo] 终态验证 FAIL：story_phase=0 ≠ 3
   at: push_warning (core/variant/variant_utility.cpp:1033)
   GDScript backtrace (most recent call first):
       [0] _verify_m5_final_state (res://evidence/_m5_auto_demo.gd:506)
       [1] _run (res://evidence/_m5_auto_demo.gd:250)
       [2] _sleep (res://evidence/_m5_auto_demo.gd:267)
[M5Demo] 存档指纹：map= position=[0, 0]（预期 ruins_f3 / 棺前位 (312,552) 附近）
WARNING: [M5Demo] 终态验证 FAIL：存档图= ≠ ruins_f3
   at: push_warning (core/variant/variant_utility.cpp:1033)
   GDScript backtrace (most recent call first):
       [0] _verify_m5_final_state (res://evidence/_m5_auto_demo.gd:515)
       [1] _run (res://evidence/_m5_auto_demo.gd:250)
       [2] _sleep (res://evidence/_m5_auto_demo.gd:267)
[M5Demo] 收尾清理 demo 存档：user://save_m5_demo.json
[M5Demo] 自动退出（Movie Maker 收尾写盘）
