Godot Engine v4.7.2.stable.official.ed1daf0bf - https://godotengine.org

---  GUT  ---
[1m[INFO]:  [0musing [C:/Users/weixufeng/AppData/Local/Temp/m7a2-gut-1788803316/Godot/app_userdata/轨迹残响] for temporary output.
Godot version:  4.7.2
GUT version:  9.7.1
[4m

res://tests/gut/test_m7a1.gd
[0m* test_a1_town挂载后存在Lighting容器与Tint
[Player] 就绪：脚底原点 / 72px/s / 0.15s 转向缓冲 / FLOATING 运动模式 / 输入锁就位 / 行走图 M1
[SchemaValidator] 跳过非事件 schema 文件（顶层无 events 键）：res://data/json/events/chests.json
[SchemaValidator] 跳过非事件 schema 文件（顶层无 events 键）：res://data/json/events/investigates.json
[SchemaValidator] 跳过非事件 schema 文件（顶层无 events 键）：res://data/json/events/teleports.json
[EventLoader] 加载完成：10 文件 / 23 事件（失败 0）
[MapEvents] town 装配完成：宝箱 1 + 调查 6
[TeleportAssembler] town 装配完成：传送触发器 5 处
[TownMap] 非生产启动语境（current_scene=<null>），P0 锚点不接线
[AutosaveNotifier] town 无存档意图（启动装载/同图传送），跳过写盘
[MapLighting] Map_Town 光照装配完成：Tint=有 + 静态光 7 处（呼吸 3）+ 随身光=有
* test_a2_Lights子节点数等于配置光源数
[Player] 就绪：脚底原点 / 72px/s / 0.15s 转向缓冲 / FLOATING 运动模式 / 输入锁就位 / 行走图 M1
[SchemaValidator] 跳过非事件 schema 文件（顶层无 events 键）：res://data/json/events/chests.json
[SchemaValidator] 跳过非事件 schema 文件（顶层无 events 键）：res://data/json/events/investigates.json
[SchemaValidator] 跳过非事件 schema 文件（顶层无 events 键）：res://data/json/events/teleports.json
[EventLoader] 加载完成：10 文件 / 23 事件（失败 0）
[MapEvents] town 装配完成：宝箱 1 + 调查 6
[TeleportAssembler] town 装配完成：传送触发器 5 处
[TownMap] 非生产启动语境（current_scene=<null>），P0 锚点不接线
[AutosaveNotifier] town 无存档意图（启动装载/同图传送），跳过写盘
[MapLighting] Map_Town 光照装配完成：Tint=有 + 静态光 7 处（呼吸 3）+ 随身光=有
* test_a3_玩家随身光在位
[Player] 就绪：脚底原点 / 72px/s / 0.15s 转向缓冲 / FLOATING 运动模式 / 输入锁就位 / 行走图 M1
[SchemaValidator] 跳过非事件 schema 文件（顶层无 events 键）：res://data/json/events/chests.json
[SchemaValidator] 跳过非事件 schema 文件（顶层无 events 键）：res://data/json/events/investigates.json
[SchemaValidator] 跳过非事件 schema 文件（顶层无 events 键）：res://data/json/events/teleports.json
[EventLoader] 加载完成：10 文件 / 23 事件（失败 0）
[MapEvents] town 装配完成：宝箱 1 + 调查 6
[TeleportAssembler] town 装配完成：传送触发器 5 处
[TownMap] 非生产启动语境（current_scene=<null>），P0 锚点不接线
[AutosaveNotifier] town 无存档意图（启动装载/同图传送），跳过写盘
[MapLighting] Map_Town 光照装配完成：Tint=有 + 静态光 7 处（呼吸 3）+ 随身光=有
* test_b1_静态光源逐项与配置表一致
[Player] 就绪：脚底原点 / 72px/s / 0.15s 转向缓冲 / FLOATING 运动模式 / 输入锁就位 / 行走图 M1
[SchemaValidator] 跳过非事件 schema 文件（顶层无 events 键）：res://data/json/events/chests.json
[SchemaValidator] 跳过非事件 schema 文件（顶层无 events 键）：res://data/json/events/investigates.json
[SchemaValidator] 跳过非事件 schema 文件（顶层无 events 键）：res://data/json/events/teleports.json
[EventLoader] 加载完成：10 文件 / 23 事件（失败 0）
[MapEvents] town 装配完成：宝箱 1 + 调查 6
[TeleportAssembler] town 装配完成：传送触发器 5 处
[TownMap] 非生产启动语境（current_scene=<null>），P0 锚点不接线
[AutosaveNotifier] town 无存档意图（启动装载/同图传送），跳过写盘
[MapLighting] Map_Town 光照装配完成：Tint=有 + 静态光 7 处（呼吸 3）+ 随身光=有
* test_b2_光源位置像素坐标口径
[Player] 就绪：脚底原点 / 72px/s / 0.15s 转向缓冲 / FLOATING 运动模式 / 输入锁就位 / 行走图 M1
[SchemaValidator] 跳过非事件 schema 文件（顶层无 events 键）：res://data/json/events/chests.json
[SchemaValidator] 跳过非事件 schema 文件（顶层无 events 键）：res://data/json/events/investigates.json
[SchemaValidator] 跳过非事件 schema 文件（顶层无 events 键）：res://data/json/events/teleports.json
[EventLoader] 加载完成：10 文件 / 23 事件（失败 0）
[MapEvents] town 装配完成：宝箱 1 + 调查 6
[TeleportAssembler] town 装配完成：传送触发器 5 处
[TownMap] 非生产启动语境（current_scene=<null>），P0 锚点不接线
[AutosaveNotifier] town 无存档意图（启动装载/同图传送），跳过写盘
[MapLighting] Map_Town 光照装配完成：Tint=有 + 静态光 7 处（呼吸 3）+ 随身光=有
* test_b3_呼吸光标记与容器归属
[Player] 就绪：脚底原点 / 72px/s / 0.15s 转向缓冲 / FLOATING 运动模式 / 输入锁就位 / 行走图 M1
[SchemaValidator] 跳过非事件 schema 文件（顶层无 events 键）：res://data/json/events/chests.json
[SchemaValidator] 跳过非事件 schema 文件（顶层无 events 键）：res://data/json/events/investigates.json
[SchemaValidator] 跳过非事件 schema 文件（顶层无 events 键）：res://data/json/events/teleports.json
[EventLoader] 加载完成：10 文件 / 23 事件（失败 0）
[MapEvents] town 装配完成：宝箱 1 + 调查 6
[TeleportAssembler] town 装配完成：传送触发器 5 处
[TownMap] 非生产启动语境（current_scene=<null>），P0 锚点不接线
[AutosaveNotifier] town 无存档意图（启动装载/同图传送），跳过写盘
[MapLighting] Map_Town 光照装配完成：Tint=有 + 静态光 7 处（呼吸 3）+ 随身光=有
* test_b4_重复装配幂等复用
[Player] 就绪：脚底原点 / 72px/s / 0.15s 转向缓冲 / FLOATING 运动模式 / 输入锁就位 / 行走图 M1
[SchemaValidator] 跳过非事件 schema 文件（顶层无 events 键）：res://data/json/events/chests.json
[SchemaValidator] 跳过非事件 schema 文件（顶层无 events 键）：res://data/json/events/investigates.json
[SchemaValidator] 跳过非事件 schema 文件（顶层无 events 键）：res://data/json/events/teleports.json
[EventLoader] 加载完成：10 文件 / 23 事件（失败 0）
[MapEvents] town 装配完成：宝箱 1 + 调查 6
[TeleportAssembler] town 装配完成：传送触发器 5 处
[TownMap] 非生产启动语境（current_scene=<null>），P0 锚点不接线
[AutosaveNotifier] town 无存档意图（启动装载/同图传送），跳过写盘
[MapLighting] Map_Town 光照装配完成：Tint=有 + 静态光 7 处（呼吸 3）+ 随身光=有
[MapLighting] Map_Town 已有光照层，复用既有容器（防重复装配）
[1m7/7 passed.
[0m



[33m==============================================
[0m[33m= Run Summary
[0m[33m==============================================
[0m
Totals
------
Scripts               1
Tests                 7
Passing Tests         7
Asserts              84
Time              3.86s


Ran Scripts matching "m7a1"
[32m---- All tests passed! ----
[0m
