Godot Engine v4.7.2.stable.official.ed1daf0bf - https://godotengine.org

---  GUT  ---
[1m[INFO]:  [0musing [D:/code/cordit/.godot_user_tmp/a1-sandbox/Godot/app_userdata/轨迹残响] for temporary output.
Godot version:  4.7.2
GUT version:  9.7.1
[4m

res://tests/gut/test_b01_guide.gd
[0m[4m

res://tests/gut/test_d3.gd
[0m[4m

res://tests/gut/test_e2s1.gd
[0m[4m

res://tests/gut/test_e2s2.gd
[0m[4m

res://tests/gut/test_e2s3.gd
[0m[4m

res://tests/gut/test_e2s4.gd
[0m[4m

res://tests/gut/test_e3s1.gd
[0m[4m

res://tests/gut/test_e3s2.gd
[0m[4m

res://tests/gut/test_e3s3.gd
[0m[4m

res://tests/gut/test_e3s4.gd
[0m[4m

res://tests/gut/test_e3s5.gd
[0m[4m

res://tests/gut/test_e3s6.gd
[0m[4m

res://tests/gut/test_e4s1.gd
[0m[4m

res://tests/gut/test_e4s2.gd
[0m[4m

res://tests/gut/test_e4s3.gd
[0m[4m

res://tests/gut/test_e4s4.gd
[0m[4m

res://tests/gut/test_e4s5.gd
[0m[4m

res://tests/gut/test_e4s6.gd
[0m[4m

res://tests/gut/test_e4s8.gd
[0m[4m

res://tests/gut/test_e5s1.gd
[0m[4m

res://tests/gut/test_e5s2.gd
[0m[4m

res://tests/gut/test_e5s3.gd
[0m[4m

res://tests/gut/test_e5s4.gd
[0m[4m

res://tests/gut/test_e5s5.gd
[0m[4m

res://tests/gut/test_e6s1.gd
[0m[4m

res://tests/gut/test_e6s2.gd
[0m[4m

res://tests/gut/test_e6s3.gd
[0m[4m

res://tests/gut/test_m6t41.gd
[0m[4m

res://tests/gut/test_m6t42.gd
[0m[4m

res://tests/gut/test_m7a1.gd
[0m[4m

res://tests/gut/test_m7r6.gd
[0m[4m

res://tests/gut/test_m8a2_npc_hint.gd
[0m[4m

res://tests/gut/test_m8a3_walls_ysorted.gd
[0m[4m

res://tests/gut/test_m8a4_story_once.gd
[0m[4m

res://tests/gut/test_m8b4_a1_charge_warning.gd
[0m* test_前置_roll注入确实命中charge权重带
* test_RED_charge事件应经event_emitted抵达UI侧
[1m2/2 passed.
[0m[4m

res://tests/gut/test_o6_real_battle.gd
[0m[4m

res://tests/gut/test_o7_ui_bridge.gd
[0m[4m

res://tests/gut/test_sanity.gd
[0m[4m

res://tests/gut/test_smk_migration.gd
[0m[4m

res://tests/gut/test_t65.gd
[0m



[33m==============================================
[0m[33m= Run Summary
[0m[33m==============================================
[0m
Totals
------
Scripts              40
Tests                 2
Passing Tests         2
Asserts               2
Time              0.523s


Ran Tests matching "charge"
[32m---- All tests passed! ----
[0m
