Godot Engine v4.7.2.stable.official.ed1daf0bf - https://godotengine.org

---  GUT  ---
[1m[INFO]:  [0musing [C:/Users/weixufeng/AppData/Roaming/Godot/app_userdata/轨迹残响] for temporary output.
Godot version:  4.7.2
GUT version:  9.7.1
[4m

res://tests/gut/test_d3.gd
[0m[4m

res://tests/gut/test_e2s1.gd
[0m[4m

res://tests/gut/test_e2s2.gd
[0m[4m

res://tests/gut/test_e2s3.gd
[0m[4m

res://tests/gut/test_e2s4.gd
[0m[4m

res://tests/gut/test_e3s1.gd
[0m[4m

res://tests/gut/test_e3s2.gd
[0m[4m

res://tests/gut/test_e3s3.gd
[0m[4m

res://tests/gut/test_e3s4.gd
[0m[4m

res://tests/gut/test_e3s5.gd
[0m[4m

res://tests/gut/test_e3s6.gd
[0m[4m

res://tests/gut/test_e4s1.gd
[0m[4m

res://tests/gut/test_e4s2.gd
[0m[4m

res://tests/gut/test_e4s3.gd
[0m[4m

res://tests/gut/test_e4s4.gd
[0m[4m

res://tests/gut/test_e4s5.gd
[0m[4m

res://tests/gut/test_e4s6.gd
[0m[4m

res://tests/gut/test_e4s8.gd
[0m[4m

res://tests/gut/test_e5s1.gd
[0m[4m

res://tests/gut/test_e5s2.gd
[0m[4m

res://tests/gut/test_e5s3.gd
[0m[4m

res://tests/gut/test_e5s4.gd
[0m[4m

res://tests/gut/test_e5s5.gd
[0m[4m

res://tests/gut/test_e6s1.gd
[0m[4m

res://tests/gut/test_e6s2.gd
[0m[4m

res://tests/gut/test_e6s3.gd
[0m[4m

res://tests/gut/test_m6t41.gd
[0m[4m

res://tests/gut/test_m6t42.gd
[0m[4m

res://tests/gut/test_m7a1.gd
[0m[4m

res://tests/gut/test_m7r6.gd
[0m[4m

res://tests/gut/test_o6_real_battle.gd
[0m[4m

res://tests/gut/test_o7_ui_bridge.gd
[0m[4m

res://tests/gut/test_sanity.gd
[0m[4m

res://tests/gut/test_smk_migration.gd
[0m[4m

res://tests/gut/test_t65.gd
[0m



[31m[GUT ERROR]:  [0mNothing was run.
On the one hand nothing failed, on the other hand nothing did anything.
Ran Tests matching "test_o7"
