Godot Engine v4.7.2.stable.official.ed1daf0bf - https://godotengine.org

WARNING: The signal "enemy_touched" is declared but never explicitly used in the class.
   at: GDScript::reload (res://autoload/event_bus.gd:13)
WARNING: The signal "dialogue_finished" is declared but never explicitly used in the class.
   at: GDScript::reload (res://autoload/event_bus.gd:16)
WARNING: The signal "battle_finished" is declared but never explicitly used in the class.
   at: GDScript::reload (res://autoload/event_bus.gd:20)
WARNING: The signal "story_phase_changed" is declared but never explicitly used in the class.
   at: GDScript::reload (res://autoload/event_bus.gd:23)
WARNING: The signal "save_requested" is declared but never explicitly used in the class.
   at: GDScript::reload (res://autoload/event_bus.gd:26)
WARNING: The signal "map_ready" is declared but never explicitly used in the class.
   at: GDScript::reload (res://autoload/event_bus.gd:29)
WARNING: The variable "exp" has the same name as a built-in function.
   at: GDScript::reload (res://scripts/data/enemy_data.gd:79)
[SMK-01] PASS: 四 Autoload 注册生效，root 单例 = ["GameData", "EventBus", "SceneRouter", "SaveManager"]
[SMK-02] PASS: 六信号齐全且参数一致 -> ["enemy_touched", "dialogue_finished", "battle_finished", "story_phase_changed", "save_requested", "map_ready"]
[SMK-03] PASS: 六信号全部 connect 成功
[SceneRouter] 拒绝切换：未找到常驻根 Main/World（Router 依赖 A4 结构；请从 res://scenes/main.tscn 启动）
[SMK-03] enemy_touched 收到: { "enemy_group_id": "slime_01", "return_map": "res://scenes/maps/road.tscn", "return_position": (64.0, 32.0), "defeat_enemy_uid": "enemy_road_01" }
[SMK-03] dialogue_finished 收到: evt_test_01
WARNING: [BattleResultHandler] VICTORY 但击破凭据为空（result 与暂存载荷均无 defeat_enemy_uid），敌人将保留
   at: push_warning (core/variant/variant_utility.cpp:1033)
   GDScript backtrace (most recent call first):
       [0] _on_battle_finished (res://scripts/battle/battle_result_handler.gd:70)
       [1] _check_smk04 (res://tests/smoke/headless_smk.gd:101)
       [2] _ready (res://tests/smoke/headless_smk.gd:18)
WARNING: [BattleResultHandler] 无回图目标（result/staged 均缺 return_map），停留当前场景
   at: push_warning (core/variant/variant_utility.cpp:1033)
   GDScript backtrace (most recent call first):
       [0] _on_battle_finished (res://scripts/battle/battle_result_handler.gd:105)
       [1] _check_smk04 (res://tests/smoke/headless_smk.gd:101)
       [2] _ready (res://tests/smoke/headless_smk.gd:18)
[SMK-03] battle_finished 收到: { "outcome": "VICTORY" }
[SMK-03] story_phase_changed 收到: 1
[SMK-03] save_requested 收到（无参）
[SMK-03] map_ready 收到: town
[SMK-04] PASS: 六信号参数原样送达（字典逐字段含 Vector2、int 1、无参回调均命中）
[SMK] 汇总：4/4 PASS
