Godot Engine v4.7.2.stable.official.ed1daf0bf - https://godotengine.org

WARNING: The signal "enemy_touched" is declared but never explicitly used in the class.
   at: GDScript::reload (res://autoload/event_bus.gd:13)
WARNING: The signal "dialogue_finished" is declared but never explicitly used in the class.
   at: GDScript::reload (res://autoload/event_bus.gd:16)
WARNING: The signal "battle_finished" is declared but never explicitly used in the class.
   at: GDScript::reload (res://autoload/event_bus.gd:20)
WARNING: The signal "story_phase_changed" is declared but never explicitly used in the class.
   at: GDScript::reload (res://autoload/event_bus.gd:23)
WARNING: The signal "save_requested" is declared but never explicitly used in the class.
   at: GDScript::reload (res://autoload/event_bus.gd:26)
WARNING: The signal "map_ready" is declared but never explicitly used in the class.
   at: GDScript::reload (res://autoload/event_bus.gd:29)
WARNING: The variable "exp" has the same name as a built-in function.
   at: GDScript::reload (res://scripts/data/enemy_data.gd:79)
WARNING: The class variable "_panel" is declared but never used in the class.
   at: GDScript::reload (res://scripts/dialogue/dialogue_box.gd:43)
WARNING: The local variable "consumed" is declared but never used in the block. If this is intended, prefix it with an underscore: "_consumed".
   at: GDScript::reload (res://scripts/dialogue/dialogue_runner.gd:119)
WARNING: The parameter "map" is never used in the function "_check_border_collision()". If this is intended, prefix it with an underscore: "_map".
   at: GDScript::reload (res://tests/smoke/headless_e1s5.gd:139)
WARNING: The local variable "t" is declared but never used in the block. If this is intended, prefix it with an underscore: "_t".
   at: GDScript::reload (res://tests/smoke/headless_e1s5.gd:162)
WARNING: The parameter "map" is never used in the function "_check_loop_walk()". If this is intended, prefix it with an underscore: "_map".
   at: GDScript::reload (res://tests/smoke/headless_e1s5.gd:219)
[Player] 就绪：脚底原点 / 72px/s / 0.15s 转向缓冲 / FLOATING 运动模式 / 输入锁就位
[SchemaValidator] 跳过非事件 schema 文件（顶层无 events 键）：res://data/json/events/chests.json
[SchemaValidator] 跳过非事件 schema 文件（顶层无 events 键）：res://data/json/events/investigates.json
[SchemaValidator] 跳过非事件 schema 文件（顶层无 events 键）：res://data/json/events/teleports.json
[EventLoader] 加载完成：8 文件 / 20 事件（失败 0）
[MapEvents] town 装配完成：宝箱 1 + 调查 6
[TeleportAssembler] town 装配完成：传送触发器 5 处
[AutosaveNotifier] town 无存档意图（启动装载/同图传送），跳过写盘
[E1S5-A3] PASS: 12 个 NPC 锚点全对表
[E1S5-A2] PASS: 四边边框均挡住玩家
[TriggerTeleport] 同图传送 tp_town_door_inn -> (85.0, 17.0)
[TriggerTeleport] 同图传送 tp_town_inn_exit -> (29.0, 19.0)
[TriggerTeleport] 同图传送 tp_town_door_house_a -> (85.0, 29.0)
[TriggerTeleport] 同图传送 tp_town_house_a_exit -> (12.0, 19.0)
[E1S5-A1] PASS: 4 门传送+limit 切换+防弹回全过
[E1S5-A4] PASS: 环线走通，回到出生点±40px，纯走 78.8s（区间 56~86）
[E1S5] 汇总：4/4 PASS
