Godot Engine v4.7.2.stable.official.ed1daf0bf - https://godotengine.org

WARNING: res://addons/gut/GutScene.tscn:3 - ext_resource, invalid UID: uid://bw7tukh738kw1 - using text path instead: res://addons/gut/GutScene.gd
   at: load (scene/resources/resource_format_text.cpp:501)
   GDScript backtrace (most recent call first):
       [0] @static_initializer (res://addons/gut/utils.gd:55)
       [1] _static_init (res://addons/gut/gut_loader.gd:40)
       [2] @static_initializer (res://addons/gut/gut_loader.gd:1)
       [3] _init (res://addons/gut/gut_cmdln.gd:24)
WARNING: res://addons/gut/GutScene.tscn:4 - ext_resource, invalid UID: uid://duxblir3vu8x7 - using text path instead: res://addons/gut/gui/NormalGui.tscn
   at: load (scene/resources/resource_format_text.cpp:501)
   GDScript backtrace (most recent call first):
       [0] @static_initializer (res://addons/gut/utils.gd:55)
       [1] _static_init (res://addons/gut/gut_loader.gd:40)
       [2] @static_initializer (res://addons/gut/gut_loader.gd:1)
       [3] _init (res://addons/gut/gut_cmdln.gd:24)
WARNING: res://addons/gut/gui/NormalGui.tscn:3 - ext_resource, invalid UID: uid://cstkhwkpajvqu - using text path instead: res://addons/gut/gui/GutSceneTheme.tres
   at: load (scene/resources/resource_format_text.cpp:501)
   GDScript backtrace (most recent call first):
       [0] @static_initializer (res://addons/gut/utils.gd:55)
       [1] _static_init (res://addons/gut/gut_loader.gd:40)
       [2] @static_initializer (res://addons/gut/gut_loader.gd:1)
       [3] _init (res://addons/gut/gut_cmdln.gd:24)
WARNING: res://addons/gut/gui/GutSceneTheme.tres:3 - ext_resource, invalid UID: uid://c6c7gnx36opr0 - using text path instead: res://addons/gut/fonts/AnonymousPro-Regular.ttf
   at: load (scene/resources/resource_format_text.cpp:501)
   GDScript backtrace (most recent call first):
       [0] @static_initializer (res://addons/gut/utils.gd:55)
       [1] _static_init (res://addons/gut/gut_loader.gd:40)
       [2] @static_initializer (res://addons/gut/gut_loader.gd:1)
       [3] _init (res://addons/gut/gut_cmdln.gd:24)
WARNING: res://addons/gut/gui/NormalGui.tscn:4 - ext_resource, invalid UID: uid://blvhsbnsvfyow - using text path instead: res://addons/gut/gui/gut_gui.gd
   at: load (scene/resources/resource_format_text.cpp:501)
   GDScript backtrace (most recent call first):
       [0] @static_initializer (res://addons/gut/utils.gd:55)
       [1] _static_init (res://addons/gut/gut_loader.gd:40)
       [2] @static_initializer (res://addons/gut/gut_loader.gd:1)
       [3] _init (res://addons/gut/gut_cmdln.gd:24)
WARNING: res://addons/gut/gui/NormalGui.tscn:5 - ext_resource, invalid UID: uid://bnh0lslf4yh87 - using text path instead: res://addons/gut/fonts/CourierPrime-Regular.ttf
   at: load (scene/resources/resource_format_text.cpp:501)
   GDScript backtrace (most recent call first):
       [0] @static_initializer (res://addons/gut/utils.gd:55)
       [1] _static_init (res://addons/gut/gut_loader.gd:40)
       [2] @static_initializer (res://addons/gut/gut_loader.gd:1)
       [3] _init (res://addons/gut/gut_cmdln.gd:24)
WARNING: res://addons/gut/gui/NormalGui.tscn:6 - ext_resource, invalid UID: uid://bvrqqgjpyouse - using text path instead: res://addons/gut/gui/ResizeHandle.tscn
   at: load (scene/resources/resource_format_text.cpp:501)
   GDScript backtrace (most recent call first):
       [0] @static_initializer (res://addons/gut/utils.gd:55)
       [1] _static_init (res://addons/gut/gut_loader.gd:40)
       [2] @static_initializer (res://addons/gut/gut_loader.gd:1)
       [3] _init (res://addons/gut/gut_cmdln.gd:24)
WARNING: res://addons/gut/gui/ResizeHandle.tscn:3 - ext_resource, invalid UID: uid://duf6rfdqr6yoc - using text path instead: res://addons/gut/gui/ResizeHandle.gd
   at: load (scene/resources/resource_format_text.cpp:501)
   GDScript backtrace (most recent call first):
       [0] @static_initializer (res://addons/gut/utils.gd:55)
       [1] _static_init (res://addons/gut/gut_loader.gd:40)
       [2] @static_initializer (res://addons/gut/gut_loader.gd:1)
       [3] _init (res://addons/gut/gut_cmdln.gd:24)
WARNING: res://addons/gut/GutScene.tscn:5 - ext_resource, invalid UID: uid://cnqqdfsn80ise - using text path instead: res://addons/gut/gui/MinGui.tscn
   at: load (scene/resources/resource_format_text.cpp:501)
   GDScript backtrace (most recent call first):
       [0] @static_initializer (res://addons/gut/utils.gd:55)
       [1] _static_init (res://addons/gut/gut_loader.gd:40)
       [2] @static_initializer (res://addons/gut/gut_loader.gd:1)
       [3] _init (res://addons/gut/gut_cmdln.gd:24)
WARNING: res://addons/gut/gui/MinGui.tscn:3 - ext_resource, invalid UID: uid://cstkhwkpajvqu - using text path instead: res://addons/gut/gui/GutSceneTheme.tres
   at: load (scene/resources/resource_format_text.cpp:501)
   GDScript backtrace (most recent call first):
       [0] @static_initializer (res://addons/gut/utils.gd:55)
       [1] _static_init (res://addons/gut/gut_loader.gd:40)
       [2] @static_initializer (res://addons/gut/gut_loader.gd:1)
       [3] _init (res://addons/gut/gut_cmdln.gd:24)
WARNING: res://addons/gut/gui/MinGui.tscn:4 - ext_resource, invalid UID: uid://bnh0lslf4yh87 - using text path instead: res://addons/gut/fonts/CourierPrime-Regular.ttf
   at: load (scene/resources/resource_format_text.cpp:501)
   GDScript backtrace (most recent call first):
       [0] @static_initializer (res://addons/gut/utils.gd:55)
       [1] _static_init (res://addons/gut/gut_loader.gd:40)
       [2] @static_initializer (res://addons/gut/gut_loader.gd:1)
       [3] _init (res://addons/gut/gut_cmdln.gd:24)
WARNING: res://addons/gut/gui/MinGui.tscn:5 - ext_resource, invalid UID: uid://blvhsbnsvfyow - using text path instead: res://addons/gut/gui/gut_gui.gd
   at: load (scene/resources/resource_format_text.cpp:501)
   GDScript backtrace (most recent call first):
       [0] @static_initializer (res://addons/gut/utils.gd:55)
       [1] _static_init (res://addons/gut/gut_loader.gd:40)
       [2] @static_initializer (res://addons/gut/gut_loader.gd:1)
       [3] _init (res://addons/gut/gut_cmdln.gd:24)
WARNING: res://addons/gut/gui/MinGui.tscn:6 - ext_resource, invalid UID: uid://bvrqqgjpyouse - using text path instead: res://addons/gut/gui/ResizeHandle.tscn
   at: load (scene/resources/resource_format_text.cpp:501)
   GDScript backtrace (most recent call first):
       [0] @static_initializer (res://addons/gut/utils.gd:55)
       [1] _static_init (res://addons/gut/gut_loader.gd:40)
       [2] @static_initializer (res://addons/gut/gut_loader.gd:1)
       [3] _init (res://addons/gut/gut_cmdln.gd:24)
WARNING: res://addons/gut/gui/RunExternally.tscn:3 - ext_resource, invalid UID: uid://bi8pg352un4om - using text path instead: res://addons/gut/gui/RunExternally.gd
   at: load (scene/resources/resource_format_text.cpp:501)
   GDScript backtrace (most recent call first):
       [0] @static_initializer (res://addons/gut/utils.gd:60)
       [1] _static_init (res://addons/gut/gut_loader.gd:40)
       [2] @static_initializer (res://addons/gut/gut_loader.gd:1)
       [3] _init (res://addons/gut/gut_cmdln.gd:24)
WARNING: res://addons/gut/gui/GutRunner.tscn:3 - ext_resource, invalid UID: uid://eg8k46gd42a4 - using text path instead: res://addons/gut/gui/GutRunner.gd
   at: load (scene/resources/resource_format_text.cpp:501)
   GDScript backtrace (most recent call first):
       [0] @implicit_new (res://addons/gut/cli/gut_cli.gd:5)
       [1] _init (res://addons/gut/gut_cmdln.gd:36)
WARNING: res://addons/gut/gui/GutRunner.tscn:4 - ext_resource, invalid UID: uid://m28heqtswbuq - using text path instead: res://addons/gut/GutScene.tscn
   at: load (scene/resources/resource_format_text.cpp:501)
   GDScript backtrace (most recent call first):
       [0] @implicit_new (res://addons/gut/cli/gut_cli.gd:5)
       [1] _init (res://addons/gut/gut_cmdln.gd:36)
---  GUT  ---
[1m[INFO]:  [0musing [C:/Users/weixufeng/AppData/Roaming/Godot/app_userdata/轨迹残响] for temporary output.
Godot version:  4.7.2
GUT version:  9.7.1
[4m

res://tests/gut/test_e2s1.gd
[0m* test_队伍恰好三名角色
* test_角色字段齐全且类型正确
* test_角色初始数值与战斗GDD一致
* test_职业构成剑士术士辅助各一
* test_角色记录是Resource子类而非裸Dictionary
* test_GameData_源码零IO函数
* test_GameData_新队伍字段仍有类型标注
* test_面板场景可实例化且根节点是CanvasLayer
* test_面板控件树不拦截鼠标输入
* test_面板挂载于UILayer子树而非World
* test_面板刷新不重建控件树
* test_toggle_开_关往返
* test_M键按下事件被判定为toggle
* test_M键事件驱动toggle_非_M_事件面板不动
[1m14/14 passed.
[0m[4m

res://tests/gut/test_sanity.gd
[0m* test_sanity_框架可用_一加一等于二
* test_sanity_四_autoload_可访问
* test_sanity_事件总线是节点
[1m3/3 passed.
[0m[4m

res://tests/gut/test_smk_migration.gd
[0m* test_smk01_四_autoload_注册生效
* test_smk02_六信号_声明齐全参数一致
* test_smk03_六信号_可_connect
* test_smk04_emit_参数原样送达
* test_smk05_EventBus_无状态越界
* test_smk06_GameData_字段齐全且带类型标注
[1m6/6 passed.
[0m



[33m==============================================
[0m[33m= Run Summary
[0m[33m==============================================
[0m
Totals
------
Scripts               3
Tests                23
Passing Tests        23
Asserts             176
Time              0.684s


[32m---- All tests passed! ----
[0m
