Godot Engine v4.7.2.stable.official.ed1daf0bf - https://godotengine.org

---  GUT  ---
[1m[INFO]:  [0musing [C:/Users/weixufeng/AppData/Roaming/Godot/app_userdata/轨迹残响] for temporary output.
Godot version:  4.7.2
GUT version:  9.7.1
[4m

res://tests/gut/test_e2s1.gd
[0m* test_队伍恰好三名角色
* test_角色字段齐全且类型正确
* test_角色初始数值与战斗GDD一致
* test_职业构成剑士术士辅助各一
* test_角色记录是Resource子类而非裸Dictionary
* test_GameData_源码零IO函数
* test_GameData_新队伍字段仍有类型标注
* test_面板场景可实例化且根节点是CanvasLayer
* test_面板控件树不拦截鼠标输入
* test_面板挂载于UILayer子树而非World
* test_面板刷新不重建控件树
* test_toggle_开_关往返
* test_M键按下事件被判定为toggle
* test_M键事件驱动toggle_非_M_事件面板不动
[1m14/14 passed.
[0m[4m

res://tests/gut/test_e2s2.gd
[0m* test_巡逻恒速每帧位移与循环回卷
[VisibleEnemy] 就绪：e1（编组 g1）巡逻点 2 个
* test_单点巡逻自动补全为两点往返
[VisibleEnemy] 就绪：e_single（编组 g1）巡逻点 2 个
* test_巡逻到点吸附无过冲
[VisibleEnemy] 就绪：e2（编组 g1）巡逻点 2 个
* test_空巡逻点驻守零移动
[VisibleEnemy] 就绪：e3（编组 g1）巡逻点 0 个
* test_接触载荷四字段全部正确
[VisibleEnemy] 就绪：enemy_x_01（编组 slime_01）巡逻点 0 个
[SceneRouter] 拒绝切换：未找到常驻根 Main/World（Router 依赖 A4 结构；请从 res://scenes/main.tscn 启动）
[VisibleEnemy] enemy_x_01 接触遇敌 -> slime_01（回置点 (200.0, 216.0)）
* test_回置点主导轴四向判定
[VisibleEnemy] 就绪：e_axis（编组 g1）巡逻点 0 个
[SceneRouter] 拒绝切换：未找到常驻根 Main/World（Router 依赖 A4 结构；请从 res://scenes/main.tscn 启动）
[VisibleEnemy] e_axis 接触遇敌 -> g1（回置点 (216.0, 200.0)）
[VisibleEnemy] 就绪：e_axis（编组 g1）巡逻点 0 个
[SceneRouter] 拒绝切换：未找到常驻根 Main/World（Router 依赖 A4 结构；请从 res://scenes/main.tscn 启动）
[VisibleEnemy] e_axis 接触遇敌 -> g1（回置点 (184.0, 200.0)）
[VisibleEnemy] 就绪：e_axis（编组 g1）巡逻点 0 个
[SceneRouter] 拒绝切换：未找到常驻根 Main/World（Router 依赖 A4 结构；请从 res://scenes/main.tscn 启动）
[VisibleEnemy] e_axis 接触遇敌 -> g1（回置点 (200.0, 216.0)）
[VisibleEnemy] 就绪：e_axis（编组 g1）巡逻点 0 个
[SceneRouter] 拒绝切换：未找到常驻根 Main/World（Router 依赖 A4 结构；请从 res://scenes/main.tscn 启动）
[VisibleEnemy] e_axis 接触遇敌 -> g1（回置点 (200.0, 184.0)）
* test_重复接触防重_离开后复位
[VisibleEnemy] 就绪：e_dup（编组 g1）巡逻点 0 个
[SceneRouter] 拒绝切换：未找到常驻根 Main/World（Router 依赖 A4 结构；请从 res://scenes/main.tscn 启动）
[VisibleEnemy] e_dup 接触遇敌 -> g1（回置点 (300.0, 316.0)）
[SceneRouter] 拒绝切换：未找到常驻根 Main/World（Router 依赖 A4 结构；请从 res://scenes/main.tscn 启动）
[VisibleEnemy] e_dup 接触遇敌 -> g1（回置点 (300.0, 316.0)）
* test_返回图回退链_导出值优先_路由簿记兜底
[VisibleEnemy] 就绪：e_fb（编组 g1）巡逻点 0 个
[SceneRouter] 拒绝切换：未找到常驻根 Main/World（Router 依赖 A4 结构；请从 res://scenes/main.tscn 启动）
[VisibleEnemy] e_fb 接触遇敌 -> g1（回置点 (100.0, 116.0)）
* test_敌人节点带全部导出量与触摸区
[VisibleEnemy] 就绪：e_struct（编组 g2）巡逻点 0 个
* test_接触过滤_只认CharacterBody2D
[VisibleEnemy] 就绪：e_filter（编组 g1）巡逻点 0 个
* test_真实玩家实例触发接触区回调
[VisibleEnemy] 就绪：e_real（编组 g1）巡逻点 0 个
[Player] 就绪：脚底原点 / 72px/s / 0.15s 转向缓冲 / FLOATING 运动模式 / 输入锁就位
[SceneRouter] 拒绝切换：未找到常驻根 Main/World（Router 依赖 A4 结构；请从 res://scenes/main.tscn 启动）
[VisibleEnemy] e_real 接触遇敌 -> g1（回置点 (416.0, 240.0)）
* test_碰撞矩阵_敌间无碰撞_敌与玩家地形有碰撞
[VisibleEnemy] 就绪：e_layer（编组 g1）巡逻点 0 个
* test_测试场fixture含两名敌人与玩家挂载
* test_waypoints_导出数组与节点序列合并
[VisibleEnemy] 就绪：VisibleEnemy（编组 ）巡逻点 4 个
[1m14/14 passed.
[0m[4m

res://tests/gut/test_e2s3.gd
[0m* test_Router_合法载荷受理
* test_Router_缺字段拒绝并逐条报因
[SceneRouter] payload 校验失败：缺字段 "enemy_group_id"
[SceneRouter] payload 校验失败：缺字段 "return_map"
[SceneRouter] payload 校验失败：缺字段 "return_position"
[SceneRouter] payload 校验失败：缺字段 "defeat_enemy_uid"
* test_Router_Vector2i冒充Vector2被拒
[SceneRouter] payload 校验失败：类型错 "return_position"：应为 Vector2，实为 Vector2i
* test_Router_多余字段放行不拒绝
[SceneRouter] 警告：payload 含协议外字段 "extra_note"（放行不拒绝）
* test_接线_合法载荷经信号装入战斗场景
[BattleScene] 就绪：编组=slime_01 回图=res://tests/smoke/fixtures/map_e2s2.tscn 队伍=3 人
[SceneRouter] 装载完成 -> res://scenes/battle/battle.tscn
[SceneRouter] 受理切换 -> res://scenes/battle/battle.tscn
* test_接线_非法载荷被拒_世界不动
[SceneRouter] payload 校验失败：类型错 "return_position"：应为 Vector2，实为 Vector2i
[SceneRouter] 拒绝切换到 "res://scenes/battle/battle.tscn"：BattlePayload 不合法（明细见上一行）
* test_战斗场景可实例化_空载荷防御态
[BattleScene] 就绪：编组=<空> 回图=<空> 队伍=3 人
* test_方块阵_同编组恒同阵_数量在界内
[BattleScene] 就绪：编组=slime_01 回图=res://tests/smoke/fixtures/map_e2s2.tscn 队伍=3 人
[BattleScene] 就绪：编组=slime_01 回图=res://tests/smoke/fixtures/map_e2s2.tscn 队伍=3 人
* test_战斗场景直读GameData队伍初始态
[BattleScene] 就绪：编组=slime_01 回图=res://tests/smoke/fixtures/map_e2s2.tscn 队伍=3 人
* test_胜利按钮发BattleResult_VICTORY带队伍快照
[BattleScene] 就绪：编组=slime_01 回图=res://tests/smoke/fixtures/map_e2s2.tscn 队伍=3 人
[SceneRouter] 拒绝切换：未找到常驻根 Main/World（Router 依赖 A4 结构；请从 res://scenes/main.tscn 启动）
[BattleResultHandler] VICTORY 结算完成 -> 回图 res://tests/smoke/fixtures/map_e2s2.tscn（回置 (64.0, 32.0)）
[BattleScene] 结局模拟 -> VICTORY（party_state 占位 3 条）
* test_失败按钮发BattleResult_DEFEAT
[BattleScene] 就绪：编组=slime_01 回图=res://tests/smoke/fixtures/map_e2s2.tscn 队伍=3 人
[SceneRouter] 拒绝切换：未找到常驻根 Main/World（Router 依赖 A4 结构；请从 res://scenes/main.tscn 启动）
[BattleResultHandler] DEFEAT 结算完成 -> 回图 res://tests/smoke/fixtures/map_e2s2.tscn（回置 (64.0, 32.0)）
[BattleScene] 结局模拟 -> DEFEAT（party_state 占位 3 条）
* test_按钮触发后GameData零变化
[BattleScene] 就绪：编组=slime_01 回图=res://tests/smoke/fixtures/map_e2s2.tscn 队伍=3 人
[SceneRouter] 拒绝切换：未找到常驻根 Main/World（Router 依赖 A4 结构；请从 res://scenes/main.tscn 启动）
[BattleResultHandler] VICTORY 结算完成 -> 回图 res://tests/smoke/fixtures/map_e2s2.tscn（回置 (64.0, 32.0)）
[BattleScene] 结局模拟 -> VICTORY（party_state 占位 3 条）
[SceneRouter] 拒绝切换：未找到常驻根 Main/World（Router 依赖 A4 结构；请从 res://scenes/main.tscn 启动）
[BattleResultHandler] DEFEAT 结算完成 -> 回图 res://tests/smoke/fixtures/map_e2s2.tscn（回置 (64.0, 32.0)）
[BattleScene] 结局模拟 -> DEFEAT（party_state 占位 3 条）
[1m12/12 passed.
[0m[4m

res://tests/gut/test_e2s4.gd
[0m* test_party_state快照逐字段覆写
* test_party_state含队伍外id跳过不炸
* test_VICTORY击破凭据写入cleared集合且查重
[SceneRouter] 拒绝切换：未找到常驻根 Main/World（Router 依赖 A4 结构；请从 res://scenes/main.tscn 启动）
[BattleResultHandler] VICTORY 结算完成 -> 回图 res://tests/smoke/fixtures/map_e2s2.tscn（回置 (100.0, 200.0)）
[SceneRouter] 拒绝切换：未找到常驻根 Main/World（Router 依赖 A4 结构；请从 res://scenes/main.tscn 启动）
[BattleResultHandler] VICTORY 结算完成 -> 回图 res://tests/smoke/fixtures/map_e2s2.tscn（回置 (100.0, 200.0)）
* test_数据驱动防复活_命中集合的敌人装载即自删
[VisibleEnemy] enemy_e2s2_a 已在击破集合，装载即移除（不复活）
[VisibleEnemy] 就绪：enemy_alive（编组 ）巡逻点 0 个
* test_VICTORY回图并回置_簿记清空
[VisibleEnemy] enemy_e2s2_a 已在击破集合，装载即移除（不复活）
[VisibleEnemy] 就绪：enemy_e2s2_b（编组 slime_02）巡逻点 2 个
[Player] 就绪：脚底原点 / 72px/s / 0.15s 转向缓冲 / FLOATING 运动模式 / 输入锁就位
[TempPlayerMount] 玩家已挂载 -> YSorted/Player @ (96.0, 320.0)（脚底）
[WhiteBoxMap] 装载完成：map_e2s2（显示色 (0.3, 0.25, 0.4, 1.0)）
[SceneRouter] 装载完成 -> res://tests/smoke/fixtures/map_e2s2.tscn
[SceneRouter] 受理切换 -> res://tests/smoke/fixtures/map_e2s2.tscn
[BattleResultHandler] VICTORY 结算完成 -> 回图 res://tests/smoke/fixtures/map_e2s2.tscn（回置 (100.0, 200.0)）
[BattleResultHandler] 玩家回置 -> (100.0, 200.0)，免疫 0.5s 启动
* test_VICTORY缺击破凭据仅告警不炸
[VisibleEnemy] 就绪：enemy_e2s2_a（编组 slime_01）巡逻点 2 个
[VisibleEnemy] 就绪：enemy_e2s2_b（编组 slime_02）巡逻点 2 个
[Player] 就绪：脚底原点 / 72px/s / 0.15s 转向缓冲 / FLOATING 运动模式 / 输入锁就位
[TempPlayerMount] 玩家已挂载 -> YSorted/Player @ (96.0, 320.0)（脚底）
[WhiteBoxMap] 装载完成：map_e2s2（显示色 (0.3, 0.25, 0.4, 1.0)）
[SceneRouter] 装载完成 -> res://tests/smoke/fixtures/map_e2s2.tscn
[SceneRouter] 受理切换 -> res://tests/smoke/fixtures/map_e2s2.tscn
[BattleResultHandler] VICTORY 结算完成 -> 回图 res://tests/smoke/fixtures/map_e2s2.tscn（回置 (100.0, 200.0)）
* test_DEFEAT经暂存兜底回图
[VisibleEnemy] 就绪：enemy_e2s2_a（编组 slime_01）巡逻点 2 个
[VisibleEnemy] 就绪：enemy_e2s2_b（编组 slime_02）巡逻点 2 个
[Player] 就绪：脚底原点 / 72px/s / 0.15s 转向缓冲 / FLOATING 运动模式 / 输入锁就位
[TempPlayerMount] 玩家已挂载 -> YSorted/Player @ (96.0, 320.0)（脚底）
[WhiteBoxMap] 装载完成：map_e2s2（显示色 (0.3, 0.25, 0.4, 1.0)）
[SceneRouter] 装载完成 -> res://tests/smoke/fixtures/map_e2s2.tscn
[SceneRouter] 受理切换 -> res://tests/smoke/fixtures/map_e2s2.tscn
[BattleResultHandler] DEFEAT 结算完成 -> 回图 res://tests/smoke/fixtures/map_e2s2.tscn（回置 (48.0, 60.0)）
[BattleResultHandler] 玩家回置 -> (48.0, 60.0)，免疫 0.5s 启动
* test_result自带字段优先于暂存
[VisibleEnemy] enemy_e2s2_a 已在击破集合，装载即移除（不复活）
[VisibleEnemy] 就绪：enemy_e2s2_b（编组 slime_02）巡逻点 2 个
[Player] 就绪：脚底原点 / 72px/s / 0.15s 转向缓冲 / FLOATING 运动模式 / 输入锁就位
[TempPlayerMount] 玩家已挂载 -> YSorted/Player @ (96.0, 320.0)（脚底）
[WhiteBoxMap] 装载完成：map_e2s2（显示色 (0.3, 0.25, 0.4, 1.0)）
[SceneRouter] 装载完成 -> res://tests/smoke/fixtures/map_e2s2.tscn
[SceneRouter] 受理切换 -> res://tests/smoke/fixtures/map_e2s2.tscn
[BattleResultHandler] VICTORY 结算完成 -> 回图 res://tests/smoke/fixtures/map_e2s2.tscn（回置 (100.0, 200.0)）
* test_无回图目标仅告警停留原地
* test_免疫启动与倒计时清零
[Player] 就绪：脚底原点 / 72px/s / 0.15s 转向缓冲 / FLOATING 运动模式 / 输入锁就位
* test_免疫期内敌人接触不发射_过期后恢复
[VisibleEnemy] 就绪：VisibleEnemy（编组 ）巡逻点 0 个
[Player] 就绪：脚底原点 / 72px/s / 0.15s 转向缓冲 / FLOATING 运动模式 / 输入锁就位
[VisibleEnemy] VisibleEnemy：玩家免疫中，接触放行
[SceneRouter] 拒绝切换：未找到常驻根 Main/World（Router 依赖 A4 结构；请从 res://scenes/main.tscn 启动）
[VisibleEnemy] VisibleEnemy 接触遇敌 -> （回置点 (400.0, 224.0)）
* test_免疫重复启动取大不缩短
[Player] 就绪：脚底原点 / 72px/s / 0.15s 转向缓冲 / FLOATING 运动模式 / 输入锁就位
* test_免疫查询不依赖方法存在性_普通节点安全
[VisibleEnemy] 就绪：VisibleEnemy（编组 ）巡逻点 0 个
[SceneRouter] 拒绝切换：未找到常驻根 Main/World（Router 依赖 A4 结构；请从 res://scenes/main.tscn 启动）
[VisibleEnemy] VisibleEnemy 接触遇敌 -> （回置点 (26.0, 10.0)）
[1m13/13 passed.
[0m[4m

res://tests/gut/test_sanity.gd
[0m* test_sanity_框架可用_一加一等于二
* test_sanity_四_autoload_可访问
* test_sanity_事件总线是节点
[1m3/3 passed.
[0m[4m

res://tests/gut/test_smk_migration.gd
[0m* test_smk01_四_autoload_注册生效
* test_smk02_六信号_声明齐全参数一致
* test_smk03_六信号_可_connect
* test_smk04_emit_参数原样送达
[SceneRouter] 拒绝切换：未找到常驻根 Main/World（Router 依赖 A4 结构；请从 res://scenes/main.tscn 启动）
* test_smk05_EventBus_无状态越界
* test_smk06_GameData_字段齐全且带类型标注
[1m6/6 passed.
[0m



[33m==============================================
[0m[33m= Run Summary
[0m[33m==============================================
[0m
Totals
------
Scripts               6
Tests                62
Passing Tests        62
Asserts             334
Time              6.021s


[32m---- All tests passed! ----
[0m
