Godot Engine v4.7.2.stable.official.ed1daf0bf - https://godotengine.org

[M5Demo] 启动：M5 收口自动演示（对话事件/Boss 锚点/I5 全序列，禁随机）
[M5Demo] 剧情中盘切入：story_phase=2（Boss 门闸 >=2 放行）
[M5Demo] 第 1 幕：装载 town（R2 初始场景）
[SceneRouter] 受理切换 -> res://scenes/maps/town.tscn
[Player] 就绪：脚底原点 / 72px/s / 0.15s 转向缓冲 / FLOATING 运动模式 / 输入锁就位
[SchemaValidator] 跳过非事件 schema 文件（顶层无 events 键）：res://data/json/events/chests.json
[SchemaValidator] 跳过非事件 schema 文件（顶层无 events 键）：res://data/json/events/investigates.json
[SchemaValidator] 跳过非事件 schema 文件（顶层无 events 键）：res://data/json/events/teleports.json
[EventLoader] 加载完成：10 文件 / 23 事件（失败 0）
[MapEvents] town 装配完成：宝箱 1 + 调查 6
[TeleportAssembler] town 装配完成：传送触发器 5 处
[TownMap] P0 开局锚点装配完成：Evt_P0_Opening → 事件 story_p0_intro（踩踏@(192.0, 640.0)）
[AutosaveNotifier] town 无存档意图（启动装载/同图传送），跳过写盘
[SceneRouter] 装载完成 -> res://scenes/maps/town.tscn
[EventExecutor] story_p0_intro 条件不满足，跳过
[TriggerEventShell] Evt_P0_Opening 已发射事件 story_p0_intro
[M5Demo][walk] 开始 -> (200.0, 640.0)（起点 (192.0, 640.0)）
[M5Demo][walk] 结束 -> (195.6, 640.0)（历时 0.0s stuck=0.00）
[M5Demo][walk] 开始 -> (200.0, 328.0)（起点 (195.6, 640.0)）
[M5Demo] 走位被阻挡，兜底直落 -> (200.0, 328.0)（碰撞链路日志可查）
[M5Demo][walk] 结束 -> (200.0, 328.0)（历时 1.2s stuck=0.52）
[M5Demo][walk] 开始 -> (312.0, 328.0)（起点 (200.0, 328.0)）
[M5Demo] 走位被阻挡，兜底直落 -> (312.0, 328.0)（碰撞链路日志可查）
[M5Demo][walk] 结束 -> (312.0, 328.0)（历时 0.7s stuck=0.52）
[M5Demo][walk] 开始 -> (312.0, 318.0)（起点 (312.0, 328.0)）
[M5Demo][walk] 结束 -> (312.0, 320.7999)（历时 0.1s stuck=0.00）
[M5Demo][walk] 开始 -> (488.0, 316.0)（起点 (312.0, 320.7999)）
[M5Demo][walk] 结束 -> (484.7358, 316.089)（历时 1.2s stuck=0.00）
[M5Demo] 朝向已设 -> (0.0, -1.0)（交互射线对准北面目标）
[DialogueRunner] 开演：dlg_npc_01_innkeeper_p12（3 条目）
[M5Demo] 交互注入（dispatch 直驱 npc_01_innkeeper_entity）：E5-S3 事件路径
[M5Demo] 对话已开演：npc_innkeeper 对话（耗时 0.0s）
[M5Demo] 补按注入（npc_innkeeper 按实际条数翻页收束 第 1 次）
[M5Demo] 补按注入（npc_innkeeper 按实际条数翻页收束 第 2 次）
[M5Demo] 补按注入（npc_innkeeper 按实际条数翻页收束 第 3 次）
[M5Demo] 补按注入（npc_innkeeper 按实际条数翻页收束 第 4 次）
[DialogueRunner] 对话结束：dlg_npc_01_innkeeper_p12 → IDLE
[M5Demo] 补按注入（npc_innkeeper 按实际条数翻页收束 第 5 次）
[M5Demo] npc_innkeeper 按实际条数翻页收束：经 5 次补按收束
[M5Demo] 对话已收束：npc_innkeeper 收束（耗时 0.0s）
[M5Demo] 第 2 幕：走向南门（触发区中心 (208.0, 760.0)）
[M5Demo][walk] 开始 -> (200.0, 328.0)（起点 (484.7358, 316.089)）
[M5Demo] 走位被阻挡，兜底直落 -> (200.0, 328.0)（碰撞链路日志可查）
[M5Demo][walk] 结束 -> (200.0, 328.0)（历时 2.2s stuck=0.52）
[M5Demo][walk] 开始 -> (200.0, 736.0)（起点 (200.0, 328.0)）
[M5Demo] 走位被阻挡，兜底直落 -> (200.0, 736.0)（碰撞链路日志可查）
[M5Demo][walk] 结束 -> (200.0, 736.0)（历时 0.9s stuck=0.52）
[M5Demo][walk] 开始 -> (208.0, 760.0)（起点 (200.0, 736.0)）
[SceneRouter] 受理切换 -> res://scenes/maps/road.tscn
[TriggerTeleport] 跨图传送 tp_town_to_road -> road（受理=true）
[M5Demo][walk] 结束 -> (206.8305, 756.4917)（历时 0.1s stuck=0.00）
[VisibleEnemy] 就绪：road_moth_01（编组 b1_moth）巡逻点 2 个 初始态 PATROL
[VisibleEnemy] 就绪：road_beetle_01（编组 b2_beetles）巡逻点 2 个 初始态 PATROL
[VisibleEnemy] 就绪：road_beetle_02（编组 b2_beetles）巡逻点 2 个 初始态 PATROL
[Player] 就绪：脚底原点 / 72px/s / 0.15s 转向缓冲 / FLOATING 运动模式 / 输入锁就位
[MapEvents] road 装配完成：宝箱 2 + 调查 3
[TeleportAssembler] road 装配完成：传送触发器 2 处
[SchemaValidator] 跳过非事件 schema 文件（顶层无 events 键）：res://data/json/events/chests.json
[SchemaValidator] 跳过非事件 schema 文件（顶层无 events 键）：res://data/json/events/investigates.json
[SchemaValidator] 跳过非事件 schema 文件（顶层无 events 键）：res://data/json/events/teleports.json
[EventLoader] 加载完成：10 文件 / 23 事件（失败 0）
[ChatPointAssembler] road 装配完成：聊天点 1 处
[SceneRouter] 装载完成 -> res://scenes/maps/road.tscn
[M5Demo] 期望日志：跨图落盘应已发生：[AutosaveNotifier] road + SaveManager 存档
[M5Demo] 第 3 幕：road 蛇形链（N0→H1→V1→H1b→V2→H2→V3），敌带全部避开
[M5Demo][walk] 开始 -> (384.0, 200.0)（起点 (384.0, 64.0)）
[M5Demo][walk] 结束 -> (384.0, 197.1997)（历时 0.9s stuck=0.00）
[M5Demo][walk] 开始 -> (696.0, 152.0)（起点 (384.0, 197.1997)）
[M5Demo][walk] 结束 -> (692.7784, 152.4667)（历时 2.2s stuck=0.00）
[M5Demo][walk] 开始 -> (696.0, 264.0)（起点 (692.7784, 152.4667)）
[M5Demo][walk] 结束 -> (695.8966, 260.4211)（历时 0.8s stuck=0.00）
[M5Demo][walk] 开始 -> (176.0, 280.0)（起点 (695.8966, 260.4211)）
[M5Demo] 走位被阻挡，兜底直落 -> (176.0, 280.0)（碰撞链路日志可查）
[M5Demo][walk] 结束 -> (176.0, 280.0)（历时 0.7s stuck=0.52）
[M5Demo][walk] 开始 -> (176.0, 344.0)（起点 (176.0, 280.0)）
[M5Demo][walk] 结束 -> (176.0, 340.0006)（历时 0.4s stuck=0.00）
[M5Demo][walk] 开始 -> (584.0, 440.0)（起点 (176.0, 340.0006)）
[M5Demo] 走位被阻挡，兜底直落 -> (584.0, 440.0)（碰撞链路日志可查）
[M5Demo][walk] 结束 -> (584.0, 440.0)（历时 0.6s stuck=0.52）
[M5Demo][walk] 开始 -> (584.0, 536.0)（起点 (584.0, 440.0)）
[EventExecutor] 对话运行器未注入，dialogue "party_chat_road_01" 跳过（party_chat_road_01）
[EventExecutor] set_flag chat_road_01_seen（flags={ "chat_road_01_seen": true }）
[TriggerEventShell] chat_point_chat_road_01 已发射事件 party_chat_road_01
[M5Demo][walk] 结束 -> (584.0, 531.2009)（历时 0.6s stuck=0.00）
[M5Demo][walk] 开始 -> (72.0, 592.0)（起点 (584.0, 531.2009)）
[M5Demo] 走位被阻挡，兜底直落 -> (72.0, 592.0)（碰撞链路日志可查）
[M5Demo][walk] 结束 -> (72.0, 592.0)（历时 0.7s stuck=0.52）
[M5Demo][walk] 开始 -> (72.0, 760.0)（起点 (72.0, 592.0)）
[M5Demo][walk] 结束 -> (72.0, 755.2017)（历时 1.1s stuck=0.00）
[M5Demo][walk] 开始 -> (216.0, 856.0)（起点 (72.0, 755.2017)）
[M5Demo][walk] 结束 -> (213.5649, 854.2955)（历时 1.2s stuck=0.00）
[M5Demo][walk] 开始 -> (696.0, 872.0)（起点 (213.5649, 854.2955)）
[M5Demo][walk] 结束 -> (693.2449, 871.8988)（历时 3.3s stuck=0.00）
[M5Demo][walk] 开始 -> (696.0, 984.0)（起点 (693.2449, 871.8988)）
[M5Demo][walk] 结束 -> (695.8983, 979.8669)（历时 0.8s stuck=0.00）
[M5Demo][walk] 开始 -> (384.0, 984.0)（起点 (695.8983, 979.8669)）
[M5Demo][walk] 结束 -> (388.7264, 983.9374)（历时 2.1s stuck=0.00）
[M5Demo][walk] 开始 -> (384.0, 1024.0)（起点 (388.7264, 983.9374)）
[SceneRouter] 受理切换 -> res://scenes/maps/ruins_f1.tscn
[TriggerTeleport] 跨图传送 tp_road_to_f1 -> ruins_f1（受理=true）
[M5Demo][walk] 结束 -> (384.5086, 1019.689)（历时 0.2s stuck=0.00）
[VisibleEnemy] 就绪：ruins_f1_salamander（编组 b3_ruin_mix）巡逻点 2 个 初始态 PATROL
[VisibleEnemy] 就绪：ruins_f1_crystal（编组 b3_ruin_mix）巡逻点 2 个 初始态 PATROL
[Player] 就绪：脚底原点 / 72px/s / 0.15s 转向缓冲 / FLOATING 运动模式 / 输入锁就位
[MapEvents] ruins_f1 装配完成：宝箱 3 + 调查 4
[TeleportAssembler] ruins_f1 装配完成：传送触发器 2 处
[SceneRouter] 装载完成 -> res://scenes/maps/ruins_f1.tscn
[M5Demo] 期望日志：road→f1 跨图应已触发：tp_road_to_f1
[M5Demo] 第 4 幕：f1 蛇形链北上，巡逻带 (20,22)/(36,25) 均在中央避开
[M5Demo][walk] 开始 -> (448.0, 168.0)（起点 (448.0, 56.0)）
[M5Demo][walk] 结束 -> (448.0, 165.1998)（历时 0.8s stuck=0.00）
[M5Demo][walk] 开始 -> (728.0, 168.0)（起点 (448.0, 165.1998)）
[M5Demo][walk] 结束 -> (723.9888, 167.9599)（历时 1.9s stuck=0.00）
[M5Demo][walk] 开始 -> (728.0, 416.0)（起点 (723.9888, 167.9599)）
[M5Demo] 走位被阻挡，兜底直落 -> (728.0, 416.0)（碰撞链路日志可查）
[M5Demo][walk] 结束 -> (728.0, 416.0)（历时 1.1s stuck=0.52）
[M5Demo][walk] 开始 -> (176.0, 416.0)（起点 (728.0, 416.0)）
[M5Demo][walk] 结束 -> (180.7954, 416.0)（历时 3.8s stuck=0.00）
[M5Demo][walk] 开始 -> (176.0, 560.0)（起点 (180.7954, 416.0)）
[M5Demo][walk] 结束 -> (176.1624, 555.1235)（历时 1.0s stuck=0.00）
[M5Demo][walk] 开始 -> (456.0, 632.0)（起点 (176.1624, 555.1235)）
[M5Demo][walk] 结束 -> (452.6266, 630.9329)（历时 2.0s stuck=0.00）
[M5Demo][walk] 开始 -> (448.0, 656.0)（起点 (452.6266, 630.9329)）
[M5Demo][walk] 结束 -> (448.7061, 652.1738)（历时 0.1s stuck=0.00）
[M5Demo][walk] 开始 -> (448.0, 696.0)（起点 (448.7061, 652.1738)）
[SceneRouter] 受理切换 -> res://scenes/maps/ruins_f2.tscn
[TriggerTeleport] 跨图传送 tp_f1_to_f2 -> ruins_f2（受理=true）
[M5Demo][walk] 结束 -> (448.0488, 692.968)（历时 0.3s stuck=0.00）
[VisibleEnemy] 就绪：ruins_f2_guardian（编组 b4_guardian）巡逻点 0 个 初始态 GUARD
[Player] 就绪：脚底原点 / 72px/s / 0.15s 转向缓冲 / FLOATING 运动模式 / 输入锁就位
[MapEvents] ruins_f2 装配完成：宝箱 2 + 调查 3
[TeleportAssembler] ruins_f2 装配完成：传送触发器 2 处
[SchemaValidator] 跳过非事件 schema 文件（顶层无 events 键）：res://data/json/events/chests.json
[SchemaValidator] 跳过非事件 schema 文件（顶层无 events 键）：res://data/json/events/investigates.json
[SchemaValidator] 跳过非事件 schema 文件（顶层无 events 键）：res://data/json/events/teleports.json
[EventLoader] 加载完成：10 文件 / 23 事件（失败 0）
[ChatPointAssembler] ruins_f2 装配完成：聊天点 1 处
[SceneRouter] 装载完成 -> res://scenes/maps/ruins_f2.tscn
[M5Demo] 期望日志：f1→f2 跨图应已触发：tp_f1_to_f2
[M5Demo] 第 5 幕：f2 蛇形链北上（B4 定守 (23,24) 正中，横道走南侧 y=28）
[M5Demo][walk] 开始 -> (384.0, 168.0)（起点 (384.0, 40.0)）
[EventExecutor] 对话运行器未注入，dialogue "party_chat_f2_01" 跳过（party_chat_f2_01）
[EventExecutor] set_flag chat_f2_01_seen（flags={ "chat_road_01_seen": true, "chat_f2_01_seen": true }）
[TriggerEventShell] chat_point_chat_f2_01 已发射事件 party_chat_f2_01
[M5Demo][walk] 结束 -> (384.0, 163.5998)（历时 0.9s stuck=0.00）
[M5Demo][walk] 开始 -> (664.0, 168.0)（起点 (384.0, 163.5998)）
[M5Demo][walk] 结束 -> (659.9639, 167.9366)（历时 1.9s stuck=0.00）
[M5Demo][walk] 开始 -> (664.0, 448.0)（起点 (659.9639, 167.9366)）
[M5Demo] 走位被阻挡，兜底直落 -> (664.0, 448.0)（碰撞链路日志可查）
[M5Demo][walk] 结束 -> (664.0, 448.0)（历时 1.3s stuck=0.52）
[M5Demo][walk] 开始 -> (112.0, 448.0)（起点 (664.0, 448.0)）
[M5Demo][walk] 结束 -> (116.7962, 448.0)（历时 3.8s stuck=0.00）
[M5Demo][walk] 开始 -> (112.0, 560.0)（起点 (116.7962, 448.0)）
[M5Demo][walk] 结束 -> (112.1755, 555.9022)（历时 0.8s stuck=0.00）
[M5Demo][walk] 开始 -> (176.0, 608.0)（起点 (112.1755, 555.9022)）
[M5Demo][walk] 结束 -> (172.5004, 605.333)（历时 0.6s stuck=0.00）
[M5Demo][walk] 开始 -> (384.0, 664.0)（起点 (172.5004, 605.333)）
[M5Demo][walk] 结束 -> (380.6418, 663.0685)（历时 1.5s stuck=0.00）
[M5Demo][walk] 开始 -> (384.0, 760.0)（起点 (380.6418, 663.0685)）
[SceneRouter] 受理切换 -> res://scenes/maps/ruins_f3.tscn
[TriggerTeleport] 跨图传送 tp_f2_to_f3 -> ruins_f3（受理=true）
[M5Demo][walk] 结束 -> (383.8826, 756.6123)（历时 0.7s stuck=0.00）
[Player] 就绪：脚底原点 / 72px/s / 0.15s 转向缓冲 / FLOATING 运动模式 / 输入锁就位
[MapEvents] ruins_f3 装配完成：宝箱 1 + 调查 2
[TeleportAssembler] ruins_f3 装配完成：传送触发器 1 处
[SchemaValidator] 跳过非事件 schema 文件（顶层无 events 键）：res://data/json/events/chests.json
[SchemaValidator] 跳过非事件 schema 文件（顶层无 events 键）：res://data/json/events/investigates.json
[SchemaValidator] 跳过非事件 schema 文件（顶层无 events 键）：res://data/json/events/teleports.json
[EventLoader] 加载完成：10 文件 / 23 事件（失败 0）
[RuinsF3Map] Boss 锚点装配完成：story_boss_pre（交互键，事件 story_boss_pre）
[SceneRouter] 装载完成 -> res://scenes/maps/ruins_f3.tscn
[M5Demo] 期望日志：f2→f3 跨图应已触发：tp_f2_to_f3
[M5Demo] 第 6 幕：走向棺前锚点 (312,552)，面南交互（石棺在 +y 方向）
[M5Demo][walk] 开始 -> (320.0, 120.0)（起点 (320.0, 40.0)）
[M5Demo][walk] 结束 -> (320.0, 115.5999)（历时 0.5s stuck=0.00）
[M5Demo][walk] 开始 -> (544.0, 120.0)（起点 (320.0, 115.5999)）
[M5Demo] 走位被阻挡，兜底直落 -> (544.0, 120.0)（碰撞链路日志可查）
[M5Demo][walk] 结束 -> (544.0, 120.0)（历时 0.6s stuck=0.52）
[M5Demo][walk] 开始 -> (544.0, 296.0)（起点 (544.0, 120.0)）
[M5Demo][walk] 结束 -> (544.0, 292.8)（历时 1.2s stuck=0.00）
[M5Demo][walk] 开始 -> (176.0, 384.0)（起点 (544.0, 292.8)）
[M5Demo][walk] 结束 -> (180.5927, 382.8618)（历时 2.6s stuck=0.00）
[M5Demo][walk] 开始 -> (176.0, 480.0)（起点 (180.5927, 382.8618)）
[M5Demo][walk] 结束 -> (176.1722, 476.3581)（历时 0.7s stuck=0.00）
[M5Demo][walk] 开始 -> (240.0, 512.0)（起点 (176.1722, 476.3581)）
[M5Demo][walk] 结束 -> (236.9396, 510.2911)（历时 0.5s stuck=0.00）
[M5Demo][walk] 开始 -> (312.0, 552.0)（起点 (236.9396, 510.2911)）
[M5Demo][walk] 结束 -> (308.268, 549.9263)（历时 0.6s stuck=0.00）
[M5Demo] 朝向已设 -> (0.0, 1.0)（交互射线对准北面目标）
Godot_v4.7.2-stable_win64_console.exe : WARNING: [SchemaValidator] 条目 start 文本 66 字（>60，渲染层折行）：res://data/json/dialogue
s/story_p3_boss_front.json
At line:15 char:1033
+ ... pgrep\bin'; & "C:\Users\weixufeng\AppData\Local\Microsoft\WinGet\Pack ...
+                 ~~~~~~~~~~~~~~~~~~~~~~~~~~~~~~~~~~~~~~~~~~~~~~~~~~~~~~~~~
    + CategoryInfo          : NotSpecified: (WARNING: [Schem...boss_front.json:String) [], RemoteException
    + FullyQualifiedErrorId : NativeCommandError
 
   at: push_warning (core/variant/variant_utility.cpp:1033)
   GDScript backtrace (most recent call first):
       [0] validate_dialogue_entries (res://scripts/dialogue/schema_validator.gd:123)
       [1] load_dialogue_script (res://scripts/dialogue/schema_validator.gd:82)
       [2] _load_dialogue_entries (res://scripts/dialogue/dialogue_runner.gd:224)
       [3] start_dialogue (res://scripts/dialogue/dialogue_runner.gd:176)
       [4] _start_dialogue (res://scripts/events/event_executor.gd:198)
       [5] _execute_action (res://scripts/events/event_executor.gd:142)
       [6] execute_event (res://scripts/events/event_executor.gd:91)
       [7] _emit_event (res://scripts/events/trigger_event_shell.gd:80)
       [8] on_interact (res://scripts/events/trigger_event_shell.gd:56)
       [9] _interact_with_npc (res://evidence/_m5_auto_demo.gd:410)
       [10] _run (res://evidence/_m5_auto_demo.gd:236)
       [11] _sleep (res://evidence/_m5_auto_demo.gd:302)
[DialogueRunner] 开演：story_p3_boss_front（2 条目）
[SceneRouter] 事件战斗载荷经桥转发处理，本端跳过（防双切换竞态）
[SceneRouter] 受理切换 -> res://scenes/battle/battle.tscn
[BattleEventBridge] 事件战斗转发：group=b5_core 回程 res://scenes/maps/ruins_f3.tscn @ (320.0, 576.0)（胜利续行待 battle_finished）
[EventExecutor] battle b5_core（story_boss_pre）：payload 已发，事件流自下标 2 起挂起（胜利续行段 3 动作）
[TriggerEventShell] boss_anchor_Boss_ruins_f3_trigger_01 已发射事件 story_boss_pre
[M5Demo] 交互注入（on_interact 直驱 Evt_Boss_ruins_f3_trigger_01）：A7 薄壳协议
[M5Demo] 对话已开演：story_p3_boss_front 战前拍（耗时 0.0s）
[DialogueRunner] 强制收束（读档安全，边缘 5）：弃 story_p3_boss_front → IDLE
[BattleScene] 就绪：编组=b5_core 回图=res://scenes/maps/ruins_f3.tscn 队伍=3 人
[SceneRouter] 装载完成 -> res://scenes/battle/battle.tscn
[M5Demo] 翻页注入（runner 直驱）
[M5Demo] 翻页注入（runner 直驱）
[M5Demo] 战斗挂起就绪：executor 暂停 + 桥转发受理（耗时 0.0s，暂存回程=res://scenes/maps/ruins_f3.tscn @ (320.0, 576.0)）
[M5Demo] 第 7 幕：切 _m5_battle_host（真实 BattleCommand+UI，VICTORY 剧本）
[SceneRouter] 受理切换 -> res://evidence/_m5_battle_host.tscn
[M5Demo][BattleHost] 就绪：编组=b5_core（真实 BattleCommand+BattleUI，VICTORY 教学剧本）
[SceneRouter] 装载完成 -> res://evidence/_m5_battle_host.tscn
[M5Demo] R1 凯尔 行动：技能 heavy_slash → 槽位 0
[M5Demo] R1 莫娜 行动：技能 group_heal → 槽位 -1
[M5Demo] R1 莉娜 行动：技能 fireball → 槽位 0
[M5Demo] R1 核心 行动（AI roll=0.55 → 蓄力/释放拍）
[M5Demo] R2 凯尔 行动：技能 heavy_slash → 槽位 0
[M5Demo] R2 莫娜 行动：防御（蓄力应对教学拍）
[M5Demo] R2 莉娜 行动：技能 fireball → 槽位 0
[M5Demo] R2 核心 行动（AI roll=0.55 → 蓄力/释放拍）
[M5Demo] R3 凯尔 行动：技能 heavy_slash → 槽位 0
[M5Demo] R3 莫娜 行动：技能 group_heal → 槽位 -1
[M5Demo] R3 莉娜 行动：技能 fireball → 槽位 0
[M5Demo] R3 核心 行动（AI roll=0.55 → 蓄力/释放拍）
[M5Demo] R4 凯尔 行动：技能 heavy_slash → 槽位 0
[M5Demo] R4 莫娜 行动：防御（蓄力应对教学拍）
[M5Demo] R4 莉娜 行动：技能 fireball → 槽位 0
[M5Demo] R4 核心 行动（AI roll=0.55 → 蓄力/释放拍）
[M5Demo] R5 凯尔 行动：技能 heavy_slash → 槽位 0
[M5Demo] R5 莫娜 行动：技能 group_heal → 槽位 -1
[M5Demo] R5 莉娜 行动：技能 fireball → 槽位 0
[M5Demo] 结局 -> VICTORY（结算画面展示 4.0s，揭示中=false，待弹 0 行）
[M5Demo] 出战黑屏（play_outro 0.5s）
[M5Demo] 发 battle_finished(VICTORY) → 桥消费 → resolve_victory 续行战后段
[BattleResultHandler] 掉落入包 potion_l x1（背包 { "potion_l": 1 }）
[SceneRouter] 受理切换 -> res://scenes/maps/ruins_f3.tscn
[BattleResultHandler] VICTORY 结算完成 -> 回图 res://scenes/maps/ruins_f3.tscn（回置 (320.0, 576.0)）
[BattleEventBridge] VICTORY：恢复事件流 → 战后续行段
[EventExecutor] 胜利续行 story_boss_pre：自下标 2 / 共 5 动作
[DialogueRunner] 开演：story_p3_finale（2 条目）
[EventExecutor] set_story_phase -> 3（story_boss_pre）
[EventExecutor] save_point：已发存档请求（story_boss_pre）
[Player] 就绪：脚底原点 / 72px/s / 0.15s 转向缓冲 / FLOATING 运动模式 / 输入锁就位
[MapEvents] ruins_f3 装配完成：宝箱 1 + 调查 2
[TeleportAssembler] ruins_f3 装配完成：传送触发器 1 处
[SchemaValidator] 跳过非事件 schema 文件（顶层无 events 键）：res://data/json/events/chests.json
[SchemaValidator] 跳过非事件 schema 文件（顶层无 events 键）：res://data/json/events/investigates.json
[SchemaValidator] 跳过非事件 schema 文件（顶层无 events 键）：res://data/json/events/teleports.json
[EventLoader] 加载完成：10 文件 / 23 事件（失败 0）
[RuinsF3Map] Boss 锚点装配完成：story_boss_pre（交互键，事件 story_boss_pre）
[SceneRouter] 装载完成 -> res://scenes/maps/ruins_f3.tscn
[BattleResultHandler] 玩家回置 -> (320.0, 576.0)，免疫 0.5s 启动
[M5Demo] 期望日志：胜利续行应已发生：桥 VICTORY → resolve_victory → 战后段
[M5Demo] 第 8 幕：战后台词 + set_story_phase(3) + save_point
[M5Demo] 对话已开演：story_p3_finale 战后拍（耗时 0.0s）
[M5Demo] 翻页注入（runner 直驱）
[M5Demo] 翻页注入（runner 直驱）
[DialogueRunner] 对话结束：story_p3_finale → IDLE
[M5Demo] 补按注入（story_p3_finale 补按收束 第 1 次）
[M5Demo] story_p3_finale 补按收束：经 1 次补按收束
[M5Demo] 对话已收束：story_p3_finale 收束（耗时 0.0s）
[M5Demo] 终态验证：story_phase=3（预期 3）
[M5Demo] 存档指纹：map=ruins_f3 position=[320.0, 40.0] story_phase=3（预期 ruins_f3 / 入图落位 (320,40) / 3）
[M5Demo] 终态验证 PASS：I5 全序列（battle→续行→phase3→save_point）落地
[M5Demo] 收尾清理 demo 存档：user://save_m5_demo.json
[M5Demo] 自动退出（Movie Maker 收尾写盘）
